Namespace(batch_size=256, epochs=100, bce_loss=False, unscale_lr=False, few_shot=8, model='cast_small', input_size=224, drop=0.0, drop_path=0.1, model_ema=True, model_ema_decay=0.99996, model_ema_force_cpu=False, num_superpixels=196, opt='adamw', opt_eps=1e-08, opt_betas=None, clip_grad=None, momentum=0.9, weight_decay=0.05, sched='cosine', lr=0.0005, lr_noise=None, lr_noise_pct=0.67, lr_noise_std=1.0, warmup_lr=1e-06, min_lr=1e-05, decay_epochs=30, warmup_epochs=5, cooldown_epochs=10, patience_epochs=10, decay_rate=0.1, color_jitter=0.3, aa='rand-m9-mstd0.5-inc1', smoothing=0.1, train_interpolation='bicubic', repeated_aug=True, train_mode=True, ThreeAugment=False, src=False, reprob=0.25, remode='pixel', recount=1, resplit=False, mixup=0.8, cutmix=1.0, cutmix_minmax=None, mixup_prob=1.0, mixup_switch_prob=0.5, mixup_mode='batch', teacher_model='regnety_160', teacher_path='', distillation_type='none', distillation_alpha=0.5, distillation_tau=1.0, cosub=False, finetune='best_checkpoint.pth', attn_only=False, data_path='../dataset/', data_set='INAT21-MINI-HIER-SUPERPIXEL', path_yn=False, inat_category='name', output_dir='./output/few_shot/eight/', device='cuda', seed=0, resume='', start_epoch=0, eval=False, eval_crop_ratio=0.875, dist_eval=False, num_workers=12, pin_mem=True, distributed=True, world_size=1, dist_url='env://', globalkl=True, ot_loss=False, learnable_ot=False, ot_weight=1, base_weight=1, globalbce=False, gk_weight=0.5, filename='results.csv', breeds_sort='entity13', random_seed=1, local_rank=-1, tree_path='./tree.json', label_weight=[1, 2, 3])
| distributed init (rank 0): env://
seed 0
args.nb_classes [10000, 1103, 273]
Creating model: cast_small
dict_keys(['model', 'optimizer', 'lr_scheduler', 'epoch', 'model_ema', 'scaler', 'args'])
Removing key head.weight from pretrained checkpoint
Removing key head.bias from pretrained checkpoint
number of params: 30556704
Start training for 100 epochs
Do not use OT loss
Epoch: [0]  [  0/312]  eta: 0:59:02  lr: 0.000001  sp_loss: 9.2592 (9.2592)  fam_loss: 7.0875 (7.0875)  manu_loss: 5.6150 (5.6150)  gk_loss: 6.6072 (6.6072)  time: 11.3526  data: 8.3834  max mem: 10476
Epoch: [0]  [250/312]  eta: 0:00:32  lr: 0.000001  sp_loss: 9.2578 (9.2675)  fam_loss: 7.0219 (7.0554)  manu_loss: 5.4172 (5.5251)  gk_loss: 6.6770 (6.7334)  time: 0.3780  data: 0.1342  max mem: 10886
Epoch: [0]  [311/312]  eta: 0:00:00  lr: 0.000001  sp_loss: 9.2683 (9.2684)  fam_loss: 6.9835 (7.0452)  manu_loss: 5.3694 (5.4962)  gk_loss: 6.6844 (6.7287)  time: 0.3560  data: 0.1186  max mem: 10888
Epoch: [0] Total time: 0:02:40 (0.5145 s / it)
Averaged stats: lr: 0.000001  sp_loss: 9.2683 (9.2684)  fam_loss: 6.9835 (7.0452)  manu_loss: 5.3694 (5.4962)  gk_loss: 6.6844 (6.7287)
Do not use OT loss
Epoch: [1]  [  0/312]  eta: 0:38:42  lr: 0.000001  sp_loss: 9.3688 (9.3688)  fam_loss: 7.0872 (7.0872)  manu_loss: 5.3345 (5.3345)  gk_loss: 6.5589 (6.5589)  time: 7.4430  data: 7.1319  max mem: 10888
Epoch: [1]  [250/312]  eta: 0:00:33  lr: 0.000001  sp_loss: 9.2711 (9.2623)  fam_loss: 6.8891 (6.9507)  manu_loss: 4.9660 (5.1691)  gk_loss: 6.3832 (6.5725)  time: 0.4039  data: 0.1598  max mem: 10888
Epoch: [1]  [311/312]  eta: 0:00:00  lr: 0.000001  sp_loss: 9.2502 (9.2618)  fam_loss: 6.8871 (6.9383)  manu_loss: 4.9530 (5.1247)  gk_loss: 6.3632 (6.5463)  time: 0.4041  data: 0.1729  max mem: 10888
Epoch: [1] Total time: 0:02:45 (0.5312 s / it)
Averaged stats: lr: 0.000001  sp_loss: 9.2502 (9.2618)  fam_loss: 6.8871 (6.9383)  manu_loss: 4.9530 (5.1247)  gk_loss: 6.3632 (6.5463)
Do not use OT loss
Epoch: [2]  [  0/312]  eta: 0:36:14  lr: 0.000051  sp_loss: 9.2331 (9.2331)  fam_loss: 6.8943 (6.8943)  manu_loss: 4.8788 (4.8788)  gk_loss: 6.3146 (6.3146)  time: 6.9697  data: 6.6995  max mem: 10888
Epoch: [2]  [250/312]  eta: 0:00:32  lr: 0.000051  sp_loss: 9.2382 (9.2436)  fam_loss: 5.4345 (5.8076)  manu_loss: 3.5354 (3.9553)  gk_loss: 5.1006 (5.5123)  time: 0.4174  data: 0.1682  max mem: 10888
Epoch: [2]  [311/312]  eta: 0:00:00  lr: 0.000051  sp_loss: 9.2454 (9.2427)  fam_loss: 5.3829 (5.7274)  manu_loss: 3.5700 (3.8801)  gk_loss: 4.9945 (5.4251)  time: 0.3577  data: 0.1253  max mem: 10888
Epoch: [2] Total time: 0:02:42 (0.5208 s / it)
Averaged stats: lr: 0.000051  sp_loss: 9.2454 (9.2427)  fam_loss: 5.3829 (5.7274)  manu_loss: 3.5700 (3.8801)  gk_loss: 4.9945 (5.4251)
Do not use OT loss
Epoch: [3]  [  0/312]  eta: 0:38:43  lr: 0.000101  sp_loss: 9.2190 (9.2190)  fam_loss: 5.5247 (5.5247)  manu_loss: 3.6682 (3.6682)  gk_loss: 4.9314 (4.9314)  time: 7.4482  data: 7.1214  max mem: 10888
Epoch: [3]  [250/312]  eta: 0:00:33  lr: 0.000101  sp_loss: 9.1935 (9.2132)  fam_loss: 5.2632 (5.1867)  manu_loss: 3.5851 (3.4855)  gk_loss: 4.6289 (4.7966)  time: 0.4113  data: 0.1667  max mem: 10888
Epoch: [3]  [311/312]  eta: 0:00:00  lr: 0.000101  sp_loss: 9.1743 (9.2057)  fam_loss: 4.9579 (5.1418)  manu_loss: 3.3462 (3.4556)  gk_loss: 4.5217 (4.7481)  time: 0.3558  data: 0.1228  max mem: 10888
Epoch: [3] Total time: 0:02:44 (0.5259 s / it)
Averaged stats: lr: 0.000101  sp_loss: 9.1743 (9.2057)  fam_loss: 4.9579 (5.1418)  manu_loss: 3.3462 (3.4556)  gk_loss: 4.5217 (4.7481)
Do not use OT loss
Epoch: [4]  [  0/312]  eta: 0:35:45  lr: 0.000150  sp_loss: 9.0304 (9.0304)  fam_loss: 4.3197 (4.3197)  manu_loss: 2.7405 (2.7405)  gk_loss: 4.4841 (4.4841)  time: 6.8775  data: 6.5893  max mem: 10888
Epoch: [4]  [250/312]  eta: 0:00:32  lr: 0.000150  sp_loss: 8.8796 (9.0396)  fam_loss: 4.6096 (4.9018)  manu_loss: 3.1895 (3.3487)  gk_loss: 4.2937 (4.4131)  time: 0.4182  data: 0.1709  max mem: 10888
Epoch: [4]  [311/312]  eta: 0:00:00  lr: 0.000150  sp_loss: 8.8900 (9.0166)  fam_loss: 4.6916 (4.8890)  manu_loss: 3.2924 (3.3419)  gk_loss: 4.2671 (4.3901)  time: 0.3745  data: 0.1438  max mem: 10888
Epoch: [4] Total time: 0:02:40 (0.5156 s / it)
Averaged stats: lr: 0.000150  sp_loss: 8.8900 (9.0166)  fam_loss: 4.6916 (4.8890)  manu_loss: 3.2924 (3.3419)  gk_loss: 4.2671 (4.3901)
Do not use OT loss
Epoch: [5]  [  0/312]  eta: 0:31:26  lr: 0.000200  sp_loss: 8.6145 (8.6145)  fam_loss: 4.1992 (4.1992)  manu_loss: 2.6283 (2.6283)  gk_loss: 4.1954 (4.1954)  time: 6.0470  data: 5.7624  max mem: 10888
Epoch: [5]  [250/312]  eta: 0:00:28  lr: 0.000200  sp_loss: 8.6001 (8.6608)  fam_loss: 4.8387 (4.7589)  manu_loss: 3.3579 (3.2688)  gk_loss: 4.1135 (4.1695)  time: 0.4462  data: 0.2019  max mem: 10888
Epoch: [5]  [311/312]  eta: 0:00:00  lr: 0.000200  sp_loss: 8.5072 (8.6280)  fam_loss: 4.6730 (4.7452)  manu_loss: 3.2514 (3.2643)  gk_loss: 4.0695 (4.1522)  time: 0.3169  data: 0.0893  max mem: 10888
Epoch: [5] Total time: 0:02:20 (0.4517 s / it)
Averaged stats: lr: 0.000200  sp_loss: 8.5072 (8.6280)  fam_loss: 4.6730 (4.7452)  manu_loss: 3.2514 (3.2643)  gk_loss: 4.0695 (4.1522)
Do not use OT loss
Epoch: [6]  [  0/312]  eta: 0:32:51  lr: 0.000249  sp_loss: 8.6125 (8.6125)  fam_loss: 5.1576 (5.1576)  manu_loss: 3.7906 (3.7906)  gk_loss: 4.2943 (4.2943)  time: 6.3182  data: 6.0563  max mem: 10888
Epoch: [6]  [250/312]  eta: 0:00:30  lr: 0.000249  sp_loss: 8.2598 (8.2288)  fam_loss: 4.7872 (4.6555)  manu_loss: 3.2663 (3.2390)  gk_loss: 3.9649 (3.9766)  time: 0.5362  data: 0.2844  max mem: 10888
Epoch: [6]  [311/312]  eta: 0:00:00  lr: 0.000249  sp_loss: 8.1165 (8.2229)  fam_loss: 4.6248 (4.6661)  manu_loss: 3.2418 (3.2491)  gk_loss: 3.9000 (3.9731)  time: 0.3140  data: 0.0880  max mem: 10888
Epoch: [6] Total time: 0:02:29 (0.4777 s / it)
Averaged stats: lr: 0.000249  sp_loss: 8.1165 (8.2229)  fam_loss: 4.6248 (4.6661)  manu_loss: 3.2418 (3.2491)  gk_loss: 3.9000 (3.9731)
Do not use OT loss
Epoch: [7]  [  0/312]  eta: 0:39:42  lr: 0.000248  sp_loss: 8.1291 (8.1291)  fam_loss: 4.7891 (4.7891)  manu_loss: 3.4326 (3.4326)  gk_loss: 3.8699 (3.8699)  time: 7.6378  data: 7.3570  max mem: 10888
Epoch: [7]  [250/312]  eta: 0:00:32  lr: 0.000248  sp_loss: 7.8952 (7.8419)  fam_loss: 4.5060 (4.5246)  manu_loss: 3.1191 (3.1705)  gk_loss: 3.7076 (3.7711)  time: 0.4975  data: 0.2551  max mem: 10888
Epoch: [7]  [311/312]  eta: 0:00:00  lr: 0.000248  sp_loss: 7.7110 (7.8255)  fam_loss: 4.5424 (4.5244)  manu_loss: 3.2126 (3.1694)  gk_loss: 3.7189 (3.7614)  time: 0.4703  data: 0.2287  max mem: 10888
Epoch: [7] Total time: 0:02:41 (0.5180 s / it)
Averaged stats: lr: 0.000248  sp_loss: 7.7110 (7.8255)  fam_loss: 4.5424 (4.5244)  manu_loss: 3.2126 (3.1694)  gk_loss: 3.7189 (3.7614)
Do not use OT loss
Epoch: [8]  [  0/312]  eta: 0:39:50  lr: 0.000247  sp_loss: 7.2307 (7.2307)  fam_loss: 3.9555 (3.9555)  manu_loss: 2.6968 (2.6968)  gk_loss: 3.3442 (3.3442)  time: 7.6624  data: 7.3772  max mem: 10888
Epoch: [8]  [250/312]  eta: 0:00:31  lr: 0.000247  sp_loss: 7.3815 (7.6344)  fam_loss: 4.3827 (4.5183)  manu_loss: 3.0930 (3.1848)  gk_loss: 3.5632 (3.6591)  time: 0.3340  data: 0.0985  max mem: 10891
Epoch: [8]  [311/312]  eta: 0:00:00  lr: 0.000247  sp_loss: 7.5987 (7.5994)  fam_loss: 4.4424 (4.5013)  manu_loss: 3.0650 (3.1707)  gk_loss: 3.5373 (3.6447)  time: 0.3191  data: 0.0912  max mem: 10891
Epoch: [8] Total time: 0:02:30 (0.4815 s / it)
Averaged stats: lr: 0.000247  sp_loss: 7.5987 (7.5994)  fam_loss: 4.4424 (4.5013)  manu_loss: 3.0650 (3.1707)  gk_loss: 3.5373 (3.6447)
Do not use OT loss
Epoch: [9]  [  0/312]  eta: 0:41:36  lr: 0.000246  sp_loss: 7.5192 (7.5192)  fam_loss: 4.4122 (4.4122)  manu_loss: 3.1386 (3.1386)  gk_loss: 3.4852 (3.4852)  time: 8.0017  data: 7.7276  max mem: 10891
Epoch: [9]  [250/312]  eta: 0:00:33  lr: 0.000246  sp_loss: 7.4603 (7.2577)  fam_loss: 4.4537 (4.3530)  manu_loss: 2.9717 (3.0763)  gk_loss: 3.4176 (3.4785)  time: 0.4182  data: 0.1720  max mem: 10891
Epoch: [9]  [311/312]  eta: 0:00:00  lr: 0.000246  sp_loss: 7.2993 (7.2542)  fam_loss: 4.3745 (4.3476)  manu_loss: 3.0826 (3.0754)  gk_loss: 3.4888 (3.4735)  time: 0.3364  data: 0.1051  max mem: 10891
Epoch: [9] Total time: 0:02:44 (0.5272 s / it)
Averaged stats: lr: 0.000246  sp_loss: 7.2993 (7.2542)  fam_loss: 4.3745 (4.3476)  manu_loss: 3.0826 (3.0754)  gk_loss: 3.4888 (3.4735)
Do not use OT loss
Epoch: [10]  [  0/312]  eta: 0:33:44  lr: 0.000245  sp_loss: 6.8775 (6.8775)  fam_loss: 4.2097 (4.2097)  manu_loss: 2.9874 (2.9874)  gk_loss: 3.2611 (3.2611)  time: 6.4897  data: 6.2197  max mem: 10891
Epoch: [10]  [250/312]  eta: 0:00:32  lr: 0.000245  sp_loss: 7.2317 (7.0798)  fam_loss: 4.3402 (4.3000)  manu_loss: 3.0035 (3.0506)  gk_loss: 3.3707 (3.3811)  time: 0.3934  data: 0.1447  max mem: 10891
Epoch: [10]  [311/312]  eta: 0:00:00  lr: 0.000245  sp_loss: 7.0838 (7.0803)  fam_loss: 4.4226 (4.3036)  manu_loss: 3.0324 (3.0546)  gk_loss: 3.4486 (3.3820)  time: 0.3743  data: 0.1392  max mem: 10891
Epoch: [10] Total time: 0:02:41 (0.5168 s / it)
Averaged stats: lr: 0.000245  sp_loss: 7.0838 (7.0803)  fam_loss: 4.4226 (4.3036)  manu_loss: 3.0324 (3.0546)  gk_loss: 3.4486 (3.3820)
Do not use OT loss
Epoch: [11]  [  0/312]  eta: 0:35:56  lr: 0.000244  sp_loss: 7.3256 (7.3256)  fam_loss: 4.6575 (4.6575)  manu_loss: 3.2682 (3.2682)  gk_loss: 3.4545 (3.4545)  time: 6.9125  data: 6.6402  max mem: 10891
Epoch: [11]  [250/312]  eta: 0:00:32  lr: 0.000244  sp_loss: 7.2060 (6.9117)  fam_loss: 4.4496 (4.2715)  manu_loss: 3.1308 (3.0406)  gk_loss: 3.4103 (3.3009)  time: 0.4653  data: 0.2173  max mem: 10891
Epoch: [11]  [311/312]  eta: 0:00:00  lr: 0.000244  sp_loss: 7.3329 (6.9279)  fam_loss: 4.4784 (4.2743)  manu_loss: 3.1734 (3.0440)  gk_loss: 3.3922 (3.3043)  time: 0.3387  data: 0.1060  max mem: 10891
Epoch: [11] Total time: 0:02:42 (0.5215 s / it)
Averaged stats: lr: 0.000244  sp_loss: 7.3329 (6.9279)  fam_loss: 4.4784 (4.2743)  manu_loss: 3.1734 (3.0440)  gk_loss: 3.3922 (3.3043)
Do not use OT loss
Epoch: [12]  [  0/312]  eta: 0:37:16  lr: 0.000243  sp_loss: 6.9136 (6.9136)  fam_loss: 4.0812 (4.0812)  manu_loss: 2.9437 (2.9437)  gk_loss: 3.1220 (3.1220)  time: 7.1668  data: 6.8777  max mem: 10891
Epoch: [12]  [250/312]  eta: 0:00:33  lr: 0.000243  sp_loss: 7.0536 (6.7289)  fam_loss: 4.3180 (4.1861)  manu_loss: 3.0955 (2.9901)  gk_loss: 3.2920 (3.2102)  time: 0.4231  data: 0.1746  max mem: 10891
Epoch: [12]  [311/312]  eta: 0:00:00  lr: 0.000243  sp_loss: 7.2807 (6.7674)  fam_loss: 4.4926 (4.2062)  manu_loss: 3.1879 (3.0016)  gk_loss: 3.4161 (3.2251)  time: 0.3300  data: 0.1010  max mem: 10891
Epoch: [12] Total time: 0:02:44 (0.5276 s / it)
Averaged stats: lr: 0.000243  sp_loss: 7.2807 (6.7674)  fam_loss: 4.4926 (4.2062)  manu_loss: 3.1879 (3.0016)  gk_loss: 3.4161 (3.2251)
Do not use OT loss
Epoch: [13]  [  0/312]  eta: 0:35:59  lr: 0.000242  sp_loss: 7.1134 (7.1134)  fam_loss: 4.2090 (4.2090)  manu_loss: 3.1879 (3.1879)  gk_loss: 3.2556 (3.2556)  time: 6.9212  data: 6.6343  max mem: 10891
Epoch: [13]  [250/312]  eta: 0:00:32  lr: 0.000242  sp_loss: 6.3629 (6.5137)  fam_loss: 4.0471 (4.0855)  manu_loss: 2.8946 (2.9356)  gk_loss: 3.0465 (3.0980)  time: 0.4818  data: 0.2382  max mem: 10891
Epoch: [13]  [311/312]  eta: 0:00:00  lr: 0.000242  sp_loss: 6.9893 (6.5433)  fam_loss: 4.3256 (4.0961)  manu_loss: 2.9796 (2.9381)  gk_loss: 3.2263 (3.1069)  time: 0.3797  data: 0.1468  max mem: 10891
Epoch: [13] Total time: 0:02:41 (0.5184 s / it)
Averaged stats: lr: 0.000242  sp_loss: 6.9893 (6.5433)  fam_loss: 4.3256 (4.0961)  manu_loss: 2.9796 (2.9381)  gk_loss: 3.2263 (3.1069)
Do not use OT loss
Epoch: [14]  [  0/312]  eta: 0:35:03  lr: 0.000240  sp_loss: 6.4046 (6.4046)  fam_loss: 4.3176 (4.3176)  manu_loss: 3.0826 (3.0826)  gk_loss: 3.0606 (3.0606)  time: 6.7434  data: 6.4536  max mem: 10891
Epoch: [14]  [250/312]  eta: 0:00:32  lr: 0.000240  sp_loss: 6.4736 (6.5278)  fam_loss: 4.0705 (4.1325)  manu_loss: 3.0087 (2.9685)  gk_loss: 3.0538 (3.0970)  time: 0.4257  data: 0.1778  max mem: 10891
Epoch: [14]  [311/312]  eta: 0:00:00  lr: 0.000240  sp_loss: 6.6208 (6.5587)  fam_loss: 4.2177 (4.1463)  manu_loss: 3.0406 (2.9768)  gk_loss: 3.1353 (3.1100)  time: 0.3185  data: 0.0896  max mem: 10891
Epoch: [14] Total time: 0:02:43 (0.5225 s / it)
Averaged stats: lr: 0.000240  sp_loss: 6.6208 (6.5587)  fam_loss: 4.2177 (4.1463)  manu_loss: 3.0406 (2.9768)  gk_loss: 3.1353 (3.1100)
Do not use OT loss
Epoch: [15]  [  0/312]  eta: 0:40:29  lr: 0.000239  sp_loss: 6.4127 (6.4127)  fam_loss: 4.0841 (4.0841)  manu_loss: 2.9804 (2.9804)  gk_loss: 3.0499 (3.0499)  time: 7.7884  data: 7.5112  max mem: 10891
Epoch: [15]  [250/312]  eta: 0:00:32  lr: 0.000239  sp_loss: 6.6235 (6.3588)  fam_loss: 4.1866 (4.0478)  manu_loss: 2.9511 (2.9154)  gk_loss: 3.0760 (3.0096)  time: 0.4540  data: 0.2089  max mem: 10891
Epoch: [15]  [311/312]  eta: 0:00:00  lr: 0.000239  sp_loss: 6.9232 (6.3953)  fam_loss: 4.3764 (4.0665)  manu_loss: 3.0614 (2.9245)  gk_loss: 3.2105 (3.0241)  time: 0.3418  data: 0.1094  max mem: 10891
Epoch: [15] Total time: 0:02:41 (0.5162 s / it)
Averaged stats: lr: 0.000239  sp_loss: 6.9232 (6.3953)  fam_loss: 4.3764 (4.0665)  manu_loss: 3.0614 (2.9245)  gk_loss: 3.2105 (3.0241)
Do not use OT loss
Epoch: [16]  [  0/312]  eta: 0:32:58  lr: 0.000237  sp_loss: 6.2443 (6.2443)  fam_loss: 4.1205 (4.1205)  manu_loss: 2.8719 (2.8719)  gk_loss: 2.9480 (2.9480)  time: 6.3424  data: 6.0670  max mem: 10891
Epoch: [16]  [250/312]  eta: 0:00:33  lr: 0.000237  sp_loss: 6.7205 (6.3106)  fam_loss: 4.1715 (4.0369)  manu_loss: 2.9585 (2.9065)  gk_loss: 3.0767 (2.9735)  time: 0.4010  data: 0.1561  max mem: 10891
Epoch: [16]  [311/312]  eta: 0:00:00  lr: 0.000237  sp_loss: 6.6255 (6.3409)  fam_loss: 4.2238 (4.0628)  manu_loss: 3.0444 (2.9265)  gk_loss: 3.1183 (2.9945)  time: 0.3254  data: 0.0959  max mem: 10891
Epoch: [16] Total time: 0:02:43 (0.5254 s / it)
Averaged stats: lr: 0.000237  sp_loss: 6.6255 (6.3409)  fam_loss: 4.2238 (4.0628)  manu_loss: 3.0444 (2.9265)  gk_loss: 3.1183 (2.9945)
Do not use OT loss
Epoch: [17]  [  0/312]  eta: 0:33:24  lr: 0.000235  sp_loss: 5.6917 (5.6917)  fam_loss: 3.8357 (3.8357)  manu_loss: 2.7926 (2.7926)  gk_loss: 2.7998 (2.7998)  time: 6.4261  data: 6.1487  max mem: 10891
Epoch: [17]  [250/312]  eta: 0:00:32  lr: 0.000235  sp_loss: 6.4314 (6.1706)  fam_loss: 4.1722 (3.9930)  manu_loss: 3.0288 (2.8779)  gk_loss: 2.9916 (2.9221)  time: 0.3878  data: 0.1404  max mem: 10891
Epoch: [17]  [311/312]  eta: 0:00:00  lr: 0.000235  sp_loss: 6.4043 (6.1808)  fam_loss: 4.2597 (3.9950)  manu_loss: 3.0430 (2.8798)  gk_loss: 3.0719 (2.9280)  time: 0.3708  data: 0.1383  max mem: 10891
Epoch: [17] Total time: 0:02:39 (0.5121 s / it)
Averaged stats: lr: 0.000235  sp_loss: 6.4043 (6.1808)  fam_loss: 4.2597 (3.9950)  manu_loss: 3.0430 (2.8798)  gk_loss: 3.0719 (2.9280)
Do not use OT loss
Epoch: [18]  [  0/312]  eta: 0:38:38  lr: 0.000233  sp_loss: 4.9492 (4.9492)  fam_loss: 3.1205 (3.1205)  manu_loss: 2.4053 (2.4053)  gk_loss: 2.3253 (2.3253)  time: 7.4317  data: 7.1489  max mem: 10891
Epoch: [18]  [250/312]  eta: 0:00:32  lr: 0.000233  sp_loss: 6.4737 (6.1528)  fam_loss: 4.2034 (3.9972)  manu_loss: 2.9822 (2.8823)  gk_loss: 3.0441 (2.8975)  time: 0.4183  data: 0.1787  max mem: 10891
Epoch: [18]  [311/312]  eta: 0:00:00  lr: 0.000233  sp_loss: 6.4934 (6.1782)  fam_loss: 4.2331 (4.0076)  manu_loss: 3.0516 (2.8932)  gk_loss: 3.1201 (2.9127)  time: 0.3414  data: 0.1083  max mem: 10891
Epoch: [18] Total time: 0:02:41 (0.5192 s / it)
Averaged stats: lr: 0.000233  sp_loss: 6.4934 (6.1782)  fam_loss: 4.2331 (4.0076)  manu_loss: 3.0516 (2.8932)  gk_loss: 3.1201 (2.9127)
Do not use OT loss
Epoch: [19]  [  0/312]  eta: 0:40:52  lr: 0.000231  sp_loss: 6.3657 (6.3657)  fam_loss: 4.1902 (4.1902)  manu_loss: 3.0179 (3.0179)  gk_loss: 2.9972 (2.9972)  time: 7.8609  data: 7.5940  max mem: 10891
Epoch: [19]  [250/312]  eta: 0:00:33  lr: 0.000231  sp_loss: 6.5039 (6.0444)  fam_loss: 4.1730 (3.9531)  manu_loss: 3.0454 (2.8497)  gk_loss: 3.0078 (2.8424)  time: 0.4363  data: 0.1859  max mem: 10891
Epoch: [19]  [311/312]  eta: 0:00:00  lr: 0.000231  sp_loss: 6.2111 (6.0508)  fam_loss: 4.0485 (3.9470)  manu_loss: 2.9062 (2.8481)  gk_loss: 2.9107 (2.8436)  time: 0.3463  data: 0.1126  max mem: 10891
Epoch: [19] Total time: 0:02:43 (0.5252 s / it)
Averaged stats: lr: 0.000231  sp_loss: 6.2111 (6.0508)  fam_loss: 4.0485 (3.9470)  manu_loss: 2.9062 (2.8481)  gk_loss: 2.9107 (2.8436)
Do not use OT loss
Epoch: [20]  [  0/312]  eta: 0:41:26  lr: 0.000229  sp_loss: 6.1549 (6.1549)  fam_loss: 4.0174 (4.0174)  manu_loss: 2.7407 (2.7407)  gk_loss: 2.7798 (2.7798)  time: 7.9701  data: 7.7006  max mem: 10891
Epoch: [20]  [250/312]  eta: 0:00:32  lr: 0.000229  sp_loss: 5.7692 (6.0393)  fam_loss: 3.9049 (3.9374)  manu_loss: 2.8018 (2.8577)  gk_loss: 2.7866 (2.8271)  time: 0.3880  data: 0.1414  max mem: 10891
Epoch: [20]  [311/312]  eta: 0:00:00  lr: 0.000229  sp_loss: 6.4216 (6.0470)  fam_loss: 4.1933 (3.9379)  manu_loss: 2.9813 (2.8568)  gk_loss: 2.9837 (2.8282)  time: 0.3461  data: 0.1156  max mem: 10891
Epoch: [20] Total time: 0:02:42 (0.5196 s / it)
Averaged stats: lr: 0.000229  sp_loss: 6.4216 (6.0470)  fam_loss: 4.1933 (3.9379)  manu_loss: 2.9813 (2.8568)  gk_loss: 2.9837 (2.8282)
Do not use OT loss
Epoch: [21]  [  0/312]  eta: 0:38:38  lr: 0.000227  sp_loss: 5.0853 (5.0853)  fam_loss: 3.3391 (3.3391)  manu_loss: 2.4720 (2.4720)  gk_loss: 2.3766 (2.3766)  time: 7.4301  data: 7.1478  max mem: 10891
Epoch: [21]  [250/312]  eta: 0:00:33  lr: 0.000227  sp_loss: 6.5337 (5.8966)  fam_loss: 4.1079 (3.8780)  manu_loss: 2.9161 (2.8061)  gk_loss: 2.9111 (2.7589)  time: 0.4340  data: 0.1860  max mem: 10891
Epoch: [21]  [311/312]  eta: 0:00:00  lr: 0.000227  sp_loss: 5.3892 (5.8719)  fam_loss: 3.4672 (3.8627)  manu_loss: 2.5878 (2.7918)  gk_loss: 2.4629 (2.7488)  time: 0.3096  data: 0.0817  max mem: 10891
Epoch: [21] Total time: 0:02:42 (0.5209 s / it)
Averaged stats: lr: 0.000227  sp_loss: 5.3892 (5.8719)  fam_loss: 3.4672 (3.8627)  manu_loss: 2.5878 (2.7918)  gk_loss: 2.4629 (2.7488)
Do not use OT loss
Epoch: [22]  [  0/312]  eta: 0:31:45  lr: 0.000225  sp_loss: 5.3757 (5.3757)  fam_loss: 3.8085 (3.8085)  manu_loss: 2.7347 (2.7347)  gk_loss: 2.6249 (2.6249)  time: 6.1087  data: 5.8380  max mem: 10891
Epoch: [22]  [250/312]  eta: 0:00:33  lr: 0.000225  sp_loss: 5.5963 (5.7234)  fam_loss: 3.8098 (3.7727)  manu_loss: 2.7533 (2.7294)  gk_loss: 2.7088 (2.6634)  time: 0.4457  data: 0.1965  max mem: 10891
Epoch: [22]  [311/312]  eta: 0:00:00  lr: 0.000225  sp_loss: 6.4837 (5.8070)  fam_loss: 4.2418 (3.8197)  manu_loss: 3.0634 (2.7640)  gk_loss: 2.9921 (2.7046)  time: 0.3320  data: 0.1004  max mem: 10891
Epoch: [22] Total time: 0:02:43 (0.5228 s / it)
Averaged stats: lr: 0.000225  sp_loss: 6.4837 (5.8070)  fam_loss: 4.2418 (3.8197)  manu_loss: 3.0634 (2.7640)  gk_loss: 2.9921 (2.7046)
Do not use OT loss
Epoch: [23]  [  0/312]  eta: 0:31:20  lr: 0.000222  sp_loss: 5.8712 (5.8712)  fam_loss: 3.9249 (3.9249)  manu_loss: 2.7312 (2.7312)  gk_loss: 2.6858 (2.6858)  time: 6.0263  data: 5.7475  max mem: 10891
Epoch: [23]  [250/312]  eta: 0:00:33  lr: 0.000222  sp_loss: 6.2211 (5.7729)  fam_loss: 4.0030 (3.8132)  manu_loss: 2.8311 (2.7646)  gk_loss: 2.8177 (2.6854)  time: 0.4308  data: 0.1816  max mem: 10891
Epoch: [23]  [311/312]  eta: 0:00:00  lr: 0.000222  sp_loss: 5.6183 (5.7711)  fam_loss: 3.7294 (3.8100)  manu_loss: 2.6845 (2.7630)  gk_loss: 2.6287 (2.6867)  time: 0.3139  data: 0.0870  max mem: 10891
Epoch: [23] Total time: 0:02:44 (0.5257 s / it)
Averaged stats: lr: 0.000222  sp_loss: 5.6183 (5.7711)  fam_loss: 3.7294 (3.8100)  manu_loss: 2.6845 (2.7630)  gk_loss: 2.6287 (2.6867)
Do not use OT loss
Epoch: [24]  [  0/312]  eta: 0:34:31  lr: 0.000220  sp_loss: 6.3431 (6.3431)  fam_loss: 4.3004 (4.3004)  manu_loss: 2.9923 (2.9923)  gk_loss: 2.9530 (2.9530)  time: 6.6385  data: 6.3726  max mem: 10891
Epoch: [24]  [250/312]  eta: 0:00:32  lr: 0.000220  sp_loss: 5.6228 (5.6779)  fam_loss: 3.6966 (3.7673)  manu_loss: 2.6357 (2.7216)  gk_loss: 2.5778 (2.6323)  time: 0.4320  data: 0.1884  max mem: 10891
Epoch: [24]  [311/312]  eta: 0:00:00  lr: 0.000220  sp_loss: 5.6493 (5.6780)  fam_loss: 3.6796 (3.7685)  manu_loss: 2.6213 (2.7216)  gk_loss: 2.5397 (2.6366)  time: 0.3835  data: 0.1516  max mem: 10891
Epoch: [24] Total time: 0:02:43 (0.5234 s / it)
Averaged stats: lr: 0.000220  sp_loss: 5.6493 (5.6780)  fam_loss: 3.6796 (3.7685)  manu_loss: 2.6213 (2.7216)  gk_loss: 2.5397 (2.6366)
Do not use OT loss
Epoch: [25]  [  0/312]  eta: 0:33:40  lr: 0.000217  sp_loss: 6.5023 (6.5023)  fam_loss: 4.3231 (4.3231)  manu_loss: 3.0064 (3.0064)  gk_loss: 2.9883 (2.9883)  time: 6.4751  data: 6.1918  max mem: 10891
Epoch: [25]  [250/312]  eta: 0:00:32  lr: 0.000217  sp_loss: 5.7748 (5.6244)  fam_loss: 3.9169 (3.7414)  manu_loss: 2.8267 (2.7251)  gk_loss: 2.7377 (2.6048)  time: 0.4247  data: 0.1780  max mem: 10891
Epoch: [25]  [311/312]  eta: 0:00:00  lr: 0.000217  sp_loss: 5.8042 (5.6551)  fam_loss: 3.8312 (3.7571)  manu_loss: 2.8394 (2.7334)  gk_loss: 2.6579 (2.6195)  time: 0.3654  data: 0.1328  max mem: 10891
Epoch: [25] Total time: 0:02:40 (0.5130 s / it)
Averaged stats: lr: 0.000217  sp_loss: 5.8042 (5.6551)  fam_loss: 3.8312 (3.7571)  manu_loss: 2.8394 (2.7334)  gk_loss: 2.6579 (2.6195)
Do not use OT loss
Epoch: [26]  [  0/312]  eta: 0:41:37  lr: 0.000215  sp_loss: 6.2273 (6.2273)  fam_loss: 4.1248 (4.1248)  manu_loss: 2.9492 (2.9492)  gk_loss: 2.8048 (2.8048)  time: 8.0039  data: 7.7319  max mem: 10891
Epoch: [26]  [250/312]  eta: 0:00:32  lr: 0.000215  sp_loss: 5.9803 (5.6197)  fam_loss: 3.8488 (3.7560)  manu_loss: 2.7736 (2.7232)  gk_loss: 2.6824 (2.6006)  time: 0.4249  data: 0.1769  max mem: 10891
Epoch: [26]  [311/312]  eta: 0:00:00  lr: 0.000215  sp_loss: 5.4841 (5.6283)  fam_loss: 3.8841 (3.7534)  manu_loss: 2.7348 (2.7227)  gk_loss: 2.6553 (2.6024)  time: 0.3254  data: 0.0939  max mem: 10891
Epoch: [26] Total time: 0:02:42 (0.5201 s / it)
Averaged stats: lr: 0.000215  sp_loss: 5.4841 (5.6283)  fam_loss: 3.8841 (3.7534)  manu_loss: 2.7348 (2.7227)  gk_loss: 2.6553 (2.6024)
Do not use OT loss
Epoch: [27]  [  0/312]  eta: 0:40:16  lr: 0.000212  sp_loss: 5.3732 (5.3732)  fam_loss: 3.5672 (3.5672)  manu_loss: 2.5550 (2.5550)  gk_loss: 2.3704 (2.3704)  time: 7.7461  data: 7.4622  max mem: 10891
Epoch: [27]  [250/312]  eta: 0:00:32  lr: 0.000212  sp_loss: 5.5352 (5.6453)  fam_loss: 3.7041 (3.7640)  manu_loss: 2.7294 (2.7369)  gk_loss: 2.5115 (2.6019)  time: 0.4275  data: 0.1844  max mem: 10891
Epoch: [27]  [311/312]  eta: 0:00:00  lr: 0.000212  sp_loss: 6.0398 (5.6340)  fam_loss: 3.8703 (3.7556)  manu_loss: 2.7944 (2.7320)  gk_loss: 2.6811 (2.5978)  time: 0.3590  data: 0.1272  max mem: 10891
Epoch: [27] Total time: 0:02:42 (0.5205 s / it)
Averaged stats: lr: 0.000212  sp_loss: 6.0398 (5.6340)  fam_loss: 3.8703 (3.7556)  manu_loss: 2.7944 (2.7320)  gk_loss: 2.6811 (2.5978)
Do not use OT loss
Epoch: [28]  [  0/312]  eta: 0:40:38  lr: 0.000209  sp_loss: 6.6115 (6.6115)  fam_loss: 4.6248 (4.6248)  manu_loss: 3.4021 (3.4021)  gk_loss: 3.2638 (3.2638)  time: 7.8165  data: 7.5643  max mem: 10891
Epoch: [28]  [250/312]  eta: 0:00:32  lr: 0.000209  sp_loss: 5.5109 (5.6015)  fam_loss: 3.7184 (3.7339)  manu_loss: 2.7172 (2.7146)  gk_loss: 2.5497 (2.5626)  time: 0.3786  data: 0.1307  max mem: 10891
Epoch: [28]  [311/312]  eta: 0:00:00  lr: 0.000209  sp_loss: 5.2576 (5.5674)  fam_loss: 3.4314 (3.7117)  manu_loss: 2.5628 (2.7019)  gk_loss: 2.4051 (2.5519)  time: 0.3767  data: 0.1481  max mem: 10891
Epoch: [28] Total time: 0:02:44 (0.5265 s / it)
Averaged stats: lr: 0.000209  sp_loss: 5.2576 (5.5674)  fam_loss: 3.4314 (3.7117)  manu_loss: 2.5628 (2.7019)  gk_loss: 2.4051 (2.5519)
Do not use OT loss
Epoch: [29]  [  0/312]  eta: 0:41:39  lr: 0.000206  sp_loss: 4.1048 (4.1048)  fam_loss: 3.0394 (3.0394)  manu_loss: 2.2136 (2.2136)  gk_loss: 1.9577 (1.9577)  time: 8.0124  data: 7.7237  max mem: 10891
Epoch: [29]  [250/312]  eta: 0:00:32  lr: 0.000206  sp_loss: 5.3510 (5.4669)  fam_loss: 3.6458 (3.6714)  manu_loss: 2.6358 (2.6762)  gk_loss: 2.4507 (2.5150)  time: 0.4347  data: 0.1870  max mem: 10891
Epoch: [29]  [311/312]  eta: 0:00:00  lr: 0.000206  sp_loss: 5.5693 (5.4646)  fam_loss: 3.8226 (3.6676)  manu_loss: 2.7774 (2.6684)  gk_loss: 2.5565 (2.5123)  time: 0.3306  data: 0.0996  max mem: 10891
Epoch: [29] Total time: 0:02:42 (0.5223 s / it)
Averaged stats: lr: 0.000206  sp_loss: 5.5693 (5.4646)  fam_loss: 3.8226 (3.6676)  manu_loss: 2.7774 (2.6684)  gk_loss: 2.5565 (2.5123)
Do not use OT loss
Epoch: [30]  [  0/312]  eta: 0:33:45  lr: 0.000204  sp_loss: 6.9045 (6.9045)  fam_loss: 4.3877 (4.3877)  manu_loss: 3.3194 (3.3194)  gk_loss: 3.2433 (3.2433)  time: 6.4912  data: 6.2018  max mem: 10891
Epoch: [30]  [250/312]  eta: 0:00:32  lr: 0.000204  sp_loss: 5.3746 (5.4946)  fam_loss: 3.6494 (3.6883)  manu_loss: 2.6821 (2.6812)  gk_loss: 2.4461 (2.5170)  time: 0.4125  data: 0.1581  max mem: 10891
Epoch: [30]  [311/312]  eta: 0:00:00  lr: 0.000204  sp_loss: 5.9665 (5.4986)  fam_loss: 3.9738 (3.6890)  manu_loss: 2.9377 (2.6809)  gk_loss: 2.7192 (2.5182)  time: 0.3247  data: 0.0941  max mem: 10891
Epoch: [30] Total time: 0:02:41 (0.5182 s / it)
Averaged stats: lr: 0.000204  sp_loss: 5.9665 (5.4986)  fam_loss: 3.9738 (3.6890)  manu_loss: 2.9377 (2.6809)  gk_loss: 2.7192 (2.5182)
Do not use OT loss
Epoch: [31]  [  0/312]  eta: 0:41:52  lr: 0.000201  sp_loss: 4.7533 (4.7533)  fam_loss: 3.3004 (3.3004)  manu_loss: 2.4546 (2.4546)  gk_loss: 2.2039 (2.2039)  time: 8.0526  data: 7.7737  max mem: 10891
Epoch: [31]  [250/312]  eta: 0:00:33  lr: 0.000201  sp_loss: 6.0217 (5.4107)  fam_loss: 4.0015 (3.6501)  manu_loss: 2.9580 (2.6531)  gk_loss: 2.7800 (2.4667)  time: 0.4081  data: 0.1571  max mem: 10891
Epoch: [31]  [311/312]  eta: 0:00:00  lr: 0.000201  sp_loss: 5.8623 (5.4175)  fam_loss: 3.8937 (3.6485)  manu_loss: 2.8581 (2.6560)  gk_loss: 2.6076 (2.4704)  time: 0.3265  data: 0.0967  max mem: 10891
Epoch: [31] Total time: 0:02:43 (0.5253 s / it)
Averaged stats: lr: 0.000201  sp_loss: 5.8623 (5.4175)  fam_loss: 3.8937 (3.6485)  manu_loss: 2.8581 (2.6560)  gk_loss: 2.6076 (2.4704)
Do not use OT loss
Epoch: [32]  [  0/312]  eta: 0:33:46  lr: 0.000197  sp_loss: 4.6108 (4.6108)  fam_loss: 3.1324 (3.1324)  manu_loss: 2.3571 (2.3571)  gk_loss: 2.0693 (2.0693)  time: 6.4963  data: 6.2152  max mem: 10891
Epoch: [32]  [250/312]  eta: 0:00:33  lr: 0.000197  sp_loss: 5.3196 (5.4439)  fam_loss: 3.5046 (3.6718)  manu_loss: 2.4575 (2.6745)  gk_loss: 2.3236 (2.4860)  time: 0.4113  data: 0.1536  max mem: 10892
Epoch: [32]  [311/312]  eta: 0:00:00  lr: 0.000197  sp_loss: 5.7681 (5.4741)  fam_loss: 3.9004 (3.6865)  manu_loss: 2.7366 (2.6842)  gk_loss: 2.6671 (2.4991)  time: 0.3446  data: 0.1077  max mem: 10892
Epoch: [32] Total time: 0:02:45 (0.5317 s / it)
Averaged stats: lr: 0.000197  sp_loss: 5.7681 (5.4741)  fam_loss: 3.9004 (3.6865)  manu_loss: 2.7366 (2.6842)  gk_loss: 2.6671 (2.4991)
Do not use OT loss
Epoch: [33]  [  0/312]  eta: 0:39:48  lr: 0.000194  sp_loss: 5.0048 (5.0048)  fam_loss: 3.4819 (3.4819)  manu_loss: 2.6068 (2.6068)  gk_loss: 2.3198 (2.3198)  time: 7.6555  data: 7.3634  max mem: 10892
Epoch: [33]  [250/312]  eta: 0:00:34  lr: 0.000194  sp_loss: 4.8240 (5.2825)  fam_loss: 3.3787 (3.5789)  manu_loss: 2.4349 (2.6049)  gk_loss: 2.2166 (2.4011)  time: 0.4478  data: 0.1896  max mem: 10892
Epoch: [33]  [311/312]  eta: 0:00:00  lr: 0.000194  sp_loss: 5.1392 (5.2690)  fam_loss: 3.4327 (3.5702)  manu_loss: 2.4525 (2.5971)  gk_loss: 2.2717 (2.3979)  time: 0.3461  data: 0.1097  max mem: 10892
Epoch: [33] Total time: 0:02:50 (0.5460 s / it)
Averaged stats: lr: 0.000194  sp_loss: 5.1392 (5.2690)  fam_loss: 3.4327 (3.5702)  manu_loss: 2.4525 (2.5971)  gk_loss: 2.2717 (2.3979)
Do not use OT loss
Epoch: [34]  [  0/312]  eta: 0:39:10  lr: 0.000191  sp_loss: 5.8539 (5.8539)  fam_loss: 3.8589 (3.8589)  manu_loss: 2.8757 (2.8757)  gk_loss: 2.5811 (2.5811)  time: 7.5332  data: 7.2398  max mem: 10892
Epoch: [34]  [250/312]  eta: 0:00:33  lr: 0.000191  sp_loss: 5.9296 (5.3293)  fam_loss: 3.8420 (3.5987)  manu_loss: 2.8113 (2.6174)  gk_loss: 2.6827 (2.4172)  time: 0.4633  data: 0.2153  max mem: 10892
Epoch: [34]  [311/312]  eta: 0:00:00  lr: 0.000191  sp_loss: 5.6759 (5.3277)  fam_loss: 3.6964 (3.5941)  manu_loss: 2.6691 (2.6121)  gk_loss: 2.4997 (2.4152)  time: 0.4441  data: 0.2089  max mem: 10892
Epoch: [34] Total time: 0:02:43 (0.5243 s / it)
Averaged stats: lr: 0.000191  sp_loss: 5.6759 (5.3277)  fam_loss: 3.6964 (3.5941)  manu_loss: 2.6691 (2.6121)  gk_loss: 2.4997 (2.4152)
Do not use OT loss
Epoch: [35]  [  0/312]  eta: 0:40:09  lr: 0.000188  sp_loss: 4.4572 (4.4572)  fam_loss: 3.0278 (3.0278)  manu_loss: 2.3502 (2.3502)  gk_loss: 2.0340 (2.0340)  time: 7.7222  data: 7.4382  max mem: 10892
Epoch: [35]  [250/312]  eta: 0:00:32  lr: 0.000188  sp_loss: 5.2053 (5.3246)  fam_loss: 3.6186 (3.6130)  manu_loss: 2.6264 (2.6344)  gk_loss: 2.3708 (2.4153)  time: 0.4339  data: 0.1852  max mem: 10892
Epoch: [35]  [311/312]  eta: 0:00:00  lr: 0.000188  sp_loss: 5.7724 (5.3207)  fam_loss: 3.7541 (3.6084)  manu_loss: 2.7780 (2.6310)  gk_loss: 2.6143 (2.4164)  time: 0.4098  data: 0.1740  max mem: 10892
Epoch: [35] Total time: 0:02:40 (0.5157 s / it)
Averaged stats: lr: 0.000188  sp_loss: 5.7724 (5.3207)  fam_loss: 3.7541 (3.6084)  manu_loss: 2.7780 (2.6310)  gk_loss: 2.6143 (2.4164)
Do not use OT loss
Epoch: [36]  [  0/312]  eta: 0:34:25  lr: 0.000184  sp_loss: 5.9778 (5.9778)  fam_loss: 3.9032 (3.9032)  manu_loss: 2.8364 (2.8364)  gk_loss: 2.6595 (2.6595)  time: 6.6214  data: 6.3457  max mem: 10892
Epoch: [36]  [250/312]  eta: 0:00:32  lr: 0.000184  sp_loss: 5.7952 (5.2794)  fam_loss: 3.7542 (3.5868)  manu_loss: 2.7260 (2.6132)  gk_loss: 2.4819 (2.3839)  time: 0.4501  data: 0.2047  max mem: 10892
Epoch: [36]  [311/312]  eta: 0:00:00  lr: 0.000184  sp_loss: 5.1942 (5.3228)  fam_loss: 3.5495 (3.6091)  manu_loss: 2.5970 (2.6293)  gk_loss: 2.3411 (2.4043)  time: 0.3154  data: 0.0839  max mem: 10892
Epoch: [36] Total time: 0:02:41 (0.5163 s / it)
Averaged stats: lr: 0.000184  sp_loss: 5.1942 (5.3228)  fam_loss: 3.5495 (3.6091)  manu_loss: 2.5970 (2.6293)  gk_loss: 2.3411 (2.4043)
Do not use OT loss
Epoch: [37]  [  0/312]  eta: 0:37:51  lr: 0.000181  sp_loss: 6.4893 (6.4893)  fam_loss: 4.4983 (4.4983)  manu_loss: 3.1974 (3.1974)  gk_loss: 3.0970 (3.0970)  time: 7.2807  data: 6.9885  max mem: 10892
Epoch: [37]  [250/312]  eta: 0:00:32  lr: 0.000181  sp_loss: 5.2544 (5.1157)  fam_loss: 3.5533 (3.4801)  manu_loss: 2.6112 (2.5373)  gk_loss: 2.3570 (2.2982)  time: 0.4222  data: 0.1756  max mem: 10892
Epoch: [37]  [311/312]  eta: 0:00:00  lr: 0.000181  sp_loss: 5.5389 (5.1626)  fam_loss: 3.7015 (3.5079)  manu_loss: 2.7082 (2.5625)  gk_loss: 2.4616 (2.3252)  time: 0.3568  data: 0.1233  max mem: 10892
Epoch: [37] Total time: 0:02:40 (0.5152 s / it)
Averaged stats: lr: 0.000181  sp_loss: 5.5389 (5.1626)  fam_loss: 3.7015 (3.5079)  manu_loss: 2.7082 (2.5625)  gk_loss: 2.4616 (2.3252)
Do not use OT loss
Epoch: [38]  [  0/312]  eta: 0:39:45  lr: 0.000178  sp_loss: 3.5467 (3.5467)  fam_loss: 2.5388 (2.5388)  manu_loss: 1.8678 (1.8678)  gk_loss: 1.5739 (1.5739)  time: 7.6451  data: 7.3524  max mem: 10892
Epoch: [38]  [250/312]  eta: 0:00:33  lr: 0.000178  sp_loss: 4.7568 (5.1455)  fam_loss: 3.2444 (3.5073)  manu_loss: 2.3762 (2.5554)  gk_loss: 2.0860 (2.3117)  time: 0.5155  data: 0.2688  max mem: 10892
Epoch: [38]  [311/312]  eta: 0:00:00  lr: 0.000178  sp_loss: 5.2685 (5.1313)  fam_loss: 3.5839 (3.5027)  manu_loss: 2.6853 (2.5518)  gk_loss: 2.4072 (2.3091)  time: 0.4358  data: 0.2064  max mem: 10892
Epoch: [38] Total time: 0:02:43 (0.5251 s / it)
Averaged stats: lr: 0.000178  sp_loss: 5.2685 (5.1313)  fam_loss: 3.5839 (3.5027)  manu_loss: 2.6853 (2.5518)  gk_loss: 2.4072 (2.3091)
Do not use OT loss
Epoch: [39]  [  0/312]  eta: 0:33:57  lr: 0.000174  sp_loss: 5.6546 (5.6546)  fam_loss: 3.7566 (3.7566)  manu_loss: 2.6854 (2.6854)  gk_loss: 2.4620 (2.4620)  time: 6.5307  data: 6.2542  max mem: 10892
Epoch: [39]  [250/312]  eta: 0:00:33  lr: 0.000174  sp_loss: 4.9149 (5.0316)  fam_loss: 3.4017 (3.4373)  manu_loss: 2.4519 (2.5033)  gk_loss: 2.1859 (2.2502)  time: 0.3956  data: 0.1486  max mem: 10892
Epoch: [39]  [311/312]  eta: 0:00:00  lr: 0.000174  sp_loss: 5.2410 (5.0393)  fam_loss: 3.5037 (3.4391)  manu_loss: 2.6131 (2.5062)  gk_loss: 2.3060 (2.2529)  time: 0.3113  data: 0.0820  max mem: 10892
Epoch: [39] Total time: 0:02:44 (0.5264 s / it)
Averaged stats: lr: 0.000174  sp_loss: 5.2410 (5.0393)  fam_loss: 3.5037 (3.4391)  manu_loss: 2.6131 (2.5062)  gk_loss: 2.3060 (2.2529)
Do not use OT loss
Epoch: [40]  [  0/312]  eta: 0:39:14  lr: 0.000171  sp_loss: 4.6812 (4.6812)  fam_loss: 3.1791 (3.1791)  manu_loss: 2.3214 (2.3214)  gk_loss: 2.0655 (2.0655)  time: 7.5473  data: 7.2672  max mem: 10892
Epoch: [40]  [250/312]  eta: 0:00:32  lr: 0.000171  sp_loss: 5.8200 (5.2007)  fam_loss: 3.6943 (3.5316)  manu_loss: 2.6356 (2.5766)  gk_loss: 2.4554 (2.3217)  time: 0.4648  data: 0.2183  max mem: 10892
Epoch: [40]  [311/312]  eta: 0:00:00  lr: 0.000171  sp_loss: 4.7744 (5.1728)  fam_loss: 3.2784 (3.5175)  manu_loss: 2.3837 (2.5657)  gk_loss: 2.1055 (2.3110)  time: 0.3856  data: 0.1519  max mem: 10892
Epoch: [40] Total time: 0:02:41 (0.5172 s / it)
Averaged stats: lr: 0.000171  sp_loss: 4.7744 (5.1728)  fam_loss: 3.2784 (3.5175)  manu_loss: 2.3837 (2.5657)  gk_loss: 2.1055 (2.3110)
Do not use OT loss
Epoch: [41]  [  0/312]  eta: 0:39:31  lr: 0.000167  sp_loss: 3.7626 (3.7626)  fam_loss: 2.7234 (2.7234)  manu_loss: 1.8841 (1.8841)  gk_loss: 1.6291 (1.6291)  time: 7.5997  data: 7.3047  max mem: 10892
Epoch: [41]  [250/312]  eta: 0:00:32  lr: 0.000167  sp_loss: 5.2877 (5.1398)  fam_loss: 3.6820 (3.5039)  manu_loss: 2.6712 (2.5544)  gk_loss: 2.4024 (2.2949)  time: 0.4098  data: 0.1682  max mem: 10892
Epoch: [41]  [311/312]  eta: 0:00:00  lr: 0.000167  sp_loss: 5.7916 (5.1454)  fam_loss: 3.7831 (3.5044)  manu_loss: 2.7155 (2.5516)  gk_loss: 2.5010 (2.2972)  time: 0.3629  data: 0.1312  max mem: 10892
Epoch: [41] Total time: 0:02:43 (0.5226 s / it)
Averaged stats: lr: 0.000167  sp_loss: 5.7916 (5.1454)  fam_loss: 3.7831 (3.5044)  manu_loss: 2.7155 (2.5516)  gk_loss: 2.5010 (2.2972)
Test:  [  0/391]  eta: 0:39:28  sploss: 3.9168 (3.9168)  famloss: 1.8052 (1.8052)  manuloss: 1.2103 (1.2103)  acc1: 29.6875 (29.6875)  acc5: 54.2969 (54.2969)  family_acc1: 60.1562 (60.1562)  manu_acc1: 72.6562 (72.6562)  time: 6.0586  data: 5.7021  max mem: 10892
Test:  [250/391]  eta: 0:01:16  sploss: 3.9829 (4.0782)  famloss: 2.0243 (2.0112)  manuloss: 1.3730 (1.3577)  acc1: 31.6406 (30.6897)  acc5: 54.6875 (53.5934)  family_acc1: 56.2500 (57.7689)  manu_acc1: 68.3594 (70.4463)  time: 0.4453  data: 0.2085  max mem: 10892
Test:  [390/391]  eta: 0:00:00  sploss: 3.8191 (4.0230)  famloss: 1.8122 (1.9534)  manuloss: 1.0939 (1.2990)  acc1: 32.8125 (31.3370)  acc5: 57.4219 (54.4240)  family_acc1: 63.1250 (58.8880)  manu_acc1: 76.9531 (71.8600)  time: 0.4653  data: 0.2716  max mem: 10892
Test: Total time: 0:03:28 (0.5329 s / it)
* Acc@1 31.337 Acc@5 54.424 family@1 58.888 manu@1 71.860 sploss 4.023 fmloss 1.953 mfloss 1.299
FPA: 23.211% | TICE: 47.876%   
 wAP: 34.981  |  LCA: 147.138   |   Precision and Recall: 48.950%
Accuracy of the network on the 100000 test images: 31.3%
Max accuracy: 31.34%
Do not use OT loss
Epoch: [42]  [  0/312]  eta: 0:38:07  lr: 0.000163  sp_loss: 6.3366 (6.3366)  fam_loss: 4.2333 (4.2333)  manu_loss: 3.1611 (3.1611)  gk_loss: 2.9405 (2.9405)  time: 7.3329  data: 6.9983  max mem: 10892
Epoch: [42]  [250/312]  eta: 0:00:32  lr: 0.000163  sp_loss: 5.5428 (5.0223)  fam_loss: 3.8077 (3.4269)  manu_loss: 2.6733 (2.4985)  gk_loss: 2.5103 (2.2296)  time: 0.3949  data: 0.1391  max mem: 10892
Epoch: [42]  [311/312]  eta: 0:00:00  lr: 0.000163  sp_loss: 4.4626 (5.0175)  fam_loss: 3.0785 (3.4262)  manu_loss: 2.2612 (2.4983)  gk_loss: 1.9678 (2.2297)  time: 0.3335  data: 0.1015  max mem: 10892
Epoch: [42] Total time: 0:02:41 (0.5164 s / it)
Averaged stats: lr: 0.000163  sp_loss: 4.4626 (5.0175)  fam_loss: 3.0785 (3.4262)  manu_loss: 2.2612 (2.4983)  gk_loss: 1.9678 (2.2297)
Test:  [  0/391]  eta: 0:52:18  sploss: 3.7333 (3.7333)  famloss: 1.6996 (1.6996)  manuloss: 1.0785 (1.0785)  acc1: 29.2969 (29.2969)  acc5: 57.0312 (57.0312)  family_acc1: 62.5000 (62.5000)  manu_acc1: 77.7344 (77.7344)  time: 8.0275  data: 7.7691  max mem: 10892
Test:  [250/391]  eta: 0:01:16  sploss: 3.8464 (3.9506)  famloss: 1.9453 (1.9477)  manuloss: 1.2952 (1.2906)  acc1: 33.2031 (31.6640)  acc5: 55.4688 (54.6097)  family_acc1: 58.2031 (58.1549)  manu_acc1: 69.5312 (70.7576)  time: 0.4073  data: 0.1637  max mem: 10892
Test:  [390/391]  eta: 0:00:00  sploss: 3.6959 (3.8908)  famloss: 1.7190 (1.8821)  manuloss: 1.0064 (1.2294)  acc1: 33.2031 (32.1750)  acc5: 56.2500 (55.3180)  family_acc1: 63.6719 (59.3600)  manu_acc1: 77.7344 (72.2510)  time: 0.3037  data: 0.1361  max mem: 10892
Test: Total time: 0:03:26 (0.5284 s / it)
* Acc@1 32.175 Acc@5 55.318 family@1 59.360 manu@1 72.251 sploss 3.891 fmloss 1.882 mfloss 1.229
FPA: 24.070% | TICE: 46.970%   
 wAP: 35.773  |  LCA: 144.760   |   Precision and Recall: 49.742%
Accuracy of the network on the 100000 test images: 32.2%
Max accuracy: 32.17%
Do not use OT loss
Epoch: [43]  [  0/312]  eta: 0:35:48  lr: 0.000160  sp_loss: 5.6225 (5.6225)  fam_loss: 3.6455 (3.6455)  manu_loss: 2.7348 (2.7348)  gk_loss: 2.4354 (2.4354)  time: 6.8872  data: 6.5911  max mem: 10892
Epoch: [43]  [250/312]  eta: 0:00:32  lr: 0.000160  sp_loss: 4.8480 (4.9220)  fam_loss: 3.3055 (3.3745)  manu_loss: 2.4707 (2.4695)  gk_loss: 2.1242 (2.1798)  time: 0.3909  data: 0.1472  max mem: 10892
Epoch: [43]  [311/312]  eta: 0:00:00  lr: 0.000160  sp_loss: 5.2790 (4.9563)  fam_loss: 3.5521 (3.3895)  manu_loss: 2.6418 (2.4778)  gk_loss: 2.3516 (2.1941)  time: 0.3349  data: 0.1046  max mem: 10892
Epoch: [43] Total time: 0:02:41 (0.5188 s / it)
Averaged stats: lr: 0.000160  sp_loss: 5.2790 (4.9563)  fam_loss: 3.5521 (3.3895)  manu_loss: 2.6418 (2.4778)  gk_loss: 2.3516 (2.1941)
Test:  [  0/391]  eta: 0:51:25  sploss: 3.7502 (3.7502)  famloss: 1.6178 (1.6178)  manuloss: 1.0279 (1.0279)  acc1: 32.8125 (32.8125)  acc5: 57.8125 (57.8125)  family_acc1: 61.7188 (61.7188)  manu_acc1: 76.9531 (76.9531)  time: 7.8915  data: 7.6733  max mem: 10892
Test:  [250/391]  eta: 0:01:16  sploss: 3.8764 (3.9607)  famloss: 1.9058 (1.8937)  manuloss: 1.2625 (1.2469)  acc1: 32.8125 (32.0811)  acc5: 55.4688 (54.9972)  family_acc1: 58.2031 (58.9610)  manu_acc1: 69.9219 (71.2307)  time: 0.4063  data: 0.1774  max mem: 10892
Test:  [390/391]  eta: 0:00:00  sploss: 3.7184 (3.9024)  famloss: 1.6751 (1.8318)  manuloss: 0.9633 (1.1860)  acc1: 33.2031 (32.6430)  acc5: 57.8125 (55.7950)  family_acc1: 62.8906 (60.1730)  manu_acc1: 79.6875 (72.7790)  time: 0.4080  data: 0.2306  max mem: 10892
Test: Total time: 0:03:26 (0.5273 s / it)
* Acc@1 32.643 Acc@5 55.795 family@1 60.173 manu@1 72.779 sploss 3.902 fmloss 1.832 mfloss 1.186
FPA: 24.662% | TICE: 46.273%   
 wAP: 36.275  |  LCA: 143.184   |   Precision and Recall: 50.278%
Accuracy of the network on the 100000 test images: 32.6%
Max accuracy: 32.64%
Do not use OT loss
Epoch: [44]  [  0/312]  eta: 0:40:21  lr: 0.000156  sp_loss: 5.5088 (5.5088)  fam_loss: 3.8620 (3.8620)  manu_loss: 2.8119 (2.8119)  gk_loss: 2.4941 (2.4941)  time: 7.7611  data: 7.4967  max mem: 10892
Epoch: [44]  [250/312]  eta: 0:00:32  lr: 0.000156  sp_loss: 5.0910 (4.9685)  fam_loss: 3.4511 (3.3970)  manu_loss: 2.5808 (2.4743)  gk_loss: 2.2880 (2.1962)  time: 0.4172  data: 0.1762  max mem: 10892
Epoch: [44]  [311/312]  eta: 0:00:00  lr: 0.000156  sp_loss: 5.1448 (5.0279)  fam_loss: 3.4963 (3.4277)  manu_loss: 2.5580 (2.4962)  gk_loss: 2.2832 (2.2202)  time: 0.3703  data: 0.1362  max mem: 10892
Epoch: [44] Total time: 0:02:42 (0.5195 s / it)
Averaged stats: lr: 0.000156  sp_loss: 5.1448 (5.0279)  fam_loss: 3.4963 (3.4277)  manu_loss: 2.5580 (2.4962)  gk_loss: 2.2832 (2.2202)
Test:  [  0/391]  eta: 0:50:51  sploss: 3.9069 (3.9069)  famloss: 1.6865 (1.6865)  manuloss: 1.0576 (1.0576)  acc1: 31.2500 (31.2500)  acc5: 56.2500 (56.2500)  family_acc1: 62.8906 (62.8906)  manu_acc1: 76.5625 (76.5625)  time: 7.8043  data: 7.5339  max mem: 10892
Test:  [250/391]  eta: 0:01:16  sploss: 3.8886 (3.9982)  famloss: 1.9192 (1.9159)  manuloss: 1.2599 (1.2688)  acc1: 32.4219 (31.6422)  acc5: 55.8594 (54.7684)  family_acc1: 57.8125 (58.7214)  manu_acc1: 69.5312 (71.0455)  time: 0.4229  data: 0.1769  max mem: 10892
Test:  [390/391]  eta: 0:00:00  sploss: 3.7796 (3.9392)  famloss: 1.7376 (1.8561)  manuloss: 1.0322 (1.2110)  acc1: 33.2031 (32.1710)  acc5: 57.8125 (55.5610)  family_acc1: 62.5000 (59.8010)  manu_acc1: 78.5156 (72.4450)  time: 0.4259  data: 0.2501  max mem: 10892
Test: Total time: 0:03:25 (0.5266 s / it)
* Acc@1 32.171 Acc@5 55.561 family@1 59.801 manu@1 72.445 sploss 3.939 fmloss 1.856 mfloss 1.211
FPA: 24.264% | TICE: 46.979%   
 wAP: 35.816  |  LCA: 144.633   |   Precision and Recall: 49.786%
Accuracy of the network on the 100000 test images: 32.2%
Max accuracy: 32.64%
Do not use OT loss
Epoch: [45]  [  0/312]  eta: 0:35:42  lr: 0.000152  sp_loss: 3.2460 (3.2460)  fam_loss: 2.3328 (2.3328)  manu_loss: 1.7283 (1.7283)  gk_loss: 1.3727 (1.3727)  time: 6.8680  data: 6.5861  max mem: 10892
Epoch: [45]  [250/312]  eta: 0:00:33  lr: 0.000152  sp_loss: 4.8790 (4.9889)  fam_loss: 3.4356 (3.4247)  manu_loss: 2.4802 (2.4911)  gk_loss: 2.1793 (2.2013)  time: 0.4095  data: 0.1599  max mem: 10892
Epoch: [45]  [311/312]  eta: 0:00:00  lr: 0.000152  sp_loss: 4.9976 (5.0027)  fam_loss: 3.3694 (3.4275)  manu_loss: 2.4850 (2.4955)  gk_loss: 2.1192 (2.2065)  time: 0.3262  data: 0.0983  max mem: 10892
Epoch: [45] Total time: 0:02:42 (0.5215 s / it)
Averaged stats: lr: 0.000152  sp_loss: 4.9976 (5.0027)  fam_loss: 3.3694 (3.4275)  manu_loss: 2.4850 (2.4955)  gk_loss: 2.1192 (2.2065)
Test:  [  0/391]  eta: 0:49:34  sploss: 3.7504 (3.7504)  famloss: 1.6186 (1.6186)  manuloss: 1.0525 (1.0525)  acc1: 32.8125 (32.8125)  acc5: 56.6406 (56.6406)  family_acc1: 65.2344 (65.2344)  manu_acc1: 77.7344 (77.7344)  time: 7.6062  data: 7.3583  max mem: 10892
Test:  [250/391]  eta: 0:01:15  sploss: 3.8348 (3.9226)  famloss: 1.8776 (1.8797)  manuloss: 1.2486 (1.2351)  acc1: 33.5938 (31.9332)  acc5: 55.4688 (54.9988)  family_acc1: 58.2031 (59.1307)  manu_acc1: 69.9219 (71.3101)  time: 0.5071  data: 0.2916  max mem: 10892
Test:  [390/391]  eta: 0:00:00  sploss: 3.6741 (3.8595)  famloss: 1.6768 (1.8175)  manuloss: 0.9846 (1.1754)  acc1: 34.7656 (32.5700)  acc5: 58.5938 (55.9340)  family_acc1: 63.2812 (60.2400)  manu_acc1: 77.7344 (72.7590)  time: 0.4385  data: 0.2537  max mem: 10892
Test: Total time: 0:03:25 (0.5266 s / it)
* Acc@1 32.570 Acc@5 55.934 family@1 60.240 manu@1 72.759 sploss 3.859 fmloss 1.818 mfloss 1.175
FPA: 24.772% | TICE: 46.052%   
 wAP: 36.217  |  LCA: 143.253   |   Precision and Recall: 50.301%
Accuracy of the network on the 100000 test images: 32.6%
Max accuracy: 32.64%
Do not use OT loss
Epoch: [46]  [  0/312]  eta: 0:35:58  lr: 0.000149  sp_loss: 4.7315 (4.7315)  fam_loss: 3.4651 (3.4651)  manu_loss: 2.3841 (2.3841)  gk_loss: 2.1348 (2.1348)  time: 6.9198  data: 6.6272  max mem: 10892
Epoch: [46]  [250/312]  eta: 0:00:32  lr: 0.000149  sp_loss: 5.6418 (5.0964)  fam_loss: 3.7642 (3.4841)  manu_loss: 2.6409 (2.5466)  gk_loss: 2.4507 (2.2528)  time: 0.5090  data: 0.2620  max mem: 10892
Epoch: [46]  [311/312]  eta: 0:00:00  lr: 0.000149  sp_loss: 5.3648 (5.0835)  fam_loss: 3.6204 (3.4735)  manu_loss: 2.6646 (2.5390)  gk_loss: 2.3193 (2.2467)  time: 0.3378  data: 0.1063  max mem: 10892
Epoch: [46] Total time: 0:02:41 (0.5176 s / it)
Averaged stats: lr: 0.000149  sp_loss: 5.3648 (5.0835)  fam_loss: 3.6204 (3.4735)  manu_loss: 2.6646 (2.5390)  gk_loss: 2.3193 (2.2467)
Test:  [  0/391]  eta: 0:38:24  sploss: 3.7201 (3.7201)  famloss: 1.6124 (1.6124)  manuloss: 1.0579 (1.0579)  acc1: 33.2031 (33.2031)  acc5: 56.6406 (56.6406)  family_acc1: 63.6719 (63.6719)  manu_acc1: 76.9531 (76.9531)  time: 5.8938  data: 5.6502  max mem: 10892
Test:  [250/391]  eta: 0:01:19  sploss: 3.8039 (3.9293)  famloss: 1.8560 (1.8606)  manuloss: 1.2440 (1.2314)  acc1: 33.5938 (32.2258)  acc5: 55.0781 (54.9754)  family_acc1: 58.9844 (59.1882)  manu_acc1: 69.9219 (71.3132)  time: 0.6113  data: 0.3840  max mem: 10892
Test:  [390/391]  eta: 0:00:00  sploss: 3.6849 (3.8688)  famloss: 1.6652 (1.8052)  manuloss: 0.9650 (1.1744)  acc1: 33.9844 (32.7450)  acc5: 58.2031 (55.8740)  family_acc1: 63.2812 (60.1520)  manu_acc1: 78.9062 (72.6640)  time: 0.2745  data: 0.1068  max mem: 10892
Test: Total time: 0:03:29 (0.5352 s / it)
* Acc@1 32.745 Acc@5 55.874 family@1 60.152 manu@1 72.664 sploss 3.869 fmloss 1.805 mfloss 1.174
FPA: 24.765% | TICE: 46.267%   
 wAP: 36.360  |  LCA: 143.010   |   Precision and Recall: 50.354%
Accuracy of the network on the 100000 test images: 32.7%
Max accuracy: 32.74%
Do not use OT loss
Epoch: [47]  [  0/312]  eta: 0:40:11  lr: 0.000145  sp_loss: 5.5534 (5.5534)  fam_loss: 3.7214 (3.7214)  manu_loss: 2.6066 (2.6066)  gk_loss: 2.3673 (2.3673)  time: 7.7277  data: 7.4418  max mem: 10892
Epoch: [47]  [250/312]  eta: 0:00:32  lr: 0.000145  sp_loss: 5.6586 (4.8438)  fam_loss: 3.7465 (3.3241)  manu_loss: 2.6881 (2.4312)  gk_loss: 2.4763 (2.1222)  time: 0.4299  data: 0.1834  max mem: 10892
Epoch: [47]  [311/312]  eta: 0:00:00  lr: 0.000145  sp_loss: 4.7811 (4.8551)  fam_loss: 3.2239 (3.3334)  manu_loss: 2.4388 (2.4355)  gk_loss: 2.0847 (2.1309)  time: 0.3446  data: 0.1127  max mem: 10892
Epoch: [47] Total time: 0:02:40 (0.5139 s / it)
Averaged stats: lr: 0.000145  sp_loss: 4.7811 (4.8551)  fam_loss: 3.2239 (3.3334)  manu_loss: 2.4388 (2.4355)  gk_loss: 2.0847 (2.1309)
Test:  [  0/391]  eta: 0:48:28  sploss: 3.6901 (3.6901)  famloss: 1.6765 (1.6765)  manuloss: 1.1001 (1.1001)  acc1: 35.9375 (35.9375)  acc5: 60.1562 (60.1562)  family_acc1: 64.0625 (64.0625)  manu_acc1: 78.5156 (78.5156)  time: 7.4382  data: 7.1815  max mem: 10892
Test:  [250/391]  eta: 0:01:16  sploss: 3.8251 (3.9429)  famloss: 1.9466 (1.9146)  manuloss: 1.3319 (1.2787)  acc1: 33.9844 (32.5075)  acc5: 55.0781 (55.4003)  family_acc1: 57.4219 (59.2147)  manu_acc1: 68.3594 (71.2089)  time: 0.4171  data: 0.1984  max mem: 10892
Test:  [390/391]  eta: 0:00:00  sploss: 3.6869 (3.8810)  famloss: 1.7214 (1.8540)  manuloss: 1.0026 (1.2197)  acc1: 33.5938 (32.9280)  acc5: 58.2031 (56.2490)  family_acc1: 63.6719 (60.2720)  manu_acc1: 78.5156 (72.7040)  time: 0.3797  data: 0.1990  max mem: 10892
Test: Total time: 0:03:26 (0.5285 s / it)
* Acc@1 32.928 Acc@5 56.249 family@1 60.272 manu@1 72.704 sploss 3.881 fmloss 1.854 mfloss 1.220
FPA: 24.975% | TICE: 45.915%   
 wAP: 36.534  |  LCA: 142.418   |   Precision and Recall: 50.531%
Accuracy of the network on the 100000 test images: 32.9%
Max accuracy: 32.93%
Do not use OT loss
Epoch: [48]  [  0/312]  eta: 0:33:58  lr: 0.000141  sp_loss: 4.6794 (4.6794)  fam_loss: 3.0036 (3.0036)  manu_loss: 2.3577 (2.3577)  gk_loss: 1.9488 (1.9488)  time: 6.5353  data: 6.2537  max mem: 10892
Epoch: [48]  [250/312]  eta: 0:00:33  lr: 0.000141  sp_loss: 5.2520 (4.9336)  fam_loss: 3.5214 (3.3781)  manu_loss: 2.4706 (2.4668)  gk_loss: 2.2254 (2.1601)  time: 0.4116  data: 0.1592  max mem: 10892
Epoch: [48]  [311/312]  eta: 0:00:00  lr: 0.000141  sp_loss: 5.5963 (4.9571)  fam_loss: 3.6919 (3.3902)  manu_loss: 2.6824 (2.4772)  gk_loss: 2.4105 (2.1725)  time: 0.3247  data: 0.0932  max mem: 10892
Epoch: [48] Total time: 0:02:43 (0.5243 s / it)
Averaged stats: lr: 0.000141  sp_loss: 5.5963 (4.9571)  fam_loss: 3.6919 (3.3902)  manu_loss: 2.6824 (2.4772)  gk_loss: 2.4105 (2.1725)
Test:  [  0/391]  eta: 0:43:45  sploss: 3.6790 (3.6790)  famloss: 1.6208 (1.6208)  manuloss: 1.0215 (1.0215)  acc1: 30.8594 (30.8594)  acc5: 58.5938 (58.5938)  family_acc1: 63.6719 (63.6719)  manu_acc1: 78.9062 (78.9062)  time: 6.7142  data: 6.4608  max mem: 10892
Test:  [250/391]  eta: 0:01:17  sploss: 3.7664 (3.8934)  famloss: 1.8329 (1.8516)  manuloss: 1.2466 (1.2267)  acc1: 33.2031 (32.4717)  acc5: 56.2500 (55.3536)  family_acc1: 58.2031 (59.6396)  manu_acc1: 69.9219 (71.6680)  time: 0.4200  data: 0.1908  max mem: 10892
Test:  [390/391]  eta: 0:00:00  sploss: 3.6491 (3.8274)  famloss: 1.6637 (1.7899)  manuloss: 0.9651 (1.1683)  acc1: 33.9844 (33.0240)  acc5: 58.9844 (56.2980)  family_acc1: 63.6719 (60.6910)  manu_acc1: 78.1250 (73.0270)  time: 0.4634  data: 0.2978  max mem: 10892
Test: Total time: 0:03:29 (0.5350 s / it)
* Acc@1 33.024 Acc@5 56.298 family@1 60.691 manu@1 73.027 sploss 3.827 fmloss 1.790 mfloss 1.168
FPA: 25.243% | TICE: 45.441%   
 wAP: 36.667  |  LCA: 141.919   |   Precision and Recall: 50.657%
Accuracy of the network on the 100000 test images: 33.0%
Max accuracy: 33.02%
Do not use OT loss
Epoch: [49]  [  0/312]  eta: 0:40:47  lr: 0.000138  sp_loss: 5.6013 (5.6013)  fam_loss: 3.6418 (3.6418)  manu_loss: 2.7271 (2.7271)  gk_loss: 2.3798 (2.3798)  time: 7.8456  data: 7.5703  max mem: 10892
Epoch: [49]  [250/312]  eta: 0:00:33  lr: 0.000138  sp_loss: 5.2902 (4.8413)  fam_loss: 3.6406 (3.3348)  manu_loss: 2.5918 (2.4386)  gk_loss: 2.3153 (2.1184)  time: 0.4171  data: 0.1688  max mem: 10892
Epoch: [49]  [311/312]  eta: 0:00:00  lr: 0.000138  sp_loss: 4.7391 (4.8621)  fam_loss: 3.3300 (3.3455)  manu_loss: 2.3796 (2.4448)  gk_loss: 2.0632 (2.1276)  time: 0.3503  data: 0.1206  max mem: 10892
Epoch: [49] Total time: 0:02:45 (0.5289 s / it)
Averaged stats: lr: 0.000138  sp_loss: 4.7391 (4.8621)  fam_loss: 3.3300 (3.3455)  manu_loss: 2.3796 (2.4448)  gk_loss: 2.0632 (2.1276)
Test:  [  0/391]  eta: 0:42:33  sploss: 3.7768 (3.7768)  famloss: 1.6876 (1.6876)  manuloss: 1.0488 (1.0488)  acc1: 34.3750 (34.3750)  acc5: 56.6406 (56.6406)  family_acc1: 64.0625 (64.0625)  manu_acc1: 77.7344 (77.7344)  time: 6.5316  data: 6.2777  max mem: 10892
Test:  [250/391]  eta: 0:01:18  sploss: 3.8174 (3.9614)  famloss: 1.8962 (1.9180)  manuloss: 1.2925 (1.2723)  acc1: 33.9844 (32.5604)  acc5: 57.4219 (55.6041)  family_acc1: 59.3750 (59.4855)  manu_acc1: 71.0938 (71.5980)  time: 0.4480  data: 0.2298  max mem: 10892
Test:  [390/391]  eta: 0:00:00  sploss: 3.7060 (3.8958)  famloss: 1.7285 (1.8569)  manuloss: 1.0215 (1.2127)  acc1: 34.3750 (33.1440)  acc5: 58.9844 (56.5880)  family_acc1: 63.2812 (60.6360)  manu_acc1: 78.5156 (72.9900)  time: 0.4383  data: 0.2635  max mem: 10892
Test: Total time: 0:03:30 (0.5391 s / it)
* Acc@1 33.144 Acc@5 56.588 family@1 60.636 manu@1 72.990 sploss 3.896 fmloss 1.857 mfloss 1.213
FPA: 25.225% | TICE: 45.778%   
 wAP: 36.766  |  LCA: 141.265   |   Precision and Recall: 50.872%
Accuracy of the network on the 100000 test images: 33.1%
Max accuracy: 33.14%
Do not use OT loss
Epoch: [50]  [  0/312]  eta: 0:36:34  lr: 0.000134  sp_loss: 4.5818 (4.5818)  fam_loss: 3.1999 (3.1999)  manu_loss: 2.3613 (2.3613)  gk_loss: 1.9789 (1.9789)  time: 7.0326  data: 6.7371  max mem: 10892
Epoch: [50]  [250/312]  eta: 0:00:32  lr: 0.000134  sp_loss: 5.1771 (4.8834)  fam_loss: 3.4610 (3.3525)  manu_loss: 2.5022 (2.4485)  gk_loss: 2.2031 (2.1315)  time: 0.3978  data: 0.1435  max mem: 10892
Epoch: [50]  [311/312]  eta: 0:00:00  lr: 0.000134  sp_loss: 4.6234 (4.9182)  fam_loss: 3.3230 (3.3742)  manu_loss: 2.4255 (2.4646)  gk_loss: 2.0685 (2.1500)  time: 0.3423  data: 0.1137  max mem: 10892
Epoch: [50] Total time: 0:02:42 (0.5201 s / it)
Averaged stats: lr: 0.000134  sp_loss: 4.6234 (4.9182)  fam_loss: 3.3230 (3.3742)  manu_loss: 2.4255 (2.4646)  gk_loss: 2.0685 (2.1500)
Test:  [  0/391]  eta: 0:50:28  sploss: 3.8518 (3.8518)  famloss: 1.7348 (1.7348)  manuloss: 1.1024 (1.1024)  acc1: 31.6406 (31.6406)  acc5: 59.7656 (59.7656)  family_acc1: 62.5000 (62.5000)  manu_acc1: 75.0000 (75.0000)  time: 7.7446  data: 7.4457  max mem: 10892
Test:  [250/391]  eta: 0:01:17  sploss: 3.8717 (4.0045)  famloss: 1.9071 (1.9256)  manuloss: 1.2852 (1.2660)  acc1: 33.5938 (32.4577)  acc5: 56.2500 (55.4143)  family_acc1: 58.9844 (59.6458)  manu_acc1: 70.3125 (71.7692)  time: 0.4574  data: 0.2189  max mem: 10892
Test:  [390/391]  eta: 0:00:00  sploss: 3.7595 (3.9447)  famloss: 1.7367 (1.8696)  manuloss: 0.9997 (1.2089)  acc1: 33.5938 (32.9850)  acc5: 57.4219 (56.2310)  family_acc1: 63.2812 (60.6690)  manu_acc1: 78.5156 (73.1880)  time: 0.4177  data: 0.2383  max mem: 10892
Test: Total time: 0:03:28 (0.5334 s / it)
* Acc@1 32.985 Acc@5 56.231 family@1 60.669 manu@1 73.188 sploss 3.945 fmloss 1.870 mfloss 1.209
FPA: 25.262% | TICE: 45.383%   
 wAP: 36.634  |  LCA: 142.344   |   Precision and Recall: 50.555%
Accuracy of the network on the 100000 test images: 33.0%
Max accuracy: 33.14%
Do not use OT loss
Epoch: [51]  [  0/312]  eta: 0:34:23  lr: 0.000130  sp_loss: 5.4539 (5.4539)  fam_loss: 3.6997 (3.6997)  manu_loss: 2.5966 (2.5966)  gk_loss: 2.3280 (2.3280)  time: 6.6149  data: 6.3254  max mem: 10892
Epoch: [51]  [250/312]  eta: 0:00:32  lr: 0.000130  sp_loss: 5.2213 (4.7762)  fam_loss: 3.4452 (3.2934)  manu_loss: 2.5432 (2.4015)  gk_loss: 2.1705 (2.0787)  time: 0.4186  data: 0.1723  max mem: 10892
Epoch: [51]  [311/312]  eta: 0:00:00  lr: 0.000130  sp_loss: 5.3427 (4.7931)  fam_loss: 3.5698 (3.2970)  manu_loss: 2.5748 (2.4040)  gk_loss: 2.2631 (2.0851)  time: 0.3577  data: 0.1238  max mem: 10892
Epoch: [51] Total time: 0:02:41 (0.5186 s / it)
Averaged stats: lr: 0.000130  sp_loss: 5.3427 (4.7931)  fam_loss: 3.5698 (3.2970)  manu_loss: 2.5748 (2.4040)  gk_loss: 2.2631 (2.0851)
Test:  [  0/391]  eta: 0:49:39  sploss: 3.7815 (3.7815)  famloss: 1.7216 (1.7216)  manuloss: 1.1312 (1.1312)  acc1: 33.9844 (33.9844)  acc5: 58.5938 (58.5938)  family_acc1: 64.0625 (64.0625)  manu_acc1: 78.1250 (78.1250)  time: 7.6198  data: 7.3152  max mem: 10892
Test:  [250/391]  eta: 0:01:17  sploss: 3.8198 (3.9464)  famloss: 1.9060 (1.9184)  manuloss: 1.2938 (1.2835)  acc1: 35.1562 (33.0024)  acc5: 55.8594 (55.8376)  family_acc1: 58.5938 (59.6116)  manu_acc1: 70.3125 (71.9373)  time: 0.5337  data: 0.2956  max mem: 10892
Test:  [390/391]  eta: 0:00:00  sploss: 3.7092 (3.8851)  famloss: 1.7221 (1.8570)  manuloss: 1.0075 (1.2252)  acc1: 33.9844 (33.4770)  acc5: 59.7656 (56.7850)  family_acc1: 63.2812 (60.7650)  manu_acc1: 78.5156 (73.2710)  time: 0.3669  data: 0.1939  max mem: 10892
Test: Total time: 0:03:27 (0.5301 s / it)
* Acc@1 33.477 Acc@5 56.785 family@1 60.765 manu@1 73.271 sploss 3.885 fmloss 1.857 mfloss 1.225
FPA: 25.486% | TICE: 45.320%   
 wAP: 37.078  |  LCA: 140.509   |   Precision and Recall: 51.208%
Accuracy of the network on the 100000 test images: 33.5%
Max accuracy: 33.48%
Do not use OT loss
Epoch: [52]  [  0/312]  eta: 0:41:05  lr: 0.000126  sp_loss: 4.9279 (4.9279)  fam_loss: 3.3712 (3.3712)  manu_loss: 2.3611 (2.3611)  gk_loss: 2.0591 (2.0591)  time: 7.9027  data: 7.6253  max mem: 10892
Epoch: [52]  [250/312]  eta: 0:00:32  lr: 0.000126  sp_loss: 5.2461 (4.7464)  fam_loss: 3.5128 (3.2684)  manu_loss: 2.4795 (2.3846)  gk_loss: 2.2382 (2.0543)  time: 0.4175  data: 0.1719  max mem: 10892
Epoch: [52]  [311/312]  eta: 0:00:00  lr: 0.000126  sp_loss: 4.3914 (4.7647)  fam_loss: 3.0799 (3.2830)  manu_loss: 2.1746 (2.3930)  gk_loss: 1.8437 (2.0648)  time: 0.3586  data: 0.1267  max mem: 10892
Epoch: [52] Total time: 0:02:41 (0.5177 s / it)
Averaged stats: lr: 0.000126  sp_loss: 4.3914 (4.7647)  fam_loss: 3.0799 (3.2830)  manu_loss: 2.1746 (2.3930)  gk_loss: 1.8437 (2.0648)
Test:  [  0/391]  eta: 0:46:15  sploss: 3.6884 (3.6884)  famloss: 1.6112 (1.6112)  manuloss: 1.0243 (1.0243)  acc1: 33.5938 (33.5938)  acc5: 57.4219 (57.4219)  family_acc1: 66.0156 (66.0156)  manu_acc1: 76.5625 (76.5625)  time: 7.0983  data: 6.8411  max mem: 10892
Test:  [250/391]  eta: 0:01:16  sploss: 3.7532 (3.8409)  famloss: 1.7981 (1.8065)  manuloss: 1.1945 (1.1906)  acc1: 34.7656 (33.4708)  acc5: 56.6406 (56.5550)  family_acc1: 58.5938 (60.6325)  manu_acc1: 71.0938 (72.4788)  time: 0.4980  data: 0.2797  max mem: 10892
Test:  [390/391]  eta: 0:00:00  sploss: 3.5928 (3.7803)  famloss: 1.5864 (1.7457)  manuloss: 0.9114 (1.1294)  acc1: 35.1562 (33.9230)  acc5: 59.7656 (57.4260)  family_acc1: 64.4531 (61.7250)  manu_acc1: 79.2969 (73.9300)  time: 0.4177  data: 0.2403  max mem: 10892
Test: Total time: 0:03:27 (0.5299 s / it)
* Acc@1 33.923 Acc@5 57.426 family@1 61.725 manu@1 73.930 sploss 3.780 fmloss 1.746 mfloss 1.129
FPA: 26.268% | TICE: 44.539%   
 wAP: 37.579  |  LCA: 138.943   |   Precision and Recall: 51.720%
Accuracy of the network on the 100000 test images: 33.9%
Max accuracy: 33.92%
Do not use OT loss
Epoch: [53]  [  0/312]  eta: 0:33:59  lr: 0.000122  sp_loss: 5.2531 (5.2531)  fam_loss: 3.6469 (3.6469)  manu_loss: 2.5855 (2.5855)  gk_loss: 2.2642 (2.2642)  time: 6.5363  data: 6.2316  max mem: 10892
Epoch: [53]  [250/312]  eta: 0:00:32  lr: 0.000122  sp_loss: 5.1574 (4.8056)  fam_loss: 3.5118 (3.3055)  manu_loss: 2.5303 (2.4099)  gk_loss: 2.2218 (2.0781)  time: 0.4103  data: 0.1613  max mem: 10892
Epoch: [53]  [311/312]  eta: 0:00:00  lr: 0.000122  sp_loss: 5.3575 (4.7993)  fam_loss: 3.4984 (3.2952)  manu_loss: 2.5203 (2.4027)  gk_loss: 2.1933 (2.0719)  time: 0.3507  data: 0.1175  max mem: 10892
Epoch: [53] Total time: 0:02:42 (0.5214 s / it)
Averaged stats: lr: 0.000122  sp_loss: 5.3575 (4.7993)  fam_loss: 3.4984 (3.2952)  manu_loss: 2.5203 (2.4027)  gk_loss: 2.1933 (2.0719)
Test:  [  0/391]  eta: 0:54:46  sploss: 3.7377 (3.7377)  famloss: 1.6771 (1.6771)  manuloss: 1.0443 (1.0443)  acc1: 33.5938 (33.5938)  acc5: 57.8125 (57.8125)  family_acc1: 66.7969 (66.7969)  manu_acc1: 75.7812 (75.7812)  time: 8.4063  data: 8.1775  max mem: 10892
Test:  [250/391]  eta: 0:01:16  sploss: 3.7720 (3.8852)  famloss: 1.8438 (1.8816)  manuloss: 1.2427 (1.2420)  acc1: 33.5938 (33.6295)  acc5: 58.5938 (56.4259)  family_acc1: 60.9375 (60.3414)  manu_acc1: 70.7031 (72.0944)  time: 0.3935  data: 0.1707  max mem: 10892
Test:  [390/391]  eta: 0:00:00  sploss: 3.6523 (3.8251)  famloss: 1.6747 (1.8210)  manuloss: 0.9623 (1.1820)  acc1: 35.0000 (34.0440)  acc5: 58.9844 (57.3770)  family_acc1: 63.6719 (61.4260)  manu_acc1: 78.1250 (73.4880)  time: 0.4317  data: 0.2588  max mem: 10892
Test: Total time: 0:03:26 (0.5285 s / it)
* Acc@1 34.044 Acc@5 57.377 family@1 61.426 manu@1 73.488 sploss 3.825 fmloss 1.821 mfloss 1.182
FPA: 26.127% | TICE: 44.933%   
 wAP: 37.645  |  LCA: 139.228   |   Precision and Recall: 51.607%
Accuracy of the network on the 100000 test images: 34.0%
Max accuracy: 34.04%
Do not use OT loss
Epoch: [54]  [  0/312]  eta: 0:40:38  lr: 0.000119  sp_loss: 5.5721 (5.5721)  fam_loss: 3.8875 (3.8875)  manu_loss: 2.9527 (2.9527)  gk_loss: 2.5340 (2.5340)  time: 7.8142  data: 7.5333  max mem: 10892
Epoch: [54]  [250/312]  eta: 0:00:32  lr: 0.000119  sp_loss: 5.1598 (4.6880)  fam_loss: 3.5092 (3.2378)  manu_loss: 2.5284 (2.3612)  gk_loss: 2.1891 (2.0217)  time: 0.4036  data: 0.1568  max mem: 10892
Epoch: [54]  [311/312]  eta: 0:00:00  lr: 0.000119  sp_loss: 5.2744 (4.7327)  fam_loss: 3.5091 (3.2642)  manu_loss: 2.5735 (2.3785)  gk_loss: 2.2390 (2.0431)  time: 0.3405  data: 0.1071  max mem: 10892
Epoch: [54] Total time: 0:02:41 (0.5186 s / it)
Averaged stats: lr: 0.000119  sp_loss: 5.2744 (4.7327)  fam_loss: 3.5091 (3.2642)  manu_loss: 2.5735 (2.3785)  gk_loss: 2.2390 (2.0431)
Test:  [  0/391]  eta: 0:45:12  sploss: 3.9549 (3.9549)  famloss: 1.8287 (1.8287)  manuloss: 1.1523 (1.1523)  acc1: 32.8125 (32.8125)  acc5: 56.6406 (56.6406)  family_acc1: 65.2344 (65.2344)  manu_acc1: 79.2969 (79.2969)  time: 6.9364  data: 6.6843  max mem: 10892
Test:  [250/391]  eta: 0:01:17  sploss: 4.0163 (4.1337)  famloss: 2.0187 (2.0519)  manuloss: 1.3915 (1.3761)  acc1: 33.5938 (32.0453)  acc5: 54.2969 (54.9023)  family_acc1: 58.9844 (58.9579)  manu_acc1: 69.5312 (71.2852)  time: 0.4032  data: 0.1754  max mem: 10892
Test:  [390/391]  eta: 0:00:00  sploss: 3.8970 (4.0771)  famloss: 1.8737 (1.9926)  manuloss: 1.1455 (1.3185)  acc1: 34.7656 (32.6190)  acc5: 57.8125 (55.8170)  family_acc1: 63.2812 (60.1220)  manu_acc1: 78.5156 (72.6840)  time: 0.4177  data: 0.2431  max mem: 10892
Test: Total time: 0:03:28 (0.5324 s / it)
* Acc@1 32.619 Acc@5 55.817 family@1 60.122 manu@1 72.684 sploss 4.077 fmloss 1.993 mfloss 1.318
FPA: 24.697% | TICE: 46.508%   
 wAP: 36.247  |  LCA: 143.465   |   Precision and Recall: 50.160%
Accuracy of the network on the 100000 test images: 32.6%
Max accuracy: 34.04%
Do not use OT loss
Epoch: [55]  [  0/312]  eta: 0:39:42  lr: 0.000115  sp_loss: 5.6190 (5.6190)  fam_loss: 3.7444 (3.7444)  manu_loss: 2.6795 (2.6795)  gk_loss: 2.4156 (2.4156)  time: 7.6349  data: 7.3455  max mem: 10892
Epoch: [55]  [250/312]  eta: 0:00:32  lr: 0.000115  sp_loss: 5.1525 (4.7054)  fam_loss: 3.4189 (3.2445)  manu_loss: 2.5153 (2.3728)  gk_loss: 2.0827 (2.0199)  time: 0.3849  data: 0.1363  max mem: 10892
Epoch: [55]  [311/312]  eta: 0:00:00  lr: 0.000115  sp_loss: 5.0949 (4.7074)  fam_loss: 3.3436 (3.2449)  manu_loss: 2.4340 (2.3706)  gk_loss: 2.1134 (2.0197)  time: 0.3407  data: 0.1109  max mem: 10892
Epoch: [55] Total time: 0:02:42 (0.5206 s / it)
Averaged stats: lr: 0.000115  sp_loss: 5.0949 (4.7074)  fam_loss: 3.3436 (3.2449)  manu_loss: 2.4340 (2.3706)  gk_loss: 2.1134 (2.0197)
Test:  [  0/391]  eta: 0:43:22  sploss: 3.7588 (3.7588)  famloss: 1.6046 (1.6046)  manuloss: 0.9618 (0.9618)  acc1: 31.2500 (31.2500)  acc5: 59.3750 (59.3750)  family_acc1: 65.6250 (65.6250)  manu_acc1: 79.6875 (79.6875)  time: 6.6569  data: 6.4044  max mem: 10892
Test:  [250/391]  eta: 0:01:16  sploss: 3.8064 (3.9314)  famloss: 1.8719 (1.8858)  manuloss: 1.2716 (1.2424)  acc1: 35.1562 (33.3074)  acc5: 57.4219 (56.3107)  family_acc1: 60.5469 (60.6309)  manu_acc1: 71.0938 (72.5987)  time: 0.4923  data: 0.2513  max mem: 10892
Test:  [390/391]  eta: 0:00:00  sploss: 3.7351 (3.8746)  famloss: 1.6802 (1.8281)  manuloss: 0.9779 (1.1846)  acc1: 35.1562 (33.7920)  acc5: 58.9844 (57.1860)  family_acc1: 64.0625 (61.6740)  manu_acc1: 78.5156 (73.9370)  time: 0.4656  data: 0.2848  max mem: 10892
Test: Total time: 0:03:25 (0.5251 s / it)
* Acc@1 33.792 Acc@5 57.186 family@1 61.674 manu@1 73.937 sploss 3.875 fmloss 1.828 mfloss 1.185
FPA: 26.179% | TICE: 44.909%   
 wAP: 37.459  |  LCA: 139.799   |   Precision and Recall: 51.429%
Accuracy of the network on the 100000 test images: 33.8%
Max accuracy: 34.04%
Do not use OT loss
Epoch: [56]  [  0/312]  eta: 0:36:59  lr: 0.000111  sp_loss: 4.5233 (4.5233)  fam_loss: 3.1628 (3.1628)  manu_loss: 2.1975 (2.1975)  gk_loss: 1.9066 (1.9066)  time: 7.1151  data: 6.8194  max mem: 10892
Epoch: [56]  [250/312]  eta: 0:00:33  lr: 0.000111  sp_loss: 4.7157 (4.7087)  fam_loss: 3.3563 (3.2407)  manu_loss: 2.3493 (2.3660)  gk_loss: 2.0428 (2.0153)  time: 0.4412  data: 0.1943  max mem: 10892
Epoch: [56]  [311/312]  eta: 0:00:00  lr: 0.000111  sp_loss: 5.1831 (4.7197)  fam_loss: 3.3612 (3.2502)  manu_loss: 2.3626 (2.3710)  gk_loss: 2.1061 (2.0218)  time: 0.3371  data: 0.1073  max mem: 10892
Epoch: [56] Total time: 0:02:43 (0.5244 s / it)
Averaged stats: lr: 0.000111  sp_loss: 5.1831 (4.7197)  fam_loss: 3.3612 (3.2502)  manu_loss: 2.3626 (2.3710)  gk_loss: 2.1061 (2.0218)
Test:  [  0/391]  eta: 0:40:02  sploss: 3.7342 (3.7342)  famloss: 1.6661 (1.6661)  manuloss: 1.0672 (1.0672)  acc1: 33.9844 (33.9844)  acc5: 57.0312 (57.0312)  family_acc1: 64.0625 (64.0625)  manu_acc1: 77.3438 (77.3438)  time: 6.1439  data: 5.8604  max mem: 10892
Test:  [250/391]  eta: 0:01:16  sploss: 3.8683 (3.9401)  famloss: 1.8477 (1.8660)  manuloss: 1.2399 (1.2271)  acc1: 35.1562 (32.9635)  acc5: 56.2500 (55.9559)  family_acc1: 59.7656 (60.2932)  manu_acc1: 69.9219 (72.2952)  time: 0.4382  data: 0.2131  max mem: 10892
Test:  [390/391]  eta: 0:00:00  sploss: 3.7458 (3.8792)  famloss: 1.6921 (1.8071)  manuloss: 0.9787 (1.1690)  acc1: 33.2031 (33.5140)  acc5: 57.4219 (56.7860)  family_acc1: 63.6719 (61.4190)  manu_acc1: 78.9062 (73.6940)  time: 0.4473  data: 0.2647  max mem: 10892
Test: Total time: 0:03:27 (0.5308 s / it)
* Acc@1 33.514 Acc@5 56.786 family@1 61.419 manu@1 73.694 sploss 3.879 fmloss 1.807 mfloss 1.169
FPA: 26.007% | TICE: 45.048%   
 wAP: 37.184  |  LCA: 140.908   |   Precision and Recall: 51.075%
Accuracy of the network on the 100000 test images: 33.5%
Max accuracy: 34.04%
Do not use OT loss
Epoch: [57]  [  0/312]  eta: 0:40:00  lr: 0.000108  sp_loss: 3.0189 (3.0189)  fam_loss: 2.3265 (2.3265)  manu_loss: 1.6665 (1.6665)  gk_loss: 1.2741 (1.2741)  time: 7.6933  data: 7.4188  max mem: 10892
Epoch: [57]  [250/312]  eta: 0:00:32  lr: 0.000108  sp_loss: 4.7201 (4.6471)  fam_loss: 3.2427 (3.2046)  manu_loss: 2.3866 (2.3434)  gk_loss: 2.0204 (1.9831)  time: 0.4545  data: 0.2102  max mem: 10892
Epoch: [57]  [311/312]  eta: 0:00:00  lr: 0.000108  sp_loss: 5.4180 (4.6857)  fam_loss: 3.5722 (3.2248)  manu_loss: 2.6210 (2.3555)  gk_loss: 2.2803 (2.0005)  time: 0.3754  data: 0.1424  max mem: 10892
Epoch: [57] Total time: 0:02:38 (0.5089 s / it)
Averaged stats: lr: 0.000108  sp_loss: 5.4180 (4.6857)  fam_loss: 3.5722 (3.2248)  manu_loss: 2.6210 (2.3555)  gk_loss: 2.2803 (2.0005)
