/lustre/scratch/client/movian/research/users/quanpn2/virtual/hcast/lib/python3.10/site-packages/torch/distributed/launch.py:181: FutureWarning: The module torch.distributed.launch is deprecated
and will be removed in future. Use torchrun.
Note that --use-env is set by default in torchrun.
If your script expects `--local-rank` argument to be set, please
change it to read from `os.environ['LOCAL_RANK']` instead. See 
https://pytorch.org/docs/stable/distributed.html#launch-utility for 
further instructions

  warnings.warn(
[2026-01-28 13:09:10,459] torch.distributed.run: [WARNING] 
[2026-01-28 13:09:10,459] torch.distributed.run: [WARNING] *****************************************
[2026-01-28 13:09:10,459] torch.distributed.run: [WARNING] Setting OMP_NUM_THREADS environment variable for each process to be 1 in default, to avoid your system being overloaded, please further tune the variable for optimal performance in your application as needed. 
[2026-01-28 13:09:10,459] torch.distributed.run: [WARNING] *****************************************
Traceback (most recent call last):
  File "/lustre/scratch/client/movian/research/users/quanpn2/public/HiOT/hiot-imagenet/main.py", line 474, in <module>
    main(args)
  File "/lustre/scratch/client/movian/research/users/quanpn2/public/HiOT/hiot-imagenet/main.py", line 198, in main
    utils.init_distributed_mode(args)
  File "/lustre/scratch/client/movian/research/users/quanpn2/public/HiOT/hiot-imagenet/utils.py", line 323, in init_distributed_mode
    torch.distributed.barrier()
  File "/lustre/scratch/client/movian/research/users/quanpn2/virtual/hcast/lib/python3.10/site-packages/torch/distributed/c10d_logger.py", line 47, in wrapper
    return func(*args, **kwargs)
  File "/lustre/scratch/client/movian/research/users/quanpn2/virtual/hcast/lib/python3.10/site-packages/torch/distributed/distributed_c10d.py", line 3696, in barrier
    work = default_pg.barrier(opts=opts)
RuntimeError: CUDA error: uncorrectable ECC error encountered
CUDA kernel errors might be asynchronously reported at some other API call, so the stacktrace below might be incorrect.
For debugging consider passing CUDA_LAUNCH_BLOCKING=1.
Compile with `TORCH_USE_CUDA_DSA` to enable device-side assertions.

[2026-01-28 13:09:20,477] torch.distributed.elastic.multiprocessing.api: [WARNING] Sending process 1806255 closing signal SIGTERM
[2026-01-28 13:09:20,692] torch.distributed.elastic.multiprocessing.api: [ERROR] failed (exitcode: 1) local_rank: 0 (pid: 1806252) of binary: /lustre/scratch/client/movian/research/users/quanpn2/virtual/hcast/bin/python
Traceback (most recent call last):
  File "/lustre/scratch/client/movian/research/users/quanpn2/virtual/hcast/lib/python3.10/runpy.py", line 196, in _run_module_as_main
    return _run_code(code, main_globals, None,
  File "/lustre/scratch/client/movian/research/users/quanpn2/virtual/hcast/lib/python3.10/runpy.py", line 86, in _run_code
    exec(code, run_globals)
  File "/lustre/scratch/client/movian/research/users/quanpn2/virtual/hcast/lib/python3.10/site-packages/torch/distributed/launch.py", line 196, in <module>
    main()
  File "/lustre/scratch/client/movian/research/users/quanpn2/virtual/hcast/lib/python3.10/site-packages/torch/distributed/launch.py", line 192, in main
    launch(args)
  File "/lustre/scratch/client/movian/research/users/quanpn2/virtual/hcast/lib/python3.10/site-packages/torch/distributed/launch.py", line 177, in launch
    run(args)
  File "/lustre/scratch/client/movian/research/users/quanpn2/virtual/hcast/lib/python3.10/site-packages/torch/distributed/run.py", line 797, in run
    elastic_launch(
  File "/lustre/scratch/client/movian/research/users/quanpn2/virtual/hcast/lib/python3.10/site-packages/torch/distributed/launcher/api.py", line 134, in __call__
    return launch_agent(self._config, self._entrypoint, list(args))
  File "/lustre/scratch/client/movian/research/users/quanpn2/virtual/hcast/lib/python3.10/site-packages/torch/distributed/launcher/api.py", line 264, in launch_agent
    raise ChildFailedError(
torch.distributed.elastic.multiprocessing.errors.ChildFailedError: 
============================================================
main.py FAILED
------------------------------------------------------------
Failures:
  <NO_OTHER_FAILURES>
------------------------------------------------------------
Root Cause (first observed failure):
[0]:
  time      : 2026-01-28_13:09:20
  host      : sdc2-hpc-dgx-a100-004
  rank      : 0 (local_rank: 0)
  exitcode  : 1 (pid: 1806252)
  error_file: <N/A>
  traceback : To enable traceback see: https://pytorch.org/docs/stable/elastic/errors.html
============================================================
