chmod: changing permissions of '/lustre/scratch/client/movian/research/users/quanpn2/public/HiOT/results_new/few_shot/four/1ot.out': Operation not permitted
chmod: changing permissions of '/lustre/scratch/client/movian/research/users/quanpn2/public/HiOT/results_new/few_shot/four/2ot.err': Operation not permitted
chmod: changing permissions of '/lustre/scratch/client/movian/research/users/quanpn2/public/HiOT/results_new/few_shot/four/2ot.out': Operation not permitted
chmod: changing permissions of '/lustre/scratch/client/movian/research/users/quanpn2/public/HiOT/results_new/few_shot/four/5ot.err': Operation not permitted
chmod: changing permissions of '/lustre/scratch/client/movian/research/users/quanpn2/public/HiOT/results_new/few_shot/four/10ot.out': Operation not permitted
chmod: changing permissions of '/lustre/scratch/client/movian/research/users/quanpn2/public/HiOT/results_new/few_shot/four/0.5ot.err': Operation not permitted
chmod: changing permissions of '/lustre/scratch/client/movian/research/users/quanpn2/public/HiOT/results_new/few_shot/four/1ot.err': Operation not permitted
chmod: changing permissions of '/lustre/scratch/client/movian/research/users/quanpn2/public/HiOT/results_new/few_shot/four/5ot.out': Operation not permitted
chmod: changing permissions of '/lustre/scratch/client/movian/research/users/quanpn2/public/HiOT/results_new/few_shot/four/hcast.err': Operation not permitted
chmod: changing permissions of '/lustre/scratch/client/movian/research/users/quanpn2/public/HiOT/results_new/few_shot/four/0ot.err': Operation not permitted
chmod: changing permissions of '/lustre/scratch/client/movian/research/users/quanpn2/public/HiOT/results_new/few_shot/four/0.5ot.out': Operation not permitted
chmod: changing permissions of '/lustre/scratch/client/movian/research/users/quanpn2/public/HiOT/results_new/few_shot/four/hcast.out': Operation not permitted
chmod: changing permissions of '/lustre/scratch/client/movian/research/users/quanpn2/public/HiOT/results_new/few_shot/four/0.25ot.err': Operation not permitted
chmod: changing permissions of '/lustre/scratch/client/movian/research/users/quanpn2/public/HiOT/results_new/few_shot/four/10ot.err': Operation not permitted
chmod: changing permissions of '/lustre/scratch/client/movian/research/users/quanpn2/public/HiOT/results_new/few_shot/four/0.25ot.out': Operation not permitted
chmod: changing permissions of '/lustre/scratch/client/movian/research/users/quanpn2/public/HiOT/results_new/few_shot/four/0ot.out': Operation not permitted
chmod: changing permissions of '/lustre/scratch/client/movian/research/users/quanpn2/public/HiOT/results_new/few_shot/eight/1ot.out': Operation not permitted
chmod: changing permissions of '/lustre/scratch/client/movian/research/users/quanpn2/public/HiOT/results_new/few_shot/eight/0.5weight.err': Operation not permitted
chmod: changing permissions of '/lustre/scratch/client/movian/research/users/quanpn2/public/HiOT/results_new/few_shot/eight/2ot.err': Operation not permitted
chmod: changing permissions of '/lustre/scratch/client/movian/research/users/quanpn2/public/HiOT/results_new/few_shot/eight/2ot.out': Operation not permitted
chmod: changing permissions of '/lustre/scratch/client/movian/research/users/quanpn2/public/HiOT/results_new/few_shot/eight/1ot.err': Operation not permitted
chmod: changing permissions of '/lustre/scratch/client/movian/research/users/quanpn2/public/HiOT/results_new/few_shot/eight/0.5weight.out': Operation not permitted
chmod: changing permissions of '/lustre/scratch/client/movian/research/users/quanpn2/public/HiOT/results_new/few_shot/eight/0ot.err': Operation not permitted
chmod: changing permissions of '/lustre/scratch/client/movian/research/users/quanpn2/public/HiOT/results_new/few_shot/eight/0.25ot.err': Operation not permitted
chmod: changing permissions of '/lustre/scratch/client/movian/research/users/quanpn2/public/HiOT/results_new/few_shot/eight/0.25ot.out': Operation not permitted
chmod: changing permissions of '/lustre/scratch/client/movian/research/users/quanpn2/public/HiOT/results_new/few_shot/eight/0ot.out': Operation not permitted
