Namespace(batch_size=256, epochs=100, bce_loss=False, unscale_lr=False, few_shot=0, model='cast_small', input_size=224, drop=0.0, drop_path=0.1, model_ema=True, model_ema_decay=0.99996, model_ema_force_cpu=False, num_superpixels=196, opt='adamw', opt_eps=1e-08, opt_betas=None, clip_grad=None, momentum=0.9, weight_decay=0.02, sched='cosine', lr=0.005, lr_noise=None, lr_noise_pct=0.67, lr_noise_std=1.0, warmup_lr=1e-06, min_lr=1e-05, decay_epochs=30, warmup_epochs=5, cooldown_epochs=10, patience_epochs=10, decay_rate=0.1, color_jitter=0.3, aa='rand-m9-mstd0.5-inc1', smoothing=0.1, train_interpolation='bicubic', repeated_aug=True, train_mode=True, ThreeAugment=False, src=False, reprob=0.25, remode='pixel', recount=1, resplit=False, mixup=0.8, cutmix=1.0, cutmix_minmax=None, mixup_prob=1.0, mixup_switch_prob=0.5, mixup_mode='batch', teacher_model='regnety_160', teacher_path='', distillation_type='none', distillation_alpha=0.5, distillation_tau=1.0, cosub=False, finetune='best_checkpoint.pth', attn_only=False, data_path='../dataset/', data_set='INAT21-MINI-HIER-SUPERPIXEL', path_yn=False, inat_category='name', output_dir='./output/new_baseline/full/0.5ot_5e-3lr_0.02wd', device='cuda', seed=0, resume='', start_epoch=0, eval=False, eval_crop_ratio=0.875, dist_eval=False, num_workers=12, pin_mem=True, distributed=True, world_size=1, dist_url='env://', globalkl=False, ot_loss=True, learnable_ot=False, ot_weight=0.5, base_weight=0.5, globalbce=False, gk_weight=1, filename='results.csv', breeds_sort='entity13', random_seed=1, local_rank=-1, tree_path='./data/inat21_3tree.json', label_weight=[1, 2, 3])
| distributed init (rank 0): env://
seed 0
args.nb_classes [10000, 1103, 273]
Creating model: cast_small
dict_keys(['model', 'optimizer', 'lr_scheduler', 'epoch', 'model_ema', 'scaler', 'args'])
Removing key head.weight from pretrained checkpoint
Removing key head.bias from pretrained checkpoint
number of params: 30556704
Start training for 100 epochs
Epoch: [0]  [   0/1953]  eta: 6:31:39  lr: 0.000001  sp_loss: 9.2987 (9.2987)  fam_loss: 7.1264 (7.1264)  manu_loss: 5.6543 (5.6543)  ot_loss: 0.5586 (0.5586)  base_loss: 9.4203 (9.4203)  time: 12.0327  data: 6.1934  max mem: 10976
Epoch: [0]  [ 250/1953]  eta: 0:12:00  lr: 0.000001  sp_loss: 9.2543 (9.2669)  fam_loss: 7.0078 (7.0522)  manu_loss: 5.4285 (5.5305)  ot_loss: 0.5577 (0.5581)  base_loss: 9.3330 (9.3650)  time: 0.3894  data: 0.0813  max mem: 11360
Epoch: [0]  [ 500/1953]  eta: 0:09:47  lr: 0.000001  sp_loss: 9.2574 (9.2652)  fam_loss: 6.9367 (7.0127)  manu_loss: 5.1049 (5.3967)  ot_loss: 0.5568 (0.5576)  base_loss: 9.2601 (9.3338)  time: 0.3954  data: 0.0891  max mem: 11360
Epoch: [0]  [ 750/1953]  eta: 0:07:58  lr: 0.000001  sp_loss: 9.2638 (9.2630)  fam_loss: 6.8066 (6.9654)  manu_loss: 4.7215 (5.2325)  ot_loss: 0.5565 (0.5573)  base_loss: 9.1771 (9.2940)  time: 0.3717  data: 0.0654  max mem: 11360
Epoch: [0]  [1000/1953]  eta: 0:06:15  lr: 0.000001  sp_loss: 9.2540 (9.2608)  fam_loss: 6.6608 (6.9077)  manu_loss: 4.5633 (5.0876)  ot_loss: 0.5570 (0.5572)  base_loss: 9.0815 (9.2530)  time: 0.3736  data: 0.0628  max mem: 11360
Epoch: [0]  [1250/1953]  eta: 0:04:35  lr: 0.000001  sp_loss: 9.2534 (9.2594)  fam_loss: 6.4775 (6.8429)  manu_loss: 4.4306 (4.9750)  ot_loss: 0.5578 (0.5572)  base_loss: 9.0245 (9.2150)  time: 0.3548  data: 0.0498  max mem: 11360
Epoch: [0]  [1500/1953]  eta: 0:02:57  lr: 0.000001  sp_loss: 9.2481 (9.2585)  fam_loss: 6.3720 (6.7766)  manu_loss: 4.4292 (4.8867)  ot_loss: 0.5587 (0.5574)  base_loss: 8.9660 (9.1807)  time: 0.3942  data: 0.0859  max mem: 11360
Epoch: [0]  [1750/1953]  eta: 0:01:19  lr: 0.000001  sp_loss: 9.2522 (9.2573)  fam_loss: 6.3380 (6.7163)  manu_loss: 4.4191 (4.8193)  ot_loss: 0.5591 (0.5576)  base_loss: 8.9461 (9.1512)  time: 0.3964  data: 0.0919  max mem: 11360
Epoch: [0]  [1952/1953]  eta: 0:00:00  lr: 0.000001  sp_loss: 9.2498 (9.2565)  fam_loss: 6.1970 (6.6699)  manu_loss: 4.3734 (4.7721)  ot_loss: 0.5597 (0.5578)  base_loss: 8.9144 (9.1295)  time: 0.3711  data: 0.0927  max mem: 11360
Epoch: [0] Total time: 0:12:42 (0.3902 s / it)
Averaged stats: lr: 0.000001  sp_loss: 9.2498 (9.2565)  fam_loss: 6.1970 (6.6699)  manu_loss: 4.3734 (4.7721)  ot_loss: 0.5597 (0.5578)  base_loss: 8.9144 (9.1295)
Test:  [  0/391]  eta: 0:41:57  sploss: 9.2470 (9.2470)  famloss: 6.2211 (6.2211)  manuloss: 4.1842 (4.1842)  acc1: 0.0000 (0.0000)  acc5: 0.0000 (0.0000)  family_acc1: 5.0781 (5.0781)  manu_acc1: 19.1406 (19.1406)  time: 6.4374  data: 6.0809  max mem: 11360
Test:  [250/391]  eta: 0:01:00  sploss: 9.2507 (9.2446)  famloss: 5.9521 (6.0233)  manuloss: 3.9857 (3.9712)  acc1: 0.0000 (0.0140)  acc5: 0.0000 (0.0700)  family_acc1: 5.8594 (6.8678)  manu_acc1: 19.9219 (22.4944)  time: 0.3293  data: 0.1131  max mem: 11360
Test:  [390/391]  eta: 0:00:00  sploss: 9.2511 (9.2452)  famloss: 6.2591 (6.0129)  manuloss: 3.7980 (3.8995)  acc1: 0.0000 (0.0110)  acc5: 0.0000 (0.0570)  family_acc1: 3.9062 (6.9170)  manu_acc1: 26.9531 (23.8650)  time: 0.4342  data: 0.2208  max mem: 11360
Test: Total time: 0:02:46 (0.4254 s / it)
* Acc@1 0.011 Acc@5 0.057 family@1 6.917 manu@1 23.865 sploss 9.245 fmloss 6.013 mfloss 3.899
FPA: 0.001% | TICE: 96.260%   
 wAP: 1.253  |  LCA: 295.767   |   Precision and Recall: 1.241%
Accuracy of the network on the 100000 test images: 0.0%
Max accuracy: 0.01%
Epoch: [1]  [   0/1953]  eta: 3:14:10  lr: 0.000001  sp_loss: 9.2275 (9.2275)  fam_loss: 6.2931 (6.2931)  manu_loss: 4.0561 (4.0561)  ot_loss: 0.5595 (0.5595)  base_loss: 8.8860 (8.8860)  time: 5.9653  data: 5.5082  max mem: 11360
Epoch: [1]  [ 250/1953]  eta: 0:11:36  lr: 0.000001  sp_loss: 9.2416 (9.2453)  fam_loss: 6.1166 (6.1917)  manu_loss: 4.2302 (4.3118)  ot_loss: 0.5604 (0.5600)  base_loss: 8.8703 (8.9064)  time: 0.3511  data: 0.0505  max mem: 11360
Epoch: [1]  [ 500/1953]  eta: 0:09:35  lr: 0.000001  sp_loss: 9.2510 (9.2457)  fam_loss: 6.1156 (6.1599)  manu_loss: 4.3061 (4.2948)  ot_loss: 0.5609 (0.5603)  base_loss: 8.8729 (8.8937)  time: 0.3812  data: 0.0795  max mem: 11360
Epoch: [1]  [ 750/1953]  eta: 0:07:52  lr: 0.000001  sp_loss: 9.2477 (9.2445)  fam_loss: 6.0879 (6.1382)  manu_loss: 4.2277 (4.2830)  ot_loss: 0.5612 (0.5605)  base_loss: 8.8683 (8.8837)  time: 0.4103  data: 0.1025  max mem: 11360
Epoch: [1]  [1000/1953]  eta: 0:06:12  lr: 0.000001  sp_loss: 9.2369 (9.2441)  fam_loss: 5.9534 (6.1035)  manu_loss: 4.0959 (4.2606)  ot_loss: 0.5618 (0.5608)  base_loss: 8.7718 (8.8690)  time: 0.4109  data: 0.0951  max mem: 11360
Epoch: [1]  [1250/1953]  eta: 0:04:33  lr: 0.000001  sp_loss: 9.2390 (9.2432)  fam_loss: 5.9832 (6.0824)  manu_loss: 4.1460 (4.2425)  ot_loss: 0.5619 (0.5610)  base_loss: 8.7994 (8.8583)  time: 0.3897  data: 0.0832  max mem: 11360
Epoch: [1]  [1500/1953]  eta: 0:02:55  lr: 0.000001  sp_loss: 9.2379 (9.2424)  fam_loss: 5.9862 (6.0649)  manu_loss: 4.0881 (4.2264)  ot_loss: 0.5621 (0.5612)  base_loss: 8.7953 (8.8491)  time: 0.3505  data: 0.0442  max mem: 11360
Epoch: [1]  [1750/1953]  eta: 0:01:18  lr: 0.000001  sp_loss: 9.2389 (9.2416)  fam_loss: 5.9126 (6.0482)  manu_loss: 4.0744 (4.2111)  ot_loss: 0.5626 (0.5614)  base_loss: 8.7606 (8.8402)  time: 0.3515  data: 0.0486  max mem: 11360
Epoch: [1]  [1952/1953]  eta: 0:00:00  lr: 0.000001  sp_loss: 9.2383 (9.2413)  fam_loss: 5.8518 (6.0322)  manu_loss: 4.0609 (4.1949)  ot_loss: 0.5632 (0.5615)  base_loss: 8.7540 (8.8320)  time: 0.3728  data: 0.0935  max mem: 11360
Epoch: [1] Total time: 0:12:34 (0.3863 s / it)
Averaged stats: lr: 0.000001  sp_loss: 9.2383 (9.2413)  fam_loss: 5.8518 (6.0322)  manu_loss: 4.0609 (4.1949)  ot_loss: 0.5632 (0.5615)  base_loss: 8.7540 (8.8320)
Test:  [  0/391]  eta: 0:38:40  sploss: 9.2404 (9.2404)  famloss: 5.7269 (5.7269)  manuloss: 3.6393 (3.6393)  acc1: 0.0000 (0.0000)  acc5: 0.0000 (0.0000)  family_acc1: 8.2031 (8.2031)  manu_acc1: 24.6094 (24.6094)  time: 5.9340  data: 5.6760  max mem: 11360
Test:  [250/391]  eta: 0:00:57  sploss: 9.2378 (9.2334)  famloss: 5.4071 (5.5099)  manuloss: 3.5048 (3.4947)  acc1: 0.0000 (0.0125)  acc5: 0.0000 (0.0654)  family_acc1: 8.5938 (9.5166)  manu_acc1: 24.2188 (27.2566)  time: 0.3178  data: 0.1040  max mem: 11360
Test:  [390/391]  eta: 0:00:00  sploss: 9.2390 (9.2337)  famloss: 5.6627 (5.4764)  manuloss: 3.2068 (3.4124)  acc1: 0.0000 (0.0090)  acc5: 0.0000 (0.0520)  family_acc1: 8.2031 (9.9320)  manu_acc1: 33.9844 (28.9870)  time: 0.3974  data: 0.1876  max mem: 11360
Test: Total time: 0:02:35 (0.3988 s / it)
* Acc@1 0.009 Acc@5 0.052 family@1 9.932 manu@1 28.987 sploss 9.234 fmloss 5.476 mfloss 3.412
FPA: 0.000% | TICE: 98.727%   
 wAP: 1.667  |  LCA: 295.686   |   Precision and Recall: 1.364%
Accuracy of the network on the 100000 test images: 0.0%
Max accuracy: 0.01%
Epoch: [2]  [   0/1953]  eta: 3:21:00  lr: 0.000501  sp_loss: 9.2061 (9.2061)  fam_loss: 5.8833 (5.8833)  manu_loss: 4.0139 (4.0139)  ot_loss: 0.5635 (0.5635)  base_loss: 8.7266 (8.7266)  time: 6.1754  data: 5.8240  max mem: 11360
Epoch: [2]  [ 250/1953]  eta: 0:11:30  lr: 0.000501  sp_loss: 9.0709 (9.1786)  fam_loss: 5.4564 (5.5769)  manu_loss: 3.8065 (3.8406)  ot_loss: 0.5889 (0.5799)  base_loss: 8.3912 (8.5233)  time: 0.3637  data: 0.0542  max mem: 11360
Epoch: [2]  [ 500/1953]  eta: 0:09:35  lr: 0.000501  sp_loss: 8.8326 (9.0280)  fam_loss: 5.2516 (5.4108)  manu_loss: 3.7335 (3.7401)  ot_loss: 0.6072 (0.5926)  base_loss: 8.1833 (8.3550)  time: 0.3506  data: 0.0439  max mem: 11360
Epoch: [2]  [ 750/1953]  eta: 0:07:55  lr: 0.000501  sp_loss: 8.5041 (8.8871)  fam_loss: 5.0435 (5.3052)  manu_loss: 3.5378 (3.6816)  ot_loss: 0.6351 (0.6043)  base_loss: 7.8630 (8.2246)  time: 0.3990  data: 0.0909  max mem: 11360
Epoch: [2]  [1000/1953]  eta: 0:06:14  lr: 0.000501  sp_loss: 8.2937 (8.7495)  fam_loss: 4.9205 (5.2153)  manu_loss: 3.5334 (3.6290)  ot_loss: 0.6574 (0.6150)  base_loss: 7.7254 (8.1054)  time: 0.4027  data: 0.0970  max mem: 11360
Epoch: [2]  [1250/1953]  eta: 0:04:35  lr: 0.000501  sp_loss: 8.1404 (8.6278)  fam_loss: 4.8874 (5.1454)  manu_loss: 3.5250 (3.5890)  ot_loss: 0.6604 (0.6243)  base_loss: 7.6261 (8.0045)  time: 0.4048  data: 0.0962  max mem: 11360
Epoch: [2]  [1500/1953]  eta: 0:02:56  lr: 0.000501  sp_loss: 8.0717 (8.5221)  fam_loss: 4.8907 (5.0897)  manu_loss: 3.5320 (3.5561)  ot_loss: 0.6702 (0.6324)  base_loss: 7.6246 (7.9187)  time: 0.3569  data: 0.0494  max mem: 11360
Epoch: [2]  [1750/1953]  eta: 0:01:19  lr: 0.000501  sp_loss: 7.8438 (8.4257)  fam_loss: 4.7199 (5.0419)  manu_loss: 3.2491 (3.5270)  ot_loss: 0.6924 (0.6398)  base_loss: 7.3851 (7.8418)  time: 0.3596  data: 0.0475  max mem: 11360
Epoch: [2]  [1952/1953]  eta: 0:00:00  lr: 0.000501  sp_loss: 7.7372 (8.3534)  fam_loss: 4.6671 (5.0060)  manu_loss: 3.3403 (3.5061)  ot_loss: 0.6897 (0.6451)  base_loss: 7.2951 (7.7847)  time: 0.3650  data: 0.0873  max mem: 11360
Epoch: [2] Total time: 0:12:40 (0.3895 s / it)
Averaged stats: lr: 0.000501  sp_loss: 7.7372 (8.3534)  fam_loss: 4.6671 (5.0060)  manu_loss: 3.3403 (3.5061)  ot_loss: 0.6897 (0.6451)  base_loss: 7.2951 (7.7847)
Test:  [  0/391]  eta: 0:39:56  sploss: 5.3927 (5.3927)  famloss: 2.5860 (2.5860)  manuloss: 1.6237 (1.6237)  acc1: 12.8906 (12.8906)  acc5: 28.9062 (28.9062)  family_acc1: 41.4062 (41.4062)  manu_acc1: 58.5938 (58.5938)  time: 6.1297  data: 5.9021  max mem: 11360
Test:  [250/391]  eta: 0:00:57  sploss: 5.6734 (5.6933)  famloss: 2.8373 (2.8365)  manuloss: 1.8871 (1.8340)  acc1: 8.9844 (9.6660)  acc5: 23.8281 (23.5620)  family_acc1: 37.8906 (37.5669)  manu_acc1: 52.3438 (54.6828)  time: 0.3147  data: 0.1179  max mem: 11360
Test:  [390/391]  eta: 0:00:00  sploss: 5.4550 (5.6368)  famloss: 2.5894 (2.7720)  manuloss: 1.4413 (1.7620)  acc1: 10.9375 (9.9090)  acc5: 27.7344 (24.2980)  family_acc1: 42.5000 (38.5440)  manu_acc1: 62.8906 (56.2600)  time: 0.4351  data: 0.2539  max mem: 11360
Test: Total time: 0:02:37 (0.4033 s / it)
* Acc@1 9.909 Acc@5 24.298 family@1 38.544 manu@1 56.260 sploss 5.637 fmloss 2.772 mfloss 1.762
FPA: 5.207% | TICE: 65.935%   
 wAP: 13.798  |  LCA: 211.366   |   Precision and Recall: 27.094%
Accuracy of the network on the 100000 test images: 9.9%
Max accuracy: 9.91%
Epoch: [3]  [   0/1953]  eta: 3:15:00  lr: 0.001001  sp_loss: 7.9904 (7.9904)  fam_loss: 4.9003 (4.9003)  manu_loss: 3.4491 (3.4491)  ot_loss: 0.6847 (0.6847)  base_loss: 7.5117 (7.5117)  time: 5.9910  data: 5.6467  max mem: 11360
Epoch: [3]  [ 250/1953]  eta: 0:11:38  lr: 0.001001  sp_loss: 7.6222 (7.9643)  fam_loss: 4.7603 (4.9725)  manu_loss: 3.3948 (3.5193)  ot_loss: 0.6856 (0.6786)  base_loss: 7.2812 (7.5297)  time: 0.3556  data: 0.0504  max mem: 11360
Epoch: [3]  [ 500/1953]  eta: 0:09:39  lr: 0.001001  sp_loss: 8.0603 (7.9562)  fam_loss: 5.0117 (4.9671)  manu_loss: 3.4720 (3.5076)  ot_loss: 0.6793 (0.6796)  base_loss: 7.5921 (7.5217)  time: 0.3420  data: 0.0388  max mem: 11360
Epoch: [3]  [ 750/1953]  eta: 0:07:54  lr: 0.001001  sp_loss: 7.8476 (7.9152)  fam_loss: 4.8708 (4.9437)  manu_loss: 3.4634 (3.4956)  ot_loss: 0.6930 (0.6825)  base_loss: 7.4999 (7.4894)  time: 0.4250  data: 0.1181  max mem: 11360
Epoch: [3]  [1000/1953]  eta: 0:06:13  lr: 0.001001  sp_loss: 7.4983 (7.8746)  fam_loss: 4.6702 (4.9235)  manu_loss: 3.2243 (3.4819)  ot_loss: 0.7204 (0.6857)  base_loss: 7.1426 (7.4575)  time: 0.4090  data: 0.1049  max mem: 11360
Epoch: [3]  [1250/1953]  eta: 0:04:34  lr: 0.001001  sp_loss: 7.4418 (7.8318)  fam_loss: 4.6140 (4.8942)  manu_loss: 3.2503 (3.4622)  ot_loss: 0.6994 (0.6888)  base_loss: 6.9876 (7.4209)  time: 0.3938  data: 0.0898  max mem: 11360
Epoch: [3]  [1500/1953]  eta: 0:02:56  lr: 0.001001  sp_loss: 7.7765 (7.8088)  fam_loss: 4.8454 (4.8831)  manu_loss: 3.5111 (3.4569)  ot_loss: 0.6918 (0.6904)  base_loss: 7.3721 (7.4028)  time: 0.3628  data: 0.0567  max mem: 11360
Epoch: [3]  [1750/1953]  eta: 0:01:18  lr: 0.001001  sp_loss: 7.7064 (7.7743)  fam_loss: 4.7758 (4.8631)  manu_loss: 3.3607 (3.4425)  ot_loss: 0.6983 (0.6929)  base_loss: 7.2717 (7.3744)  time: 0.3619  data: 0.0514  max mem: 11360
Epoch: [3]  [1952/1953]  eta: 0:00:00  lr: 0.001001  sp_loss: 7.4786 (7.7497)  fam_loss: 4.6973 (4.8515)  manu_loss: 3.4067 (3.4360)  ot_loss: 0.7103 (0.6945)  base_loss: 7.1389 (7.3554)  time: 0.3817  data: 0.1014  max mem: 11360
Epoch: [3] Total time: 0:12:38 (0.3884 s / it)
Averaged stats: lr: 0.001001  sp_loss: 7.4786 (7.7497)  fam_loss: 4.6973 (4.8515)  manu_loss: 3.4067 (3.4360)  ot_loss: 0.7103 (0.6945)  base_loss: 7.1389 (7.3554)
Test:  [  0/391]  eta: 0:39:31  sploss: 5.1755 (5.1755)  famloss: 2.6913 (2.6913)  manuloss: 1.6498 (1.6498)  acc1: 12.5000 (12.5000)  acc5: 29.2969 (29.2969)  family_acc1: 34.7656 (34.7656)  manu_acc1: 58.5938 (58.5938)  time: 6.0665  data: 5.7862  max mem: 11360
Test:  [250/391]  eta: 0:00:59  sploss: 5.2796 (5.3084)  famloss: 2.9516 (2.9765)  manuloss: 1.9901 (1.9111)  acc1: 12.8906 (13.0509)  acc5: 32.0312 (30.0906)  family_acc1: 36.3281 (35.7196)  manu_acc1: 50.7812 (53.3118)  time: 0.3119  data: 0.1138  max mem: 11360
Test:  [390/391]  eta: 0:00:00  sploss: 5.0953 (5.2634)  famloss: 2.7237 (2.9142)  manuloss: 1.5590 (1.8417)  acc1: 13.2812 (13.1810)  acc5: 32.8125 (30.6550)  family_acc1: 39.8438 (36.6760)  manu_acc1: 62.5000 (54.9350)  time: 0.3979  data: 0.2166  max mem: 11360
Test: Total time: 0:02:41 (0.4142 s / it)
* Acc@1 13.181 Acc@5 30.655 family@1 36.676 manu@1 54.935 sploss 5.263 fmloss 2.914 mfloss 1.842
FPA: 6.452% | TICE: 65.027%   
 wAP: 16.461  |  LCA: 201.437   |   Precision and Recall: 30.390%
Accuracy of the network on the 100000 test images: 13.2%
Max accuracy: 13.18%
Epoch: [4]  [   0/1953]  eta: 3:28:13  lr: 0.001500  sp_loss: 7.5796 (7.5796)  fam_loss: 5.1827 (5.1827)  manu_loss: 3.5345 (3.5345)  ot_loss: 0.6860 (0.6860)  base_loss: 7.3535 (7.3535)  time: 6.3970  data: 6.0524  max mem: 11360
Epoch: [4]  [ 250/1953]  eta: 0:11:38  lr: 0.001500  sp_loss: 7.8071 (7.6778)  fam_loss: 5.0501 (4.9391)  manu_loss: 3.5933 (3.4826)  ot_loss: 0.7078 (0.7041)  base_loss: 7.4213 (7.3417)  time: 0.3630  data: 0.0606  max mem: 11360
Epoch: [4]  [ 500/1953]  eta: 0:09:41  lr: 0.001500  sp_loss: 7.5830 (7.7041)  fam_loss: 4.7894 (4.9478)  manu_loss: 3.3924 (3.4925)  ot_loss: 0.7069 (0.7027)  base_loss: 7.2341 (7.3599)  time: 0.3850  data: 0.0811  max mem: 11360
Epoch: [4]  [ 750/1953]  eta: 0:07:56  lr: 0.001500  sp_loss: 7.9199 (7.7159)  fam_loss: 4.9161 (4.9468)  manu_loss: 3.4606 (3.4878)  ot_loss: 0.6914 (0.7019)  base_loss: 7.4997 (7.3651)  time: 0.4018  data: 0.0974  max mem: 11360
Epoch: [4]  [1000/1953]  eta: 0:06:15  lr: 0.001500  sp_loss: 7.5203 (7.7102)  fam_loss: 4.7560 (4.9370)  manu_loss: 3.2525 (3.4827)  ot_loss: 0.7212 (0.7023)  base_loss: 7.1222 (7.3581)  time: 0.4023  data: 0.0988  max mem: 11360
Epoch: [4]  [1250/1953]  eta: 0:04:36  lr: 0.001500  sp_loss: 7.6904 (7.6957)  fam_loss: 4.9697 (4.9258)  manu_loss: 3.4937 (3.4751)  ot_loss: 0.7166 (0.7034)  base_loss: 7.3788 (7.3454)  time: 0.4013  data: 0.0978  max mem: 11360
Epoch: [4]  [1500/1953]  eta: 0:02:57  lr: 0.001500  sp_loss: 7.7144 (7.6783)  fam_loss: 4.8129 (4.9121)  manu_loss: 3.4487 (3.4675)  ot_loss: 0.7046 (0.7044)  base_loss: 7.3089 (7.3300)  time: 0.3579  data: 0.0407  max mem: 11360
Epoch: [4]  [1750/1953]  eta: 0:01:19  lr: 0.001500  sp_loss: 7.5517 (7.6671)  fam_loss: 4.8335 (4.9054)  manu_loss: 3.5149 (3.4647)  ot_loss: 0.7102 (0.7049)  base_loss: 7.2725 (7.3208)  time: 0.3521  data: 0.0487  max mem: 11360
Epoch: [4]  [1952/1953]  eta: 0:00:00  lr: 0.001500  sp_loss: 7.5899 (7.6557)  fam_loss: 4.8658 (4.8968)  manu_loss: 3.3588 (3.4590)  ot_loss: 0.7144 (0.7056)  base_loss: 7.2419 (7.3106)  time: 0.3799  data: 0.0943  max mem: 11360
Epoch: [4] Total time: 0:12:44 (0.3913 s / it)
Averaged stats: lr: 0.001500  sp_loss: 7.5899 (7.6557)  fam_loss: 4.8658 (4.8968)  manu_loss: 3.3588 (3.4590)  ot_loss: 0.7144 (0.7056)  base_loss: 7.2419 (7.3106)
Test:  [  0/391]  eta: 0:37:29  sploss: 5.0068 (5.0068)  famloss: 2.7232 (2.7232)  manuloss: 1.7788 (1.7788)  acc1: 16.7969 (16.7969)  acc5: 33.9844 (33.9844)  family_acc1: 39.8438 (39.8438)  manu_acc1: 57.4219 (57.4219)  time: 5.7538  data: 5.5370  max mem: 11360
Test:  [250/391]  eta: 0:00:58  sploss: 5.1789 (5.2649)  famloss: 3.0143 (3.0275)  manuloss: 2.0434 (1.9822)  acc1: 14.4531 (13.5567)  acc5: 33.2031 (31.1395)  family_acc1: 34.7656 (34.6598)  manu_acc1: 50.3906 (52.8527)  time: 0.3646  data: 0.1606  max mem: 11360
Test:  [390/391]  eta: 0:00:00  sploss: 5.0662 (5.2096)  famloss: 2.8614 (2.9733)  manuloss: 1.6903 (1.9211)  acc1: 15.2344 (13.9820)  acc5: 33.9844 (31.9780)  family_acc1: 38.2812 (35.4600)  manu_acc1: 59.3750 (54.3170)  time: 0.3917  data: 0.2090  max mem: 11360
Test: Total time: 0:02:41 (0.4120 s / it)
* Acc@1 13.982 Acc@5 31.978 family@1 35.460 manu@1 54.317 sploss 5.210 fmloss 2.973 mfloss 1.921
FPA: 6.676% | TICE: 65.912%   
 wAP: 17.032  |  LCA: 199.611   |   Precision and Recall: 31.123%
Accuracy of the network on the 100000 test images: 14.0%
Max accuracy: 13.98%
Epoch: [5]  [   0/1953]  eta: 3:11:02  lr: 0.002000  sp_loss: 6.6005 (6.6005)  fam_loss: 4.1176 (4.1176)  manu_loss: 2.7503 (2.7503)  ot_loss: 0.7353 (0.7353)  base_loss: 6.3939 (6.3939)  time: 5.8691  data: 5.5241  max mem: 11360
Epoch: [5]  [ 250/1953]  eta: 0:11:31  lr: 0.002000  sp_loss: 7.8030 (7.6366)  fam_loss: 5.1446 (4.9299)  manu_loss: 3.6155 (3.4716)  ot_loss: 0.7042 (0.7115)  base_loss: 7.4920 (7.3105)  time: 0.3531  data: 0.0513  max mem: 11360
Epoch: [5]  [ 500/1953]  eta: 0:09:37  lr: 0.002000  sp_loss: 8.0651 (7.6923)  fam_loss: 5.1743 (4.9740)  manu_loss: 3.6781 (3.4979)  ot_loss: 0.6911 (0.7078)  base_loss: 7.6256 (7.3575)  time: 0.3835  data: 0.0790  max mem: 11360
Epoch: [5]  [ 750/1953]  eta: 0:07:53  lr: 0.002000  sp_loss: 7.7341 (7.6888)  fam_loss: 5.0043 (4.9670)  manu_loss: 3.5417 (3.4953)  ot_loss: 0.6943 (0.7085)  base_loss: 7.4266 (7.3534)  time: 0.4239  data: 0.1154  max mem: 11360
Epoch: [5]  [1000/1953]  eta: 0:06:13  lr: 0.002000  sp_loss: 7.6822 (7.6814)  fam_loss: 4.8604 (4.9612)  manu_loss: 3.5328 (3.4903)  ot_loss: 0.7131 (0.7090)  base_loss: 7.3327 (7.3466)  time: 0.4068  data: 0.0993  max mem: 11360
Epoch: [5]  [1250/1953]  eta: 0:04:34  lr: 0.002000  sp_loss: 7.8305 (7.6764)  fam_loss: 5.0322 (4.9528)  manu_loss: 3.5415 (3.4847)  ot_loss: 0.6973 (0.7094)  base_loss: 7.4959 (7.3403)  time: 0.3913  data: 0.0839  max mem: 11360
Epoch: [5]  [1500/1953]  eta: 0:02:56  lr: 0.002000  sp_loss: 7.7604 (7.6742)  fam_loss: 4.8324 (4.9483)  manu_loss: 3.5390 (3.4807)  ot_loss: 0.7016 (0.7092)  base_loss: 7.4177 (7.3371)  time: 0.4246  data: 0.1141  max mem: 11360
Epoch: [5]  [1750/1953]  eta: 0:01:18  lr: 0.002000  sp_loss: 7.9484 (7.6793)  fam_loss: 5.1113 (4.9510)  manu_loss: 3.5725 (3.4853)  ot_loss: 0.6956 (0.7088)  base_loss: 7.5173 (7.3410)  time: 0.3489  data: 0.0449  max mem: 11360
Epoch: [5]  [1952/1953]  eta: 0:00:00  lr: 0.002000  sp_loss: 7.6734 (7.6669)  fam_loss: 4.8282 (4.9435)  manu_loss: 3.4428 (3.4806)  ot_loss: 0.7156 (0.7096)  base_loss: 7.2933 (7.3311)  time: 0.3530  data: 0.0748  max mem: 11360
Epoch: [5] Total time: 0:12:40 (0.3895 s / it)
Averaged stats: lr: 0.002000  sp_loss: 7.6734 (7.6669)  fam_loss: 4.8282 (4.9435)  manu_loss: 3.4428 (3.4806)  ot_loss: 0.7156 (0.7096)  base_loss: 7.2933 (7.3311)
Test:  [  0/391]  eta: 0:39:11  sploss: 5.1359 (5.1359)  famloss: 2.9113 (2.9113)  manuloss: 1.8580 (1.8580)  acc1: 10.5469 (10.5469)  acc5: 28.1250 (28.1250)  family_acc1: 35.9375 (35.9375)  manu_acc1: 53.9062 (53.9062)  time: 6.0133  data: 5.7877  max mem: 11360
Test:  [250/391]  eta: 0:00:58  sploss: 5.0865 (5.2067)  famloss: 3.0553 (3.0815)  manuloss: 2.0252 (2.0047)  acc1: 14.4531 (13.3809)  acc5: 33.2031 (30.7100)  family_acc1: 33.2031 (32.9121)  manu_acc1: 50.0000 (51.3462)  time: 0.3133  data: 0.1157  max mem: 11360
Test:  [390/391]  eta: 0:00:00  sploss: 5.0165 (5.1586)  famloss: 2.8535 (3.0188)  manuloss: 1.6658 (1.9365)  acc1: 14.4531 (13.5970)  acc5: 32.8125 (31.2190)  family_acc1: 35.9375 (33.8470)  manu_acc1: 59.3750 (52.9390)  time: 0.4152  data: 0.2306  max mem: 11360
Test: Total time: 0:02:38 (0.4057 s / it)
* Acc@1 13.597 Acc@5 31.219 family@1 33.847 manu@1 52.939 sploss 5.159 fmloss 3.019 mfloss 1.936
FPA: 6.199% | TICE: 67.920%   
 wAP: 16.505  |  LCA: 201.700   |   Precision and Recall: 30.353%
Accuracy of the network on the 100000 test images: 13.6%
Max accuracy: 13.98%
Epoch: [6]  [   0/1953]  eta: 3:26:28  lr: 0.002485  sp_loss: 7.3326 (7.3326)  fam_loss: 4.8379 (4.8379)  manu_loss: 3.3029 (3.3029)  ot_loss: 0.7315 (0.7315)  base_loss: 7.0971 (7.0971)  time: 6.3435  data: 6.0014  max mem: 11360
Epoch: [6]  [ 250/1953]  eta: 0:11:48  lr: 0.002485  sp_loss: 7.8334 (7.6543)  fam_loss: 5.1133 (4.9966)  manu_loss: 3.5717 (3.5016)  ot_loss: 0.7079 (0.7149)  base_loss: 7.5250 (7.3428)  time: 0.3570  data: 0.0545  max mem: 11361
Epoch: [6]  [ 500/1953]  eta: 0:09:43  lr: 0.002485  sp_loss: 7.6692 (7.6638)  fam_loss: 4.9973 (4.9803)  manu_loss: 3.4597 (3.4913)  ot_loss: 0.7167 (0.7155)  base_loss: 7.3097 (7.3427)  time: 0.3659  data: 0.0657  max mem: 11361
Epoch: [6]  [ 750/1953]  eta: 0:07:57  lr: 0.002485  sp_loss: 7.8147 (7.6759)  fam_loss: 5.0098 (4.9883)  manu_loss: 3.5427 (3.4937)  ot_loss: 0.7094 (0.7148)  base_loss: 7.4276 (7.3518)  time: 0.4085  data: 0.1019  max mem: 11361
Epoch: [6]  [1000/1953]  eta: 0:06:15  lr: 0.002485  sp_loss: 8.0211 (7.7015)  fam_loss: 5.1420 (5.0063)  manu_loss: 3.5681 (3.5087)  ot_loss: 0.6952 (0.7133)  base_loss: 7.5744 (7.3733)  time: 0.4029  data: 0.0951  max mem: 11361
Epoch: [6]  [1250/1953]  eta: 0:04:36  lr: 0.002485  sp_loss: 7.8522 (7.7125)  fam_loss: 5.1588 (5.0113)  manu_loss: 3.5343 (3.5095)  ot_loss: 0.7004 (0.7126)  base_loss: 7.5055 (7.3808)  time: 0.4118  data: 0.1051  max mem: 11361
Epoch: [6]  [1500/1953]  eta: 0:02:57  lr: 0.002485  sp_loss: 8.0659 (7.7197)  fam_loss: 5.2339 (5.0143)  manu_loss: 3.6518 (3.5095)  ot_loss: 0.6867 (0.7123)  base_loss: 7.6641 (7.3855)  time: 0.3755  data: 0.0677  max mem: 11361
Loss is inf, stopping training
