Namespace(batch_size=256, epochs=100, bce_loss=False, unscale_lr=False, few_shot=0, model='cast_small', input_size=224, drop=0.0, drop_path=0.1, model_ema=True, model_ema_decay=0.99996, model_ema_force_cpu=False, num_superpixels=196, opt='adamw', opt_eps=1e-08, opt_betas=None, clip_grad=None, momentum=0.9, weight_decay=0.05, sched='cosine', lr=0.001, lr_noise=None, lr_noise_pct=0.67, lr_noise_std=1.0, warmup_lr=1e-06, min_lr=1e-05, decay_epochs=30, warmup_epochs=5, cooldown_epochs=10, patience_epochs=10, decay_rate=0.1, color_jitter=0.3, aa='rand-m9-mstd0.5-inc1', smoothing=0.1, train_interpolation='bicubic', repeated_aug=True, train_mode=True, ThreeAugment=False, src=False, reprob=0.25, remode='pixel', recount=1, resplit=False, mixup=0.8, cutmix=1.0, cutmix_minmax=None, mixup_prob=1.0, mixup_switch_prob=0.5, mixup_mode='batch', teacher_model='regnety_160', teacher_path='', distillation_type='none', distillation_alpha=0.5, distillation_tau=1.0, cosub=False, finetune='best_checkpoint.pth', attn_only=False, data_path='../dataset/', data_set='INAT21-MINI-HIER-SUPERPIXEL', path_yn=False, inat_category='name', output_dir='./output/new_baseline/full/0.5ot_1e-3lr_0.05wd', device='cuda', seed=0, resume='', start_epoch=0, eval=False, eval_crop_ratio=0.875, dist_eval=False, num_workers=12, pin_mem=True, distributed=True, world_size=1, dist_url='env://', globalkl=False, ot_loss=True, learnable_ot=False, ot_weight=0.5, base_weight=0.5, globalbce=False, gk_weight=1, filename='results.csv', breeds_sort='entity13', random_seed=1, local_rank=-1, tree_path='./data/inat21_3tree.json', label_weight=[1, 2, 3])Namespace(batch_size=256, epochs=100, bce_loss=False, unscale_lr=False, few_shot=0, model='cast_small', input_size=224, drop=0.0, drop_path=0.1, model_ema=True, model_ema_decay=0.99996, model_ema_force_cpu=False, num_superpixels=196, opt='adamw', opt_eps=1e-08, opt_betas=None, clip_grad=None, momentum=0.9, weight_decay=0.05, sched='cosine', lr=0.001, lr_noise=None, lr_noise_pct=0.67, lr_noise_std=1.0, warmup_lr=1e-06, min_lr=1e-05, decay_epochs=30, warmup_epochs=5, cooldown_epochs=10, patience_epochs=10, decay_rate=0.1, color_jitter=0.3, aa='rand-m9-mstd0.5-inc1', smoothing=0.1, train_interpolation='bicubic', repeated_aug=True, train_mode=True, ThreeAugment=False, src=False, reprob=0.25, remode='pixel', recount=1, resplit=False, mixup=0.8, cutmix=1.0, cutmix_minmax=None, mixup_prob=1.0, mixup_switch_prob=0.5, mixup_mode='batch', teacher_model='regnety_160', teacher_path='', distillation_type='none', distillation_alpha=0.5, distillation_tau=1.0, cosub=False, finetune='best_checkpoint.pth', attn_only=False, data_path='../dataset/', data_set='INAT21-MINI-HIER-SUPERPIXEL', path_yn=False, inat_category='name', output_dir='./output/new_baseline/full/0.5ot_1e-3lr_0.05wd', device='cuda', seed=0, resume='', start_epoch=0, eval=False, eval_crop_ratio=0.875, dist_eval=False, num_workers=12, pin_mem=True, distributed=True, world_size=1, dist_url='env://', globalkl=False, ot_loss=True, learnable_ot=False, ot_weight=0.5, base_weight=0.5, globalbce=False, gk_weight=1, filename='results.csv', breeds_sort='entity13', random_seed=1, local_rank=-1, tree_path='./data/inat21_3tree.json', label_weight=[1, 2, 3])

| distributed init (rank 0): env://
| distributed init (rank 1): env://
seed 0
args.nb_classes [10000, 1103, 273]
Creating model: cast_small
dict_keys(['model', 'optimizer', 'lr_scheduler', 'epoch', 'model_ema', 'scaler', 'args'])
Removing key head.weight from pretrained checkpoint
Removing key head.bias from pretrained checkpoint
number of params: 30556704
Start training for 100 epochs
Epoch: [0]  [  0/976]  eta: 4:29:47  lr: 0.000001  sp_loss: 9.2672 (9.2672)  fam_loss: 7.0898 (7.0898)  manu_loss: 5.6325 (5.6325)  ot_loss: 0.5587 (0.5587)  base_loss: 9.3895 (9.3895)  time: 16.5853  data: 10.4782  max mem: 10976
Epoch: [0]  [250/976]  eta: 0:07:11  lr: 0.000001  sp_loss: 9.2585 (9.2674)  fam_loss: 7.0019 (7.0430)  manu_loss: 5.3584 (5.5026)  ot_loss: 0.5574 (0.5580)  base_loss: 9.3251 (9.3591)  time: 0.5672  data: 0.1330  max mem: 11360
Epoch: [0]  [500/976]  eta: 0:04:33  lr: 0.000001  sp_loss: 9.2437 (9.2638)  fam_loss: 6.8664 (6.9891)  manu_loss: 4.8931 (5.3219)  ot_loss: 0.5566 (0.5574)  base_loss: 9.2091 (9.3157)  time: 0.5569  data: 0.0939  max mem: 11360
Epoch: [0]  [750/976]  eta: 0:02:08  lr: 0.000001  sp_loss: 9.2437 (9.2610)  fam_loss: 6.6783 (6.9172)  manu_loss: 4.6031 (5.1263)  ot_loss: 0.5570 (0.5572)  base_loss: 9.1012 (9.2626)  time: 0.5736  data: 0.1342  max mem: 11360
Epoch: [0]  [975/976]  eta: 0:00:00  lr: 0.000001  sp_loss: 9.2515 (9.2592)  fam_loss: 6.5375 (6.8438)  manu_loss: 4.5332 (4.9969)  ot_loss: 0.5578 (0.5572)  base_loss: 9.0476 (9.2190)  time: 0.4378  data: 0.0417  max mem: 11360
Epoch: [0] Total time: 0:09:09 (0.5634 s / it)
Averaged stats: lr: 0.000001  sp_loss: 9.2515 (9.2598)  fam_loss: 6.5375 (6.8438)  manu_loss: 4.5332 (4.9960)  ot_loss: 0.5578 (0.5572)  base_loss: 9.0476 (9.2192)
Test:  [  0/391]  eta: 0:50:50  sploss: 9.2454 (9.2454)  famloss: 6.5272 (6.5272)  manuloss: 4.4681 (4.4681)  acc1: 0.0000 (0.0000)  acc5: 0.0000 (0.0000)  family_acc1: 5.0781 (5.0781)  manu_acc1: 11.7188 (11.7188)  time: 7.8011  data: 7.3968  max mem: 11360
Test:  [250/391]  eta: 0:01:18  sploss: 9.2577 (9.2491)  famloss: 6.3534 (6.3846)  manuloss: 4.2714 (4.2288)  acc1: 0.0000 (0.0202)  acc5: 0.0000 (0.0731)  family_acc1: 4.6875 (5.3458)  manu_acc1: 16.0156 (18.8091)  time: 0.4314  data: 0.1872  max mem: 11360
Test:  [390/391]  eta: 0:00:00  sploss: 9.2555 (9.2499)  famloss: 6.5932 (6.3849)  manuloss: 4.1092 (4.1633)  acc1: 0.0000 (0.0170)  acc5: 0.0000 (0.0580)  family_acc1: 2.5000 (5.2550)  manu_acc1: 21.8750 (20.1710)  time: 0.4575  data: 0.2284  max mem: 11360
Test: Total time: 0:03:32 (0.5425 s / it)
* Acc@1 0.017 Acc@5 0.059 family@1 5.254 manu@1 20.166 sploss 9.250 fmloss 6.385 mfloss 4.163
FPA: 0.000% | TICE: 95.237%   
 wAP: 1.008  |  LCA: 295.681   |   Precision and Recall: 1.134%
Accuracy of the network on the 100000 test images: 0.0%
Max accuracy: 0.02%
Epoch: [1]  [  0/976]  eta: 2:06:24  lr: 0.000001  sp_loss: 9.2436 (9.2436)  fam_loss: 6.5762 (6.5762)  manu_loss: 4.3134 (4.3134)  ot_loss: 0.5578 (0.5578)  base_loss: 9.0210 (9.0210)  time: 7.7711  data: 6.6556  max mem: 11360
Epoch: [1]  [250/976]  eta: 0:07:02  lr: 0.000001  sp_loss: 9.2540 (9.2519)  fam_loss: 6.3533 (6.4396)  manu_loss: 4.4588 (4.4589)  ot_loss: 0.5587 (0.5583)  base_loss: 8.9805 (9.0073)  time: 0.4850  data: 0.0273  max mem: 11360
Epoch: [1]  [500/976]  eta: 0:04:31  lr: 0.000001  sp_loss: 9.2438 (9.2502)  fam_loss: 6.2015 (6.3681)  manu_loss: 4.3569 (4.4318)  ot_loss: 0.5596 (0.5588)  base_loss: 8.9181 (8.9804)  time: 0.4798  data: 0.0007  max mem: 11360
Epoch: [1]  [750/976]  eta: 0:02:08  lr: 0.000001  sp_loss: 9.2385 (9.2488)  fam_loss: 6.1937 (6.3115)  manu_loss: 4.3090 (4.4009)  ot_loss: 0.5604 (0.5592)  base_loss: 8.8877 (8.9571)  time: 0.5629  data: 0.0939  max mem: 11360
Epoch: [1]  [975/976]  eta: 0:00:00  lr: 0.000001  sp_loss: 9.2394 (9.2479)  fam_loss: 6.0408 (6.2655)  manu_loss: 4.1999 (4.3713)  ot_loss: 0.5611 (0.5596)  base_loss: 8.8442 (8.9374)  time: 0.4179  data: 0.0664  max mem: 11360
Epoch: [1] Total time: 0:09:08 (0.5619 s / it)
Averaged stats: lr: 0.000001  sp_loss: 9.2394 (9.2479)  fam_loss: 6.0408 (6.2619)  manu_loss: 4.1999 (4.3672)  ot_loss: 0.5611 (0.5596)  base_loss: 8.8442 (8.9359)
Test:  [  0/391]  eta: 0:40:20  sploss: 9.2452 (9.2452)  famloss: 6.0146 (6.0146)  manuloss: 4.0218 (4.0218)  acc1: 0.0000 (0.0000)  acc5: 0.0000 (0.0000)  family_acc1: 5.4688 (5.4688)  manu_acc1: 21.0938 (21.0938)  time: 6.1897  data: 5.7187  max mem: 11360
Test:  [250/391]  eta: 0:01:18  sploss: 9.2468 (9.2411)  famloss: 5.7143 (5.8053)  manuloss: 3.8295 (3.8285)  acc1: 0.0000 (0.0078)  acc5: 0.0000 (0.0669)  family_acc1: 5.8594 (7.1682)  manu_acc1: 21.4844 (23.7285)  time: 0.3903  data: 0.1059  max mem: 11360
Test:  [390/391]  eta: 0:00:00  sploss: 9.2469 (9.2416)  famloss: 6.0218 (5.7851)  manuloss: 3.6247 (3.7532)  acc1: 0.0000 (0.0070)  acc5: 0.0000 (0.0590)  family_acc1: 4.6875 (7.3030)  manu_acc1: 30.0781 (25.1800)  time: 0.4358  data: 0.2232  max mem: 11360
Test: Total time: 0:03:32 (0.5426 s / it)
* Acc@1 0.007 Acc@5 0.059 family@1 7.306 manu@1 25.184 sploss 9.242 fmloss 5.785 mfloss 3.753
FPA: 0.000% | TICE: 97.877%   
 wAP: 1.319  |  LCA: 295.205   |   Precision and Recall: 1.453%
Accuracy of the network on the 100000 test images: 0.0%
Max accuracy: 0.02%
Epoch: [2]  [  0/976]  eta: 2:10:29  lr: 0.000201  sp_loss: 9.1903 (9.1903)  fam_loss: 5.9976 (5.9976)  manu_loss: 4.1861 (4.1861)  ot_loss: 0.5613 (0.5613)  base_loss: 8.7933 (8.7933)  time: 8.0218  data: 6.9190  max mem: 11360
Epoch: [2]  [250/976]  eta: 0:07:10  lr: 0.000201  sp_loss: 9.0384 (9.1708)  fam_loss: 4.9620 (5.3078)  manu_loss: 3.4930 (3.5857)  ot_loss: 0.5877 (0.5770)  base_loss: 8.1739 (8.4083)  time: 0.4991  data: 0.0042  max mem: 11360
Epoch: [2]  [500/976]  eta: 0:04:33  lr: 0.000201  sp_loss: 8.5421 (8.9445)  fam_loss: 4.8863 (5.0508)  manu_loss: 3.3575 (3.4389)  ot_loss: 0.6215 (0.5935)  base_loss: 7.8655 (8.1674)  time: 0.5584  data: 0.1144  max mem: 11360
Epoch: [2]  [750/976]  eta: 0:02:08  lr: 0.000201  sp_loss: 8.2673 (8.7116)  fam_loss: 4.7832 (4.9190)  manu_loss: 3.2946 (3.3716)  ot_loss: 0.6441 (0.6104)  base_loss: 7.6621 (7.9776)  time: 0.5877  data: 0.1429  max mem: 11360
Epoch: [2]  [975/976]  eta: 0:00:00  lr: 0.000201  sp_loss: 7.9352 (8.5060)  fam_loss: 4.6241 (4.8116)  manu_loss: 3.1889 (3.3105)  ot_loss: 0.6702 (0.6254)  base_loss: 7.3986 (7.8146)  time: 0.3900  data: 0.0001  max mem: 11360
Epoch: [2] Total time: 0:09:09 (0.5634 s / it)
Averaged stats: lr: 0.000201  sp_loss: 7.9352 (8.5087)  fam_loss: 4.6241 (4.8134)  manu_loss: 3.1889 (3.3104)  ot_loss: 0.6702 (0.6252)  base_loss: 7.3986 (7.8165)
Test:  [  0/391]  eta: 0:54:07  sploss: 5.7695 (5.7695)  famloss: 2.2931 (2.2931)  manuloss: 1.4329 (1.4329)  acc1: 11.3281 (11.3281)  acc5: 25.0000 (25.0000)  family_acc1: 44.9219 (44.9219)  manu_acc1: 63.2812 (63.2812)  time: 8.3059  data: 8.0149  max mem: 11360
Test:  [250/391]  eta: 0:01:18  sploss: 5.9810 (5.9858)  famloss: 2.6013 (2.5738)  manuloss: 1.7269 (1.6523)  acc1: 7.8125 (7.9899)  acc5: 19.9219 (20.5459)  family_acc1: 41.4062 (42.0132)  manu_acc1: 55.4688 (59.6520)  time: 0.5163  data: 0.2519  max mem: 11360
Test:  [390/391]  eta: 0:00:00  sploss: 5.7735 (5.9508)  famloss: 2.3075 (2.5065)  manuloss: 1.2824 (1.5787)  acc1: 8.7500 (8.1230)  acc5: 23.0469 (20.8710)  family_acc1: 47.2656 (43.0800)  manu_acc1: 70.3125 (61.3640)  time: 0.4010  data: 0.2180  max mem: 11360
Test: Total time: 0:03:29 (0.5369 s / it)
* Acc@1 8.123 Acc@5 20.872 family@1 43.078 manu@1 61.363 sploss 5.951 fmloss 2.507 mfloss 1.579
FPA: 4.435% | TICE: 69.304%   
 wAP: 12.790  |  LCA: 215.866   |   Precision and Recall: 25.785%
Accuracy of the network on the 100000 test images: 8.1%
Max accuracy: 8.12%
Epoch: [3]  [  0/976]  eta: 2:16:56  lr: 0.000401  sp_loss: 8.1146 (8.1146)  fam_loss: 4.8913 (4.8913)  manu_loss: 3.3804 (3.3804)  ot_loss: 0.6556 (0.6556)  base_loss: 7.5794 (7.5794)  time: 8.4188  data: 8.0632  max mem: 11360
Epoch: [3]  [250/976]  eta: 0:07:01  lr: 0.000401  sp_loss: 7.5477 (7.6872)  fam_loss: 4.4692 (4.5344)  manu_loss: 3.1983 (3.1821)  ot_loss: 0.6937 (0.6867)  base_loss: 7.1639 (7.2174)  time: 0.5187  data: 0.0641  max mem: 11360
Epoch: [3]  [500/976]  eta: 0:04:28  lr: 0.000401  sp_loss: 7.4654 (7.5986)  fam_loss: 4.4337 (4.5239)  manu_loss: 3.1342 (3.1849)  ot_loss: 0.6989 (0.6936)  base_loss: 6.9774 (7.1596)  time: 0.5095  data: 0.0332  max mem: 11360
Epoch: [3]  [750/976]  eta: 0:02:06  lr: 0.000401  sp_loss: 7.4537 (7.4986)  fam_loss: 4.5394 (4.4817)  manu_loss: 3.1923 (3.1644)  ot_loss: 0.7086 (0.7007)  base_loss: 7.0750 (7.0841)  time: 0.5477  data: 0.1065  max mem: 11360
Epoch: [3]  [975/976]  eta: 0:00:00  lr: 0.000401  sp_loss: 7.1533 (7.4184)  fam_loss: 4.4030 (4.4500)  manu_loss: 3.1148 (3.1465)  ot_loss: 0.7204 (0.7064)  base_loss: 6.8749 (7.0240)  time: 0.4092  data: 0.0620  max mem: 11360
Epoch: [3] Total time: 0:09:02 (0.5560 s / it)
Averaged stats: lr: 0.000401  sp_loss: 7.1533 (7.4288)  fam_loss: 4.4030 (4.4568)  manu_loss: 3.1148 (3.1514)  ot_loss: 0.7204 (0.7058)  base_loss: 6.8749 (7.0324)
Test:  [  0/391]  eta: 0:52:11  sploss: 4.6413 (4.6413)  famloss: 2.1614 (2.1614)  manuloss: 1.4106 (1.4106)  acc1: 18.7500 (18.7500)  acc5: 41.0156 (41.0156)  family_acc1: 49.2188 (49.2188)  manu_acc1: 66.7969 (66.7969)  time: 8.0096  data: 7.7334  max mem: 11360
Test:  [250/391]  eta: 0:01:17  sploss: 4.6550 (4.7111)  famloss: 2.3576 (2.3423)  manuloss: 1.6535 (1.5877)  acc1: 19.9219 (19.3165)  acc5: 42.5781 (40.7417)  family_acc1: 46.4844 (47.6749)  manu_acc1: 60.1562 (62.5405)  time: 0.4356  data: 0.1520  max mem: 11360
Test:  [390/391]  eta: 0:00:00  sploss: 4.4768 (4.6513)  famloss: 2.1181 (2.2773)  manuloss: 1.2542 (1.5215)  acc1: 20.7031 (19.8570)  acc5: 44.1406 (41.6780)  family_acc1: 51.5625 (48.6920)  manu_acc1: 71.8750 (64.3430)  time: 0.3829  data: 0.1975  max mem: 11360
Test: Total time: 0:03:28 (0.5345 s / it)
* Acc@1 19.856 Acc@5 41.682 family@1 48.687 manu@1 64.344 sploss 4.651 fmloss 2.277 mfloss 1.521
FPA: 11.934% | TICE: 57.265%   
 wAP: 23.719  |  LCA: 176.290   |   Precision and Recall: 38.862%
Accuracy of the network on the 100000 test images: 19.9%
Max accuracy: 19.86%
Epoch: [4]  [  0/976]  eta: 2:20:41  lr: 0.000600  sp_loss: 6.6561 (6.6561)  fam_loss: 4.1314 (4.1314)  manu_loss: 2.7474 (2.7474)  ot_loss: 0.7344 (0.7344)  base_loss: 6.4269 (6.4269)  time: 8.6491  data: 8.2689  max mem: 11360
Epoch: [4]  [250/976]  eta: 0:07:05  lr: 0.000600  sp_loss: 7.1284 (7.0922)  fam_loss: 4.5080 (4.4065)  manu_loss: 3.1707 (3.1412)  ot_loss: 0.7237 (0.7275)  base_loss: 6.8901 (6.8138)  time: 0.5016  data: 0.0562  max mem: 11360
Epoch: [4]  [500/976]  eta: 0:04:31  lr: 0.000600  sp_loss: 7.3411 (7.0860)  fam_loss: 4.5148 (4.4006)  manu_loss: 3.2322 (3.1355)  ot_loss: 0.7160 (0.7289)  base_loss: 7.0435 (6.8059)  time: 0.5355  data: 0.0746  max mem: 11360
Epoch: [4]  [750/976]  eta: 0:02:08  lr: 0.000600  sp_loss: 6.9837 (7.0654)  fam_loss: 4.3449 (4.3915)  manu_loss: 3.1254 (3.1293)  ot_loss: 0.7244 (0.7305)  base_loss: 6.7281 (6.7889)  time: 0.5768  data: 0.1256  max mem: 11360
Epoch: [4]  [975/976]  eta: 0:00:00  lr: 0.000600  sp_loss: 6.5847 (7.0273)  fam_loss: 4.0630 (4.3734)  manu_loss: 2.8939 (3.1186)  ot_loss: 0.7569 (0.7327)  base_loss: 6.3992 (6.7595)  time: 0.4029  data: 0.0600  max mem: 11360
Epoch: [4] Total time: 0:09:08 (0.5620 s / it)
Averaged stats: lr: 0.000600  sp_loss: 6.5847 (7.0314)  fam_loss: 4.0630 (4.3783)  manu_loss: 2.8939 (3.1226)  ot_loss: 0.7569 (0.7323)  base_loss: 6.3992 (6.7636)
Test:  [  0/391]  eta: 0:54:29  sploss: 3.9774 (3.9774)  famloss: 1.9408 (1.9408)  manuloss: 1.2742 (1.2742)  acc1: 25.7812 (25.7812)  acc5: 49.6094 (49.6094)  family_acc1: 54.2969 (54.2969)  manu_acc1: 71.0938 (71.0938)  time: 8.3615  data: 8.0936  max mem: 11360
Test:  [250/391]  eta: 0:01:19  sploss: 4.0859 (4.1942)  famloss: 2.2903 (2.2677)  manuloss: 1.5982 (1.5234)  acc1: 26.9531 (24.7354)  acc5: 50.0000 (48.0235)  family_acc1: 46.4844 (48.5184)  manu_acc1: 59.7656 (62.5872)  time: 0.4184  data: 0.1533  max mem: 11360
Test:  [390/391]  eta: 0:00:00  sploss: 3.9602 (4.1396)  famloss: 2.0198 (2.2103)  manuloss: 1.1787 (1.4609)  acc1: 26.1719 (25.1350)  acc5: 51.5625 (48.8150)  family_acc1: 52.5000 (49.4730)  manu_acc1: 71.0938 (64.1760)  time: 0.4111  data: 0.2356  max mem: 11360
Test: Total time: 0:03:31 (0.5405 s / it)
* Acc@1 25.135 Acc@5 48.819 family@1 49.475 manu@1 64.176 sploss 4.140 fmloss 2.210 mfloss 1.461
FPA: 15.219% | TICE: 54.682%   
 wAP: 28.432  |  LCA: 163.558   |   Precision and Recall: 43.282%
Accuracy of the network on the 100000 test images: 25.1%
Max accuracy: 25.14%
Epoch: [5]  [  0/976]  eta: 2:11:32  lr: 0.000800  sp_loss: 7.5604 (7.5604)  fam_loss: 4.7581 (4.7581)  manu_loss: 3.4318 (3.4318)  ot_loss: 0.7108 (0.7108)  base_loss: 7.2054 (7.2054)  time: 8.0864  data: 7.6737  max mem: 11360
Epoch: [5]  [250/976]  eta: 0:07:14  lr: 0.000800  sp_loss: 7.1415 (6.9129)  fam_loss: 4.4474 (4.3860)  manu_loss: 3.2037 (3.1340)  ot_loss: 0.7298 (0.7385)  base_loss: 6.9008 (6.6950)  time: 0.5450  data: 0.0724  max mem: 11360
Epoch: [5]  [500/976]  eta: 0:04:35  lr: 0.000800  sp_loss: 6.8239 (6.9305)  fam_loss: 4.3202 (4.3988)  manu_loss: 3.0643 (3.1436)  ot_loss: 0.7486 (0.7379)  base_loss: 6.6107 (6.7093)  time: 0.5783  data: 0.1142  max mem: 11360
Epoch: [5]  [750/976]  eta: 0:02:09  lr: 0.000800  sp_loss: 7.1031 (6.9109)  fam_loss: 4.4740 (4.3852)  manu_loss: 3.2106 (3.1332)  ot_loss: 0.7261 (0.7393)  base_loss: 6.8423 (6.6918)  time: 0.5894  data: 0.0007  max mem: 11360
Epoch: [5]  [975/976]  eta: 0:00:00  lr: 0.000800  sp_loss: 6.8974 (6.8956)  fam_loss: 4.3975 (4.3781)  manu_loss: 3.0761 (3.1307)  ot_loss: 0.7442 (0.7401)  base_loss: 6.6993 (6.6800)  time: 0.3958  data: 0.0560  max mem: 11360
Epoch: [5] Total time: 0:09:11 (0.5647 s / it)
Averaged stats: lr: 0.000800  sp_loss: 6.8974 (6.8802)  fam_loss: 4.3975 (4.3678)  manu_loss: 3.0761 (3.1232)  ot_loss: 0.7442 (0.7411)  base_loss: 6.6993 (6.6675)
Test:  [  0/391]  eta: 0:39:08  sploss: 3.9884 (3.9884)  famloss: 2.0568 (2.0568)  manuloss: 1.3745 (1.3745)  acc1: 25.7812 (25.7812)  acc5: 51.5625 (51.5625)  family_acc1: 52.7344 (52.7344)  manu_acc1: 67.5781 (67.5781)  time: 6.0069  data: 5.6275  max mem: 11360
Test:  [250/391]  eta: 0:01:17  sploss: 3.9787 (4.1063)  famloss: 2.3049 (2.2875)  manuloss: 1.5702 (1.5204)  acc1: 28.1250 (26.1376)  acc5: 50.7812 (50.1027)  family_acc1: 47.2656 (48.3083)  manu_acc1: 59.7656 (62.4751)  time: 0.4354  data: 0.1803  max mem: 11360
Test:  [390/391]  eta: 0:00:00  sploss: 3.8181 (4.0410)  famloss: 2.0548 (2.2229)  manuloss: 1.1898 (1.4530)  acc1: 28.9062 (26.7430)  acc5: 54.3750 (51.0320)  family_acc1: 53.5156 (49.4930)  manu_acc1: 71.4844 (64.1190)  time: 0.4154  data: 0.2287  max mem: 11360
Test: Total time: 0:03:28 (0.5340 s / it)
* Acc@1 26.742 Acc@5 51.033 family@1 49.489 manu@1 64.123 sploss 4.041 fmloss 2.223 mfloss 1.453
FPA: 16.352% | TICE: 53.795%   
 wAP: 29.845  |  LCA: 159.410   |   Precision and Recall: 44.747%
Accuracy of the network on the 100000 test images: 26.7%
Max accuracy: 26.74%
Epoch: [6]  [  0/976]  eta: 2:02:15  lr: 0.000994  sp_loss: 6.4068 (6.4068)  fam_loss: 4.0586 (4.0586)  manu_loss: 2.8006 (2.8006)  ot_loss: 0.7587 (0.7587)  base_loss: 6.2586 (6.2586)  time: 7.5155  data: 6.9307  max mem: 11360
Epoch: [6]  [250/976]  eta: 0:07:09  lr: 0.000994  sp_loss: 6.4079 (6.8845)  fam_loss: 4.0389 (4.4319)  manu_loss: 2.9174 (3.1732)  ot_loss: 0.7411 (0.7405)  base_loss: 6.2720 (6.6929)  time: 0.5304  data: 0.0768  max mem: 11360
Epoch: [6]  [500/976]  eta: 0:04:34  lr: 0.000994  sp_loss: 7.0485 (6.9039)  fam_loss: 4.5431 (4.4438)  manu_loss: 3.2364 (3.1840)  ot_loss: 0.7302 (0.7403)  base_loss: 6.8535 (6.7084)  time: 0.5580  data: 0.1066  max mem: 11360
Epoch: [6]  [750/976]  eta: 0:02:09  lr: 0.000994  sp_loss: 6.9138 (6.8820)  fam_loss: 4.4247 (4.4282)  manu_loss: 3.1292 (3.1672)  ot_loss: 0.7329 (0.7415)  base_loss: 6.7156 (6.6889)  time: 0.5650  data: 0.1200  max mem: 11360
Epoch: [6]  [975/976]  eta: 0:00:00  lr: 0.000994  sp_loss: 6.8008 (6.8629)  fam_loss: 4.3199 (4.4141)  manu_loss: 3.1478 (3.1570)  ot_loss: 0.7453 (0.7427)  base_loss: 6.5993 (6.6722)  time: 0.4082  data: 0.0712  max mem: 11360
Epoch: [6] Total time: 0:09:13 (0.5671 s / it)
Averaged stats: lr: 0.000994  sp_loss: 6.8008 (6.8643)  fam_loss: 4.3199 (4.4130)  manu_loss: 3.1478 (3.1557)  ot_loss: 0.7453 (0.7426)  base_loss: 6.5993 (6.6724)
Test:  [  0/391]  eta: 0:56:22  sploss: 3.9734 (3.9734)  famloss: 2.0945 (2.0945)  manuloss: 1.3748 (1.3748)  acc1: 26.5625 (26.5625)  acc5: 51.5625 (51.5625)  family_acc1: 51.9531 (51.9531)  manu_acc1: 67.1875 (67.1875)  time: 8.6503  data: 8.3659  max mem: 11360
Test:  [250/391]  eta: 0:01:17  sploss: 4.1048 (4.1904)  famloss: 2.4146 (2.3957)  manuloss: 1.6373 (1.5847)  acc1: 26.9531 (25.5245)  acc5: 49.2188 (48.9682)  family_acc1: 45.3125 (46.7567)  manu_acc1: 58.2031 (60.9001)  time: 0.4970  data: 0.2325  max mem: 11360
Test:  [390/391]  eta: 0:00:00  sploss: 3.9762 (4.1305)  famloss: 2.1795 (2.3325)  manuloss: 1.2427 (1.5193)  acc1: 26.9531 (25.9970)  acc5: 51.5625 (49.7690)  family_acc1: 50.3906 (47.6680)  manu_acc1: 70.3125 (62.4570)  time: 0.4472  data: 0.2435  max mem: 11360
Test: Total time: 0:03:27 (0.5309 s / it)
* Acc@1 25.996 Acc@5 49.777 family@1 47.666 manu@1 62.453 sploss 4.130 fmloss 2.333 mfloss 1.519
FPA: 15.743% | TICE: 53.968%   
 wAP: 28.972  |  LCA: 163.299   |   Precision and Recall: 43.403%
Accuracy of the network on the 100000 test images: 26.0%
Max accuracy: 26.74%
Epoch: [7]  [  0/976]  eta: 2:18:51  lr: 0.000991  sp_loss: 5.8804 (5.8804)  fam_loss: 3.8166 (3.8166)  manu_loss: 2.8665 (2.8665)  ot_loss: 0.7971 (0.7971)  base_loss: 5.9060 (5.9060)  time: 8.5359  data: 8.0389  max mem: 11360
Epoch: [7]  [250/976]  eta: 0:07:08  lr: 0.000991  sp_loss: 6.5173 (6.5814)  fam_loss: 4.2948 (4.2781)  manu_loss: 3.0244 (3.0583)  ot_loss: 0.7584 (0.7588)  base_loss: 6.3883 (6.4574)  time: 0.5294  data: 0.0784  max mem: 11360
Epoch: [7]  [500/976]  eta: 0:04:30  lr: 0.000991  sp_loss: 6.5753 (6.6582)  fam_loss: 4.2636 (4.3217)  manu_loss: 3.1183 (3.0903)  ot_loss: 0.7513 (0.7541)  base_loss: 6.4530 (6.5167)  time: 0.4918  data: 0.0314  max mem: 11360
Epoch: [7]  [750/976]  eta: 0:02:07  lr: 0.000991  sp_loss: 6.8107 (6.6557)  fam_loss: 4.3047 (4.3117)  manu_loss: 3.1506 (3.0857)  ot_loss: 0.7386 (0.7544)  base_loss: 6.6203 (6.5117)  time: 0.5695  data: 0.1353  max mem: 11360
Epoch: [7]  [975/976]  eta: 0:00:00  lr: 0.000991  sp_loss: 6.7055 (6.6536)  fam_loss: 4.3415 (4.3074)  manu_loss: 3.1316 (3.0819)  ot_loss: 0.7500 (0.7543)  base_loss: 6.5388 (6.5085)  time: 0.4244  data: 0.0355  max mem: 11360
Epoch: [7] Total time: 0:09:04 (0.5578 s / it)
Averaged stats: lr: 0.000991  sp_loss: 6.7055 (6.6687)  fam_loss: 4.3415 (4.3174)  manu_loss: 3.1316 (3.0877)  ot_loss: 0.7500 (0.7536)  base_loss: 6.5388 (6.5206)
Test:  [  0/391]  eta: 0:39:23  sploss: 3.7511 (3.7511)  famloss: 1.9660 (1.9660)  manuloss: 1.2937 (1.2937)  acc1: 31.6406 (31.6406)  acc5: 53.9062 (53.9062)  family_acc1: 55.8594 (55.8594)  manu_acc1: 71.4844 (71.4844)  time: 6.0443  data: 5.6839  max mem: 11360
Test:  [250/391]  eta: 0:01:16  sploss: 3.7384 (3.8282)  famloss: 2.1984 (2.1869)  manuloss: 1.4956 (1.4734)  acc1: 32.0312 (30.6539)  acc5: 56.6406 (55.4392)  family_acc1: 49.2188 (50.2832)  manu_acc1: 63.2812 (64.4111)  time: 0.4491  data: 0.1946  max mem: 11360
Test:  [390/391]  eta: 0:00:00  sploss: 3.6169 (3.7684)  famloss: 1.9675 (2.1224)  manuloss: 1.2220 (1.4098)  acc1: 32.8125 (31.1810)  acc5: 58.9844 (56.3280)  family_acc1: 53.1250 (51.4340)  manu_acc1: 71.0938 (65.9390)  time: 0.4865  data: 0.2670  max mem: 11360
Test: Total time: 0:03:26 (0.5287 s / it)
* Acc@1 31.184 Acc@5 56.328 family@1 51.437 manu@1 65.940 sploss 3.768 fmloss 2.122 mfloss 1.410
FPA: 19.633% | TICE: 50.622%   
 wAP: 33.982  |  LCA: 147.726   |   Precision and Recall: 48.748%
Accuracy of the network on the 100000 test images: 31.2%
Max accuracy: 31.18%
Epoch: [8]  [  0/976]  eta: 1:59:35  lr: 0.000988  sp_loss: 5.1653 (5.1653)  fam_loss: 3.1958 (3.1958)  manu_loss: 2.3770 (2.3770)  ot_loss: 0.8217 (0.8217)  base_loss: 5.2578 (5.2578)  time: 7.3519  data: 6.7986  max mem: 11360
Epoch: [8]  [250/976]  eta: 0:07:05  lr: 0.000988  sp_loss: 6.2813 (6.5145)  fam_loss: 4.1178 (4.2482)  manu_loss: 2.9967 (3.0418)  ot_loss: 0.7653 (0.7618)  base_loss: 6.2190 (6.4055)  time: 0.5213  data: 0.0609  max mem: 11360
Epoch: [8]  [500/976]  eta: 0:04:31  lr: 0.000988  sp_loss: 6.4373 (6.5394)  fam_loss: 4.2054 (4.2527)  manu_loss: 3.0280 (3.0495)  ot_loss: 0.7620 (0.7605)  base_loss: 6.3405 (6.4219)  time: 0.6005  data: 0.1610  max mem: 11360
Epoch: [8]  [750/976]  eta: 0:02:07  lr: 0.000988  sp_loss: 6.6774 (6.5640)  fam_loss: 4.5070 (4.2679)  manu_loss: 3.2577 (3.0602)  ot_loss: 0.7502 (0.7588)  base_loss: 6.6223 (6.4407)  time: 0.5953  data: 0.1557  max mem: 11360
Epoch: [8]  [975/976]  eta: 0:00:00  lr: 0.000988  sp_loss: 6.8008 (6.5742)  fam_loss: 4.3361 (4.2712)  manu_loss: 3.1782 (3.0621)  ot_loss: 0.7519 (0.7583)  base_loss: 6.6286 (6.4474)  time: 0.4270  data: 0.0545  max mem: 11360
Epoch: [8] Total time: 0:09:04 (0.5581 s / it)
Averaged stats: lr: 0.000988  sp_loss: 6.8008 (6.5585)  fam_loss: 4.3361 (4.2611)  manu_loss: 3.1782 (3.0538)  ot_loss: 0.7519 (0.7592)  base_loss: 6.6286 (6.4344)
Test:  [  0/391]  eta: 0:45:24  sploss: 3.6343 (3.6343)  famloss: 1.9181 (1.9181)  manuloss: 1.2162 (1.2162)  acc1: 28.9062 (28.9062)  acc5: 55.8594 (55.8594)  family_acc1: 55.0781 (55.0781)  manu_acc1: 67.9688 (67.9688)  time: 6.9668  data: 6.7116  max mem: 11360
Test:  [250/391]  eta: 0:01:18  sploss: 3.6039 (3.6816)  famloss: 2.1553 (2.1421)  manuloss: 1.4670 (1.4350)  acc1: 33.5938 (32.2522)  acc5: 59.3750 (57.5946)  family_acc1: 51.5625 (51.8146)  manu_acc1: 64.0625 (65.9020)  time: 0.4469  data: 0.1717  max mem: 11360
Test:  [390/391]  eta: 0:00:00  sploss: 3.4366 (3.6187)  famloss: 1.9423 (2.0821)  manuloss: 1.1205 (1.3787)  acc1: 35.9375 (32.9790)  acc5: 60.1562 (58.5940)  family_acc1: 55.0781 (52.8960)  manu_acc1: 73.8281 (67.3520)  time: 0.4604  data: 0.2739  max mem: 11360
Test: Total time: 0:03:29 (0.5370 s / it)
* Acc@1 32.979 Acc@5 58.593 family@1 52.894 manu@1 67.346 sploss 3.619 fmloss 2.082 mfloss 1.379
FPA: 21.429% | TICE: 48.611%   
 wAP: 35.735  |  LCA: 142.706   |   Precision and Recall: 50.464%
Accuracy of the network on the 100000 test images: 33.0%
Max accuracy: 32.98%
Epoch: [9]  [  0/976]  eta: 2:00:17  lr: 0.000984  sp_loss: 5.3695 (5.3695)  fam_loss: 3.5732 (3.5732)  manu_loss: 2.4747 (2.4747)  ot_loss: 0.8244 (0.8244)  base_loss: 5.4956 (5.4956)  time: 7.3950  data: 6.8052  max mem: 11360
Epoch: [9]  [250/976]  eta: 0:07:05  lr: 0.000984  sp_loss: 6.7345 (6.4413)  fam_loss: 4.3493 (4.2256)  manu_loss: 3.1128 (3.0319)  ot_loss: 0.7495 (0.7658)  base_loss: 6.5447 (6.3537)  time: 0.4773  data: 0.0253  max mem: 11360
Epoch: [9]  [500/976]  eta: 0:04:34  lr: 0.000984  sp_loss: 6.4913 (6.4370)  fam_loss: 4.1958 (4.2130)  manu_loss: 3.0237 (3.0217)  ot_loss: 0.7487 (0.7660)  base_loss: 6.3824 (6.3459)  time: 0.5416  data: 0.0789  max mem: 11360
Epoch: [9]  [750/976]  eta: 0:02:09  lr: 0.000984  sp_loss: 6.7525 (6.4529)  fam_loss: 4.4202 (4.2201)  manu_loss: 3.1438 (3.0288)  ot_loss: 0.7524 (0.7648)  base_loss: 6.6032 (6.3578)  time: 0.5818  data: 0.1110  max mem: 11360
Epoch: [9]  [975/976]  eta: 0:00:00  lr: 0.000984  sp_loss: 6.2895 (6.4572)  fam_loss: 4.2023 (4.2197)  manu_loss: 2.9545 (3.0283)  ot_loss: 0.7617 (0.7644)  base_loss: 6.2762 (6.3599)  time: 0.3649  data: 0.0001  max mem: 11360
Epoch: [9] Total time: 0:09:13 (0.5672 s / it)
Averaged stats: lr: 0.000984  sp_loss: 6.2895 (6.4498)  fam_loss: 4.2023 (4.2139)  manu_loss: 2.9545 (3.0243)  ot_loss: 0.7617 (0.7646)  base_loss: 6.2762 (6.3533)
Test:  [  0/391]  eta: 0:49:59  sploss: 3.3321 (3.3321)  famloss: 1.8132 (1.8132)  manuloss: 1.2108 (1.2108)  acc1: 32.8125 (32.8125)  acc5: 60.9375 (60.9375)  family_acc1: 56.2500 (56.2500)  manu_acc1: 71.0938 (71.0938)  time: 7.6701  data: 7.2445  max mem: 11360
Test:  [250/391]  eta: 0:01:18  sploss: 3.4022 (3.4770)  famloss: 2.0330 (2.0393)  manuloss: 1.3756 (1.3626)  acc1: 37.8906 (35.3757)  acc5: 61.3281 (60.7679)  family_acc1: 53.1250 (53.7786)  manu_acc1: 66.4062 (66.5806)  time: 0.4135  data: 0.1709  max mem: 11360
Test:  [390/391]  eta: 0:00:00  sploss: 3.2370 (3.4122)  famloss: 1.8421 (1.9778)  manuloss: 1.0743 (1.3019)  acc1: 38.2812 (36.0650)  acc5: 64.4531 (61.7870)  family_acc1: 57.4219 (54.9130)  manu_acc1: 73.0469 (68.1450)  time: 0.3905  data: 0.2084  max mem: 11360
Test: Total time: 0:03:31 (0.5404 s / it)
* Acc@1 36.069 Acc@5 61.778 family@1 54.907 manu@1 68.144 sploss 3.412 fmloss 1.978 mfloss 1.302
FPA: 24.152% | TICE: 46.144%   
 wAP: 38.665  |  LCA: 134.602   |   Precision and Recall: 53.211%
Accuracy of the network on the 100000 test images: 36.1%
Max accuracy: 36.07%
Epoch: [10]  [  0/976]  eta: 1:56:59  lr: 0.000980  sp_loss: 7.0058 (7.0058)  fam_loss: 4.5746 (4.5746)  manu_loss: 3.3374 (3.3374)  ot_loss: 0.7315 (0.7315)  base_loss: 6.8098 (6.8098)  time: 7.1921  data: 6.3773  max mem: 11360
Epoch: [10]  [250/976]  eta: 0:07:02  lr: 0.000980  sp_loss: 6.3002 (6.3208)  fam_loss: 4.0791 (4.1515)  manu_loss: 2.9512 (2.9782)  ot_loss: 0.7662 (0.7698)  base_loss: 6.2073 (6.2547)  time: 0.5121  data: 0.0569  max mem: 11360
Epoch: [10]  [500/976]  eta: 0:04:32  lr: 0.000980  sp_loss: 6.9036 (6.3934)  fam_loss: 4.4890 (4.1985)  manu_loss: 3.2189 (3.0136)  ot_loss: 0.7420 (0.7663)  base_loss: 6.7213 (6.3137)  time: 0.5283  data: 0.0902  max mem: 11360
Epoch: [10]  [750/976]  eta: 0:02:08  lr: 0.000980  sp_loss: 6.5841 (6.3852)  fam_loss: 4.3498 (4.1882)  manu_loss: 3.0889 (3.0076)  ot_loss: 0.7447 (0.7663)  base_loss: 6.4627 (6.3052)  time: 0.5678  data: 0.1369  max mem: 11360
Epoch: [10]  [975/976]  eta: 0:00:00  lr: 0.000980  sp_loss: 6.6137 (6.3729)  fam_loss: 4.2735 (4.1785)  manu_loss: 3.0394 (3.0012)  ot_loss: 0.7629 (0.7665)  base_loss: 6.4766 (6.2944)  time: 0.4075  data: 0.0648  max mem: 11360
Epoch: [10] Total time: 0:09:10 (0.5642 s / it)
Averaged stats: lr: 0.000980  sp_loss: 6.6137 (6.3878)  fam_loss: 4.2735 (4.1861)  manu_loss: 3.0394 (3.0083)  ot_loss: 0.7629 (0.7661)  base_loss: 6.4766 (6.3062)
Test:  [  0/391]  eta: 0:45:57  sploss: 3.3070 (3.3070)  famloss: 1.8267 (1.8267)  manuloss: 1.2951 (1.2951)  acc1: 37.1094 (37.1094)  acc5: 61.7188 (61.7188)  family_acc1: 59.3750 (59.3750)  manu_acc1: 69.9219 (69.9219)  time: 7.0526  data: 6.7332  max mem: 11360
Test:  [250/391]  eta: 0:01:17  sploss: 3.4138 (3.5289)  famloss: 2.0322 (2.0546)  manuloss: 1.3933 (1.4054)  acc1: 35.5469 (35.6916)  acc5: 63.2812 (61.2923)  family_acc1: 54.2969 (54.4074)  manu_acc1: 67.9688 (67.3011)  time: 0.4213  data: 0.1758  max mem: 11360
Test:  [390/391]  eta: 0:00:00  sploss: 3.3104 (3.4685)  famloss: 1.8868 (1.9947)  manuloss: 1.1728 (1.3462)  acc1: 38.2812 (36.2750)  acc5: 64.0625 (62.2440)  family_acc1: 57.8125 (55.6720)  manu_acc1: 74.2188 (68.8570)  time: 0.4221  data: 0.2411  max mem: 11360
Test: Total time: 0:03:29 (0.5356 s / it)
* Acc@1 36.273 Acc@5 62.253 family@1 55.672 manu@1 68.856 sploss 3.468 fmloss 1.995 mfloss 1.346
FPA: 24.636% | TICE: 46.196%   
 wAP: 38.936  |  LCA: 134.483   |   Precision and Recall: 53.265%
Accuracy of the network on the 100000 test images: 36.3%
Max accuracy: 36.27%
Epoch: [11]  [  0/976]  eta: 1:55:28  lr: 0.000976  sp_loss: 4.7884 (4.7884)  fam_loss: 3.1654 (3.1654)  manu_loss: 2.3089 (2.3089)  ot_loss: 0.8414 (0.8414)  base_loss: 5.0231 (5.0231)  time: 7.0984  data: 6.6313  max mem: 11360
Epoch: [11]  [250/976]  eta: 0:07:07  lr: 0.000976  sp_loss: 6.4247 (6.2438)  fam_loss: 4.1765 (4.1146)  manu_loss: 3.0171 (2.9585)  ot_loss: 0.7610 (0.7731)  base_loss: 6.3233 (6.1970)  time: 0.4841  data: 0.0578  max mem: 11360
Epoch: [11]  [500/976]  eta: 0:04:34  lr: 0.000976  sp_loss: 6.1793 (6.2869)  fam_loss: 4.1031 (4.1372)  manu_loss: 2.9635 (2.9737)  ot_loss: 0.7466 (0.7712)  base_loss: 6.1623 (6.2294)  time: 0.4941  data: 0.0157  max mem: 11360
Epoch: [11]  [750/976]  eta: 0:02:08  lr: 0.000976  sp_loss: 6.7571 (6.3112)  fam_loss: 4.2990 (4.1477)  manu_loss: 3.1176 (2.9795)  ot_loss: 0.7450 (0.7698)  base_loss: 6.5403 (6.2468)  time: 0.5638  data: 0.1224  max mem: 11360
Epoch: [11]  [975/976]  eta: 0:00:00  lr: 0.000976  sp_loss: 6.7346 (6.3146)  fam_loss: 4.2713 (4.1446)  manu_loss: 3.0752 (2.9773)  ot_loss: 0.7526 (0.7694)  base_loss: 6.5746 (6.2474)  time: 0.3538  data: 0.0001  max mem: 11360
Epoch: [11] Total time: 0:09:12 (0.5657 s / it)
Averaged stats: lr: 0.000976  sp_loss: 6.7346 (6.2989)  fam_loss: 4.2713 (4.1355)  manu_loss: 3.0752 (2.9704)  ot_loss: 0.7526 (0.7703)  base_loss: 6.5746 (6.2351)
Test:  [  0/391]  eta: 0:52:21  sploss: 3.2461 (3.2461)  famloss: 1.7741 (1.7741)  manuloss: 1.1662 (1.1662)  acc1: 40.2344 (40.2344)  acc5: 66.7969 (66.7969)  family_acc1: 57.8125 (57.8125)  manu_acc1: 68.7500 (68.7500)  time: 8.0339  data: 7.7369  max mem: 11360
Test:  [250/391]  eta: 0:01:17  sploss: 3.3123 (3.3860)  famloss: 1.9919 (1.9797)  manuloss: 1.3320 (1.3029)  acc1: 37.1094 (36.9039)  acc5: 64.4531 (62.5327)  family_acc1: 54.6875 (55.0454)  manu_acc1: 66.0156 (67.9112)  time: 0.4413  data: 0.2014  max mem: 11360
Test:  [390/391]  eta: 0:00:00  sploss: 3.1769 (3.3203)  famloss: 1.7868 (1.9181)  manuloss: 1.0366 (1.2427)  acc1: 39.8438 (37.6340)  acc5: 66.0156 (63.4880)  family_acc1: 58.5938 (56.4530)  manu_acc1: 75.3906 (69.5140)  time: 0.4130  data: 0.2390  max mem: 11360
Test: Total time: 0:03:29 (0.5367 s / it)
* Acc@1 37.638 Acc@5 63.492 family@1 56.455 manu@1 69.511 sploss 3.320 fmloss 1.918 mfloss 1.243
FPA: 25.718% | TICE: 44.838%   
 wAP: 40.227  |  LCA: 130.092   |   Precision and Recall: 54.761%
Accuracy of the network on the 100000 test images: 37.6%
Max accuracy: 37.64%
Epoch: [12]  [  0/976]  eta: 2:16:44  lr: 0.000971  sp_loss: 4.6790 (4.6790)  fam_loss: 3.0690 (3.0690)  manu_loss: 2.1228 (2.1228)  ot_loss: 0.8354 (0.8354)  base_loss: 4.9100 (4.9100)  time: 8.4065  data: 8.0229  max mem: 11360
Epoch: [12]  [250/976]  eta: 0:07:12  lr: 0.000971  sp_loss: 6.4839 (6.1762)  fam_loss: 4.1622 (4.0778)  manu_loss: 2.9695 (2.9284)  ot_loss: 0.7701 (0.7759)  base_loss: 6.3304 (6.1430)  time: 0.4998  data: 0.0368  max mem: 11360
Epoch: [12]  [500/976]  eta: 0:04:36  lr: 0.000971  sp_loss: 6.0942 (6.1674)  fam_loss: 3.9780 (4.0699)  manu_loss: 2.9351 (2.9224)  ot_loss: 0.7849 (0.7764)  base_loss: 6.1174 (6.1347)  time: 0.5204  data: 0.0006  max mem: 11360
Epoch: [12]  [750/976]  eta: 0:02:09  lr: 0.000971  sp_loss: 6.2491 (6.1657)  fam_loss: 4.0360 (4.0614)  manu_loss: 2.9762 (2.9192)  ot_loss: 0.7736 (0.7764)  base_loss: 6.1479 (6.1308)  time: 0.5678  data: 0.0007  max mem: 11360
Epoch: [12]  [975/976]  eta: 0:00:00  lr: 0.000971  sp_loss: 6.4862 (6.1956)  fam_loss: 4.2959 (4.0774)  manu_loss: 3.0595 (2.9304)  ot_loss: 0.7593 (0.7749)  base_loss: 6.4005 (6.1538)  time: 0.4288  data: 0.0001  max mem: 11360
Epoch: [12] Total time: 0:09:13 (0.5672 s / it)
Averaged stats: lr: 0.000971  sp_loss: 6.4862 (6.2319)  fam_loss: 4.2959 (4.0998)  manu_loss: 3.0595 (2.9492)  ot_loss: 0.7593 (0.7730)  base_loss: 6.4005 (6.1830)
Test:  [  0/391]  eta: 0:46:46  sploss: 3.1169 (3.1169)  famloss: 1.6309 (1.6309)  manuloss: 1.0237 (1.0237)  acc1: 37.1094 (37.1094)  acc5: 66.0156 (66.0156)  family_acc1: 62.1094 (62.1094)  manu_acc1: 75.7812 (75.7812)  time: 7.1771  data: 6.8814  max mem: 11360
Test:  [250/391]  eta: 0:01:18  sploss: 3.0869 (3.1953)  famloss: 1.8549 (1.8634)  manuloss: 1.2150 (1.2199)  acc1: 41.7969 (39.1030)  acc5: 65.2344 (64.6103)  family_acc1: 56.6406 (57.4125)  manu_acc1: 69.9219 (69.9172)  time: 0.4226  data: 0.1466  max mem: 11360
Test:  [390/391]  eta: 0:00:00  sploss: 2.9482 (3.1255)  famloss: 1.6653 (1.8052)  manuloss: 0.9745 (1.1637)  acc1: 41.0156 (40.0110)  acc5: 67.9688 (65.6820)  family_acc1: 60.9375 (58.5670)  manu_acc1: 75.7812 (71.3730)  time: 0.4066  data: 0.2384  max mem: 11360
Test: Total time: 0:03:30 (0.5393 s / it)
* Acc@1 40.010 Acc@5 65.678 family@1 58.566 manu@1 71.374 sploss 3.125 fmloss 1.805 mfloss 1.164
FPA: 28.316% | TICE: 42.810%   
 wAP: 42.561  |  LCA: 124.892   |   Precision and Recall: 56.587%
Accuracy of the network on the 100000 test images: 40.0%
Max accuracy: 40.01%
Epoch: [13]  [  0/976]  eta: 2:17:23  lr: 0.000965  sp_loss: 6.3555 (6.3555)  fam_loss: 4.0980 (4.0980)  manu_loss: 3.0000 (3.0000)  ot_loss: 0.7710 (0.7710)  base_loss: 6.2661 (6.2661)  time: 8.4463  data: 8.0345  max mem: 11360
Epoch: [13]  [250/976]  eta: 0:07:02  lr: 0.000965  sp_loss: 6.3671 (6.1856)  fam_loss: 4.0750 (4.0924)  manu_loss: 2.9458 (2.9401)  ot_loss: 0.7601 (0.7739)  base_loss: 6.3189 (6.1524)  time: 0.5079  data: 0.0685  max mem: 11360
Epoch: [13]  [500/976]  eta: 0:04:32  lr: 0.000965  sp_loss: 6.2295 (6.1892)  fam_loss: 4.1740 (4.0859)  manu_loss: 3.0276 (2.9371)  ot_loss: 0.7650 (0.7737)  base_loss: 6.2222 (6.1524)  time: 0.5948  data: 0.0008  max mem: 11360
Epoch: [13]  [750/976]  eta: 0:02:07  lr: 0.000965  sp_loss: 6.6540 (6.1792)  fam_loss: 4.3467 (4.0786)  manu_loss: 3.1064 (2.9317)  ot_loss: 0.7480 (0.7741)  base_loss: 6.5404 (6.1440)  time: 0.5623  data: 0.0007  max mem: 11360
Epoch: [13]  [975/976]  eta: 0:00:00  lr: 0.000965  sp_loss: 5.8973 (6.1515)  fam_loss: 3.8290 (4.0557)  manu_loss: 2.7996 (2.9161)  ot_loss: 0.7740 (0.7756)  base_loss: 5.9020 (6.1196)  time: 0.3917  data: 0.0001  max mem: 11360
Epoch: [13] Total time: 0:09:07 (0.5605 s / it)
Averaged stats: lr: 0.000965  sp_loss: 5.8973 (6.1695)  fam_loss: 3.8290 (4.0647)  manu_loss: 2.7996 (2.9222)  ot_loss: 0.7740 (0.7747)  base_loss: 5.9020 (6.1331)
Test:  [  0/391]  eta: 0:53:10  sploss: 3.0708 (3.0708)  famloss: 1.6165 (1.6165)  manuloss: 1.0617 (1.0617)  acc1: 40.6250 (40.6250)  acc5: 66.4062 (66.4062)  family_acc1: 61.3281 (61.3281)  manu_acc1: 76.1719 (76.1719)  time: 8.1590  data: 7.8830  max mem: 11360
Test:  [250/391]  eta: 0:01:17  sploss: 3.0635 (3.1605)  famloss: 1.8619 (1.8590)  manuloss: 1.2174 (1.2197)  acc1: 41.0156 (40.1628)  acc5: 66.7969 (65.7604)  family_acc1: 56.6406 (57.9993)  manu_acc1: 69.5312 (70.8541)  time: 0.3679  data: 0.1182  max mem: 11360
Test:  [390/391]  eta: 0:00:00  sploss: 2.8980 (3.0901)  famloss: 1.6934 (1.7987)  manuloss: 0.9680 (1.1649)  acc1: 42.5781 (41.1520)  acc5: 67.9688 (66.9230)  family_acc1: 61.3281 (59.2760)  manu_acc1: 77.7344 (72.2180)  time: 0.4062  data: 0.2349  max mem: 11360
Test: Total time: 0:03:29 (0.5351 s / it)
* Acc@1 41.157 Acc@5 66.920 family@1 59.279 manu@1 72.222 sploss 3.090 fmloss 1.799 mfloss 1.165
FPA: 29.375% | TICE: 42.525%   
 wAP: 43.660  |  LCA: 122.182   |   Precision and Recall: 57.567%
Accuracy of the network on the 100000 test images: 41.2%
Max accuracy: 41.16%
Epoch: [14]  [  0/976]  eta: 2:07:00  lr: 0.000959  sp_loss: 4.9204 (4.9204)  fam_loss: 3.2662 (3.2662)  manu_loss: 2.4489 (2.4489)  ot_loss: 0.8098 (0.8098)  base_loss: 5.1346 (5.1346)  time: 7.8075  data: 7.3972  max mem: 11360
Epoch: [14]  [250/976]  eta: 0:07:04  lr: 0.000959  sp_loss: 6.2693 (6.1087)  fam_loss: 4.1323 (4.0483)  manu_loss: 3.0655 (2.9137)  ot_loss: 0.7737 (0.7778)  base_loss: 6.1758 (6.0921)  time: 0.5188  data: 0.0008  max mem: 11360
Epoch: [14]  [500/976]  eta: 0:04:32  lr: 0.000959  sp_loss: 6.3562 (6.1408)  fam_loss: 4.1740 (4.0570)  manu_loss: 3.0216 (2.9178)  ot_loss: 0.7613 (0.7761)  base_loss: 6.2780 (6.1131)  time: 0.5881  data: 0.1339  max mem: 11360
Epoch: [14]  [750/976]  eta: 0:02:08  lr: 0.000959  sp_loss: 6.3682 (6.1418)  fam_loss: 4.1749 (4.0534)  manu_loss: 3.0295 (2.9162)  ot_loss: 0.7593 (0.7755)  base_loss: 6.2931 (6.1125)  time: 0.5968  data: 0.0018  max mem: 11360
Epoch: [14]  [975/976]  eta: 0:00:00  lr: 0.000959  sp_loss: 5.8467 (6.1684)  fam_loss: 3.8396 (4.0670)  manu_loss: 2.8551 (2.9261)  ot_loss: 0.7737 (0.7739)  base_loss: 5.8831 (6.1329)  time: 0.3837  data: 0.0001  max mem: 11360
Epoch: [14] Total time: 0:09:08 (0.5617 s / it)
Averaged stats: lr: 0.000959  sp_loss: 5.8467 (6.1466)  fam_loss: 3.8396 (4.0518)  manu_loss: 2.8551 (2.9151)  ot_loss: 0.7737 (0.7751)  base_loss: 5.8831 (6.1147)
Test:  [  0/391]  eta: 0:53:02  sploss: 3.0835 (3.0835)  famloss: 1.6727 (1.6727)  manuloss: 1.0818 (1.0818)  acc1: 42.1875 (42.1875)  acc5: 66.7969 (66.7969)  family_acc1: 58.9844 (58.9844)  manu_acc1: 75.7812 (75.7812)  time: 8.1397  data: 7.8842  max mem: 11360
Test:  [250/391]  eta: 0:01:18  sploss: 3.0449 (3.1524)  famloss: 1.8020 (1.8166)  manuloss: 1.2479 (1.2268)  acc1: 42.9688 (40.9985)  acc5: 67.9688 (66.6817)  family_acc1: 58.5938 (59.0171)  manu_acc1: 69.1406 (71.0004)  time: 0.3935  data: 0.1321  max mem: 11360
Test:  [390/391]  eta: 0:00:00  sploss: 2.9138 (3.0866)  famloss: 1.6414 (1.7603)  manuloss: 0.9767 (1.1713)  acc1: 43.7500 (41.8010)  acc5: 70.3125 (67.6440)  family_acc1: 62.1094 (60.0810)  manu_acc1: 77.7344 (72.4190)  time: 0.3836  data: 0.2166  max mem: 11360
Test: Total time: 0:03:31 (0.5411 s / it)
* Acc@1 41.802 Acc@5 67.646 family@1 60.086 manu@1 72.422 sploss 3.087 fmloss 1.760 mfloss 1.171
FPA: 30.346% | TICE: 40.506%   
 wAP: 44.310  |  LCA: 119.955   |   Precision and Recall: 58.273%
Accuracy of the network on the 100000 test images: 41.8%
Max accuracy: 41.80%
Epoch: [15]  [  0/976]  eta: 2:18:56  lr: 0.000953  sp_loss: 4.4198 (4.4198)  fam_loss: 2.9575 (2.9575)  manu_loss: 2.2035 (2.2035)  ot_loss: 0.8714 (0.8714)  base_loss: 4.7477 (4.7477)  time: 8.5415  data: 8.1420  max mem: 11360
Epoch: [15]  [250/976]  eta: 0:07:06  lr: 0.000953  sp_loss: 6.4301 (5.9529)  fam_loss: 4.1477 (3.9481)  manu_loss: 2.9324 (2.8434)  ot_loss: 0.7643 (0.7838)  base_loss: 6.3268 (5.9657)  time: 0.5386  data: 0.0856  max mem: 11360
Epoch: [15]  [500/976]  eta: 0:04:32  lr: 0.000953  sp_loss: 6.2537 (5.9967)  fam_loss: 4.1679 (3.9675)  manu_loss: 2.9300 (2.8576)  ot_loss: 0.7660 (0.7822)  base_loss: 6.2054 (5.9982)  time: 0.5713  data: 0.0078  max mem: 11360
Epoch: [15]  [750/976]  eta: 0:02:07  lr: 0.000953  sp_loss: 6.3043 (6.0430)  fam_loss: 4.0356 (3.9896)  manu_loss: 2.9245 (2.8728)  ot_loss: 0.7637 (0.7799)  base_loss: 6.1984 (6.0325)  time: 0.5738  data: 0.0525  max mem: 11360
Epoch: [15]  [975/976]  eta: 0:00:00  lr: 0.000953  sp_loss: 6.4059 (6.0474)  fam_loss: 4.1832 (3.9879)  manu_loss: 3.0009 (2.8722)  ot_loss: 0.7587 (0.7795)  base_loss: 6.3234 (6.0343)  time: 0.3619  data: 0.0001  max mem: 11360
Epoch: [15] Total time: 0:09:07 (0.5611 s / it)
Averaged stats: lr: 0.000953  sp_loss: 6.4059 (6.0621)  fam_loss: 4.1832 (3.9984)  manu_loss: 3.0009 (2.8787)  ot_loss: 0.7587 (0.7786)  base_loss: 6.3234 (6.0462)
Test:  [  0/391]  eta: 0:55:24  sploss: 2.9055 (2.9055)  famloss: 1.6014 (1.6014)  manuloss: 1.0521 (1.0521)  acc1: 43.7500 (43.7500)  acc5: 67.9688 (67.9688)  family_acc1: 60.9375 (60.9375)  manu_acc1: 76.9531 (76.9531)  time: 8.5017  data: 8.2460  max mem: 11360
Test:  [250/391]  eta: 0:01:16  sploss: 2.9940 (3.0377)  famloss: 1.7930 (1.8105)  manuloss: 1.2430 (1.2532)  acc1: 44.5312 (42.3104)  acc5: 67.9688 (67.4256)  family_acc1: 58.9844 (59.4404)  manu_acc1: 70.7031 (71.3832)  time: 0.4185  data: 0.1870  max mem: 11360
Test:  [390/391]  eta: 0:00:00  sploss: 2.8517 (2.9745)  famloss: 1.6754 (1.7566)  manuloss: 1.0526 (1.2023)  acc1: 44.9219 (43.1580)  acc5: 69.9219 (68.5080)  family_acc1: 62.5000 (60.5490)  manu_acc1: 76.5625 (72.6970)  time: 0.4516  data: 0.2625  max mem: 11360
Test: Total time: 0:03:27 (0.5313 s / it)
* Acc@1 43.159 Acc@5 68.510 family@1 60.552 manu@1 72.695 sploss 2.975 fmloss 1.757 mfloss 1.202
FPA: 31.406% | TICE: 40.719%   
 wAP: 45.554  |  LCA: 117.096   |   Precision and Recall: 59.325%
Accuracy of the network on the 100000 test images: 43.2%
Max accuracy: 43.16%
Epoch: [16]  [  0/976]  eta: 2:10:29  lr: 0.000946  sp_loss: 5.3395 (5.3395)  fam_loss: 3.4507 (3.4507)  manu_loss: 2.4390 (2.4390)  ot_loss: 0.8186 (0.8186)  base_loss: 5.4397 (5.4397)  time: 8.0223  data: 7.6114  max mem: 11360
Epoch: [16]  [250/976]  eta: 0:07:06  lr: 0.000946  sp_loss: 6.1079 (6.0396)  fam_loss: 4.0795 (4.0101)  manu_loss: 2.9428 (2.8978)  ot_loss: 0.7622 (0.7791)  base_loss: 6.0552 (6.0394)  time: 0.5251  data: 0.0476  max mem: 11360
Epoch: [16]  [500/976]  eta: 0:04:31  lr: 0.000946  sp_loss: 5.8732 (5.9989)  fam_loss: 3.7709 (3.9728)  manu_loss: 2.8861 (2.8700)  ot_loss: 0.7713 (0.7812)  base_loss: 5.8706 (6.0019)  time: 0.5330  data: 0.0659  max mem: 11360
Epoch: [16]  [750/976]  eta: 0:02:07  lr: 0.000946  sp_loss: 5.8669 (5.9984)  fam_loss: 3.9087 (3.9698)  manu_loss: 2.8294 (2.8675)  ot_loss: 0.7799 (0.7812)  base_loss: 5.9585 (6.0004)  time: 0.5806  data: 0.0463  max mem: 11360
Epoch: [16]  [975/976]  eta: 0:00:00  lr: 0.000946  sp_loss: 6.2251 (6.0092)  fam_loss: 4.1388 (3.9706)  manu_loss: 2.9589 (2.8670)  ot_loss: 0.7608 (0.7804)  base_loss: 6.1629 (6.0066)  time: 0.4230  data: 0.0553  max mem: 11360
Epoch: [16] Total time: 0:09:06 (0.5601 s / it)
Averaged stats: lr: 0.000946  sp_loss: 6.2251 (6.0307)  fam_loss: 4.1388 (3.9836)  manu_loss: 2.9589 (2.8734)  ot_loss: 0.7608 (0.7793)  base_loss: 6.1629 (6.0230)
Test:  [  0/391]  eta: 0:45:35  sploss: 2.9331 (2.9331)  famloss: 1.5764 (1.5764)  manuloss: 1.0756 (1.0756)  acc1: 44.5312 (44.5312)  acc5: 69.5312 (69.5312)  family_acc1: 69.1406 (69.1406)  manu_acc1: 80.4688 (80.4688)  time: 6.9974  data: 6.7272  max mem: 11360
Test:  [250/391]  eta: 0:01:16  sploss: 3.1473 (3.1998)  famloss: 1.8571 (1.8855)  manuloss: 1.2918 (1.3051)  acc1: 44.5312 (42.0459)  acc5: 68.3594 (67.4365)  family_acc1: 59.7656 (59.7750)  manu_acc1: 70.3125 (71.9544)  time: 0.4326  data: 0.1789  max mem: 11360
Test:  [390/391]  eta: 0:00:00  sploss: 2.9805 (3.1374)  famloss: 1.7457 (1.8295)  manuloss: 1.0859 (1.2517)  acc1: 45.7031 (42.8510)  acc5: 71.0938 (68.3940)  family_acc1: 64.0625 (60.9550)  manu_acc1: 77.7344 (73.4140)  time: 0.4350  data: 0.2481  max mem: 11360
Test: Total time: 0:03:27 (0.5314 s / it)
* Acc@1 42.849 Acc@5 68.392 family@1 60.946 manu@1 73.410 sploss 3.137 fmloss 1.829 mfloss 1.252
FPA: 31.559% | TICE: 39.739%   
 wAP: 45.338  |  LCA: 117.231   |   Precision and Recall: 59.189%
Accuracy of the network on the 100000 test images: 42.8%
Max accuracy: 43.16%
Epoch: [17]  [  0/976]  eta: 2:20:36  lr: 0.000939  sp_loss: 6.7399 (6.7399)  fam_loss: 4.5554 (4.5554)  manu_loss: 3.3800 (3.3800)  ot_loss: 0.7268 (0.7268)  base_loss: 6.6471 (6.6471)  time: 8.6437  data: 8.2066  max mem: 11360
Epoch: [17]  [250/976]  eta: 0:07:09  lr: 0.000939  sp_loss: 6.5136 (5.9643)  fam_loss: 4.1176 (3.9588)  manu_loss: 3.0210 (2.8555)  ot_loss: 0.7622 (0.7837)  base_loss: 6.3651 (5.9757)  time: 0.5200  data: 0.0537  max mem: 11360
Epoch: [17]  [500/976]  eta: 0:04:32  lr: 0.000939  sp_loss: 6.1292 (5.9429)  fam_loss: 4.1264 (3.9395)  manu_loss: 2.9499 (2.8395)  ot_loss: 0.7656 (0.7836)  base_loss: 6.1441 (5.9556)  time: 0.5902  data: 0.1418  max mem: 11360
Epoch: [17]  [750/976]  eta: 0:02:08  lr: 0.000939  sp_loss: 6.2789 (5.9602)  fam_loss: 4.0341 (3.9464)  manu_loss: 2.8618 (2.8464)  ot_loss: 0.7738 (0.7825)  base_loss: 6.1757 (5.9682)  time: 0.5751  data: 0.1310  max mem: 11360
Epoch: [17]  [975/976]  eta: 0:00:00  lr: 0.000939  sp_loss: 6.1272 (5.9614)  fam_loss: 3.9209 (3.9432)  manu_loss: 2.8638 (2.8428)  ot_loss: 0.7764 (0.7825)  base_loss: 6.0548 (5.9673)  time: 0.4306  data: 0.0654  max mem: 11360
Epoch: [17] Total time: 0:09:06 (0.5604 s / it)
Averaged stats: lr: 0.000939  sp_loss: 6.1272 (5.9533)  fam_loss: 3.9209 (3.9362)  manu_loss: 2.8638 (2.8385)  ot_loss: 0.7764 (0.7829)  base_loss: 6.0548 (5.9604)
Test:  [  0/391]  eta: 0:51:34  sploss: 2.7057 (2.7057)  famloss: 1.4601 (1.4601)  manuloss: 0.9610 (0.9610)  acc1: 51.5625 (51.5625)  acc5: 73.8281 (73.8281)  family_acc1: 67.5781 (67.5781)  manu_acc1: 77.3438 (77.3438)  time: 7.9133  data: 7.5788  max mem: 11360
Test:  [250/391]  eta: 0:01:19  sploss: 2.8299 (2.9680)  famloss: 1.6667 (1.7028)  manuloss: 1.1457 (1.1314)  acc1: 46.8750 (44.4534)  acc5: 70.7031 (69.5110)  family_acc1: 61.3281 (61.7717)  manu_acc1: 71.4844 (73.2601)  time: 0.6347  data: 0.3879  max mem: 11360
Test:  [390/391]  eta: 0:00:00  sploss: 2.7639 (2.9069)  famloss: 1.5589 (1.6470)  manuloss: 0.9115 (1.0818)  acc1: 46.8750 (45.1830)  acc5: 72.6562 (70.4310)  family_acc1: 63.6719 (62.7910)  manu_acc1: 78.5156 (74.5350)  time: 0.2829  data: 0.1115  max mem: 11360
Test: Total time: 0:03:30 (0.5377 s / it)
* Acc@1 45.178 Acc@5 70.427 family@1 62.794 manu@1 74.538 sploss 2.907 fmloss 1.647 mfloss 1.082
FPA: 33.935% | TICE: 38.405%   
 wAP: 47.591  |  LCA: 111.791   |   Precision and Recall: 61.094%
Accuracy of the network on the 100000 test images: 45.2%
Max accuracy: 45.18%
Epoch: [18]  [  0/976]  eta: 2:16:16  lr: 0.000931  sp_loss: 6.4021 (6.4021)  fam_loss: 4.3121 (4.3121)  manu_loss: 3.1933 (3.1933)  ot_loss: 0.7579 (0.7579)  base_loss: 6.3835 (6.3835)  time: 8.3780  data: 7.9544  max mem: 11360
Epoch: [18]  [250/976]  eta: 0:07:09  lr: 0.000931  sp_loss: 5.9768 (5.8899)  fam_loss: 3.9759 (3.9110)  manu_loss: 2.8755 (2.8171)  ot_loss: 0.7791 (0.7858)  base_loss: 6.0196 (5.9144)  time: 0.5021  data: 0.0666  max mem: 11360
Epoch: [18]  [500/976]  eta: 0:04:36  lr: 0.000931  sp_loss: 6.1456 (5.8988)  fam_loss: 4.0389 (3.9123)  manu_loss: 2.8723 (2.8228)  ot_loss: 0.7710 (0.7856)  base_loss: 6.1396 (5.9206)  time: 0.5476  data: 0.0007  max mem: 11360
Epoch: [18]  [750/976]  eta: 0:02:09  lr: 0.000931  sp_loss: 5.9380 (5.9616)  fam_loss: 3.8473 (3.9479)  manu_loss: 2.7446 (2.8485)  ot_loss: 0.7669 (0.7818)  base_loss: 5.9111 (5.9694)  time: 0.5406  data: 0.0007  max mem: 11360
Epoch: [18]  [975/976]  eta: 0:00:00  lr: 0.000931  sp_loss: 5.4349 (5.9560)  fam_loss: 3.5431 (3.9410)  manu_loss: 2.5391 (2.8440)  ot_loss: 0.8046 (0.7815)  base_loss: 5.5360 (5.9637)  time: 0.3818  data: 0.0001  max mem: 11360
Epoch: [18] Total time: 0:09:13 (0.5676 s / it)
Averaged stats: lr: 0.000931  sp_loss: 5.4349 (5.9379)  fam_loss: 3.5431 (3.9302)  manu_loss: 2.5391 (2.8366)  ot_loss: 0.8046 (0.7821)  base_loss: 5.5360 (5.9494)
Test:  [  0/391]  eta: 0:54:32  sploss: 2.8435 (2.8435)  famloss: 1.4787 (1.4787)  manuloss: 0.9275 (0.9275)  acc1: 47.6562 (47.6562)  acc5: 73.0469 (73.0469)  family_acc1: 66.7969 (66.7969)  manu_acc1: 81.6406 (81.6406)  time: 8.3683  data: 8.1127  max mem: 11360
Test:  [250/391]  eta: 0:01:17  sploss: 2.9562 (3.0023)  famloss: 1.6389 (1.6764)  manuloss: 1.1464 (1.1366)  acc1: 45.7031 (44.7102)  acc5: 69.9219 (69.5126)  family_acc1: 62.1094 (61.7468)  manu_acc1: 71.8750 (73.4733)  time: 0.5136  data: 0.2476  max mem: 11360
Test:  [390/391]  eta: 0:00:00  sploss: 2.7639 (2.9398)  famloss: 1.5135 (1.6226)  manuloss: 0.9069 (1.0863)  acc1: 47.6562 (45.5050)  acc5: 72.2656 (70.4860)  family_acc1: 65.6250 (62.9010)  manu_acc1: 80.0000 (74.7810)  time: 0.4105  data: 0.2433  max mem: 11360
Test: Total time: 0:03:29 (0.5364 s / it)
* Acc@1 45.498 Acc@5 70.484 family@1 62.903 manu@1 74.784 sploss 2.940 fmloss 1.623 mfloss 1.086
FPA: 34.439% | TICE: 38.138%   
 wAP: 47.889  |  LCA: 111.572   |   Precision and Recall: 61.230%
Accuracy of the network on the 100000 test images: 45.5%
Max accuracy: 45.50%
Epoch: [19]  [  0/976]  eta: 2:08:38  lr: 0.000923  sp_loss: 6.2884 (6.2884)  fam_loss: 4.1386 (4.1386)  manu_loss: 2.9882 (2.9882)  ot_loss: 0.7550 (0.7550)  base_loss: 6.2155 (6.2155)  time: 7.9086  data: 7.4882  max mem: 11360
Epoch: [19]  [250/976]  eta: 0:07:08  lr: 0.000923  sp_loss: 5.8959 (5.8286)  fam_loss: 3.9435 (3.8658)  manu_loss: 2.8702 (2.7957)  ot_loss: 0.7692 (0.7868)  base_loss: 5.9088 (5.8630)  time: 0.5363  data: 0.0779  max mem: 11360
Epoch: [19]  [500/976]  eta: 0:04:33  lr: 0.000923  sp_loss: 5.3142 (5.8440)  fam_loss: 3.5054 (3.8762)  manu_loss: 2.5596 (2.7970)  ot_loss: 0.7970 (0.7863)  base_loss: 5.4601 (5.8745)  time: 0.5559  data: 0.1120  max mem: 11360
Epoch: [19]  [750/976]  eta: 0:02:07  lr: 0.000923  sp_loss: 6.0326 (5.8818)  fam_loss: 3.9960 (3.8944)  manu_loss: 2.8684 (2.8097)  ot_loss: 0.7781 (0.7846)  base_loss: 6.0273 (5.9029)  time: 0.5556  data: 0.0485  max mem: 11360
Epoch: [19]  [975/976]  eta: 0:00:00  lr: 0.000923  sp_loss: 5.8549 (5.8930)  fam_loss: 3.8938 (3.8980)  manu_loss: 2.6935 (2.8126)  ot_loss: 0.7756 (0.7837)  base_loss: 5.8628 (5.9106)  time: 0.4283  data: 0.0709  max mem: 11360
Epoch: [19] Total time: 0:09:07 (0.5605 s / it)
Averaged stats: lr: 0.000923  sp_loss: 5.8549 (5.9046)  fam_loss: 3.8938 (3.9038)  manu_loss: 2.6935 (2.8184)  ot_loss: 0.7756 (0.7832)  base_loss: 5.8628 (5.9198)
Test:  [  0/391]  eta: 0:50:25  sploss: 2.6624 (2.6624)  famloss: 1.4155 (1.4155)  manuloss: 0.8769 (0.8769)  acc1: 49.6094 (49.6094)  acc5: 73.8281 (73.8281)  family_acc1: 62.8906 (62.8906)  manu_acc1: 78.1250 (78.1250)  time: 7.7381  data: 7.4690  max mem: 11360
Test:  [250/391]  eta: 0:01:16  sploss: 2.8211 (2.8686)  famloss: 1.6305 (1.6349)  manuloss: 1.0845 (1.0835)  acc1: 45.3125 (44.6340)  acc5: 70.7031 (69.8347)  family_acc1: 61.3281 (62.3584)  manu_acc1: 73.4375 (74.0102)  time: 0.5311  data: 0.2705  max mem: 11360
Test:  [390/391]  eta: 0:00:00  sploss: 2.6411 (2.8055)  famloss: 1.4407 (1.5803)  manuloss: 0.8543 (1.0321)  acc1: 46.8750 (45.3960)  acc5: 73.1250 (70.7980)  family_acc1: 66.4062 (63.5100)  manu_acc1: 80.4688 (75.3670)  time: 0.4190  data: 0.2537  max mem: 11360
Test: Total time: 0:03:31 (0.5405 s / it)
* Acc@1 45.401 Acc@5 70.806 family@1 63.516 manu@1 75.365 sploss 2.805 fmloss 1.580 mfloss 1.032
FPA: 34.632% | TICE: 37.128%   
 wAP: 47.876  |  LCA: 110.413   |   Precision and Recall: 61.552%
Accuracy of the network on the 100000 test images: 45.4%
Max accuracy: 45.50%
Epoch: [20]  [  0/976]  eta: 2:03:13  lr: 0.000914  sp_loss: 6.3854 (6.3854)  fam_loss: 4.2970 (4.2970)  manu_loss: 3.0880 (3.0880)  ot_loss: 0.7680 (0.7680)  base_loss: 6.3358 (6.3358)  time: 7.5755  data: 6.9880  max mem: 11360
Epoch: [20]  [250/976]  eta: 0:07:12  lr: 0.000914  sp_loss: 6.2135 (5.8715)  fam_loss: 4.0842 (3.9023)  manu_loss: 2.9813 (2.8233)  ot_loss: 0.7756 (0.7849)  base_loss: 6.2238 (5.9013)  time: 0.5008  data: 0.0007  max mem: 11360
Epoch: [20]  [500/976]  eta: 0:04:34  lr: 0.000914  sp_loss: 6.1354 (5.8675)  fam_loss: 4.1712 (3.8903)  manu_loss: 2.9642 (2.8125)  ot_loss: 0.7627 (0.7849)  base_loss: 6.1292 (5.8941)  time: 0.5337  data: 0.0007  max mem: 11360
Epoch: [20]  [750/976]  eta: 0:02:09  lr: 0.000914  sp_loss: 5.4919 (5.8678)  fam_loss: 3.6379 (3.8870)  manu_loss: 2.6398 (2.8068)  ot_loss: 0.7906 (0.7844)  base_loss: 5.5827 (5.8922)  time: 0.6334  data: 0.0006  max mem: 11360
Epoch: [20]  [975/976]  eta: 0:00:00  lr: 0.000914  sp_loss: 5.8719 (5.8817)  fam_loss: 3.9817 (3.8899)  manu_loss: 2.9315 (2.8095)  ot_loss: 0.7677 (0.7834)  base_loss: 5.9543 (5.9012)  time: 0.3794  data: 0.0001  max mem: 11360
Epoch: [20] Total time: 0:09:12 (0.5658 s / it)
Averaged stats: lr: 0.000914  sp_loss: 5.8719 (5.8664)  fam_loss: 3.9817 (3.8799)  manu_loss: 2.9315 (2.8022)  ot_loss: 0.7677 (0.7841)  base_loss: 5.9543 (5.8887)
Test:  [  0/391]  eta: 0:54:08  sploss: 2.6863 (2.6863)  famloss: 1.4757 (1.4757)  manuloss: 0.9896 (0.9896)  acc1: 46.4844 (46.4844)  acc5: 70.3125 (70.3125)  family_acc1: 66.4062 (66.4062)  manu_acc1: 80.0781 (80.0781)  time: 8.3091  data: 8.0527  max mem: 11360
Test:  [250/391]  eta: 0:01:17  sploss: 2.7686 (2.8459)  famloss: 1.6145 (1.6395)  manuloss: 1.1141 (1.1193)  acc1: 47.6562 (46.1607)  acc5: 70.7031 (70.8945)  family_acc1: 62.5000 (62.8704)  manu_acc1: 74.2188 (74.7168)  time: 0.3752  data: 0.1171  max mem: 11360
Test:  [390/391]  eta: 0:00:00  sploss: 2.6012 (2.7770)  famloss: 1.5006 (1.5831)  manuloss: 0.9049 (1.0671)  acc1: 48.4375 (46.9380)  acc5: 73.8281 (71.9430)  family_acc1: 65.2344 (64.0470)  manu_acc1: 80.0781 (75.9610)  time: 0.4130  data: 0.2359  max mem: 11360
Test: Total time: 0:03:30 (0.5376 s / it)
* Acc@1 46.934 Acc@5 71.941 family@1 64.044 manu@1 75.959 sploss 2.777 fmloss 1.583 mfloss 1.067
FPA: 36.019% | TICE: 36.212%   
 wAP: 49.289  |  LCA: 107.446   |   Precision and Recall: 62.557%
Accuracy of the network on the 100000 test images: 46.9%
Max accuracy: 46.93%
Epoch: [21]  [  0/976]  eta: 2:11:51  lr: 0.000905  sp_loss: 6.8119 (6.8119)  fam_loss: 4.5933 (4.5933)  manu_loss: 3.4387 (3.4387)  ot_loss: 0.7389 (0.7389)  base_loss: 6.7189 (6.7189)  time: 8.1056  data: 7.6944  max mem: 11360
Epoch: [21]  [250/976]  eta: 0:07:02  lr: 0.000905  sp_loss: 5.8721 (5.8895)  fam_loss: 3.9347 (3.9048)  manu_loss: 2.7370 (2.8266)  ot_loss: 0.7759 (0.7836)  base_loss: 5.9327 (5.9119)  time: 0.5160  data: 0.0901  max mem: 11360
Epoch: [21]  [500/976]  eta: 0:04:31  lr: 0.000905  sp_loss: 5.8220 (5.8585)  fam_loss: 3.9085 (3.8896)  manu_loss: 2.7728 (2.8124)  ot_loss: 0.7721 (0.7844)  base_loss: 5.8414 (5.8878)  time: 0.5102  data: 0.0713  max mem: 11360
Epoch: [21]  [750/976]  eta: 0:02:07  lr: 0.000905  sp_loss: 6.1962 (5.8529)  fam_loss: 4.0094 (3.8802)  manu_loss: 2.8261 (2.8052)  ot_loss: 0.7717 (0.7844)  base_loss: 6.0821 (5.8809)  time: 0.5968  data: 0.1447  max mem: 11360
Epoch: [21]  [975/976]  eta: 0:00:00  lr: 0.000905  sp_loss: 6.0419 (5.8454)  fam_loss: 3.9704 (3.8709)  manu_loss: 2.8591 (2.7969)  ot_loss: 0.7781 (0.7849)  base_loss: 6.0410 (5.8731)  time: 0.4085  data: 0.0715  max mem: 11360
Epoch: [21] Total time: 0:09:05 (0.5594 s / it)
Averaged stats: lr: 0.000905  sp_loss: 6.0419 (5.8470)  fam_loss: 3.9704 (3.8710)  manu_loss: 2.8591 (2.7970)  ot_loss: 0.7781 (0.7846)  base_loss: 6.0410 (5.8741)
Test:  [  0/391]  eta: 0:49:14  sploss: 2.8504 (2.8504)  famloss: 1.4715 (1.4715)  manuloss: 0.9101 (0.9101)  acc1: 46.4844 (46.4844)  acc5: 74.2188 (74.2188)  family_acc1: 64.8438 (64.8438)  manu_acc1: 80.0781 (80.0781)  time: 7.5564  data: 7.2752  max mem: 11360
Test:  [250/391]  eta: 0:01:16  sploss: 2.8441 (2.9546)  famloss: 1.6561 (1.6861)  manuloss: 1.1025 (1.0985)  acc1: 47.2656 (45.8930)  acc5: 71.8750 (70.7249)  family_acc1: 63.2812 (63.3777)  manu_acc1: 74.2188 (74.7572)  time: 0.4684  data: 0.1858  max mem: 11360
Test:  [390/391]  eta: 0:00:00  sploss: 2.7804 (2.8951)  famloss: 1.5585 (1.6291)  manuloss: 0.8777 (1.0465)  acc1: 49.2188 (46.7190)  acc5: 73.4375 (71.6950)  family_acc1: 66.0156 (64.5700)  manu_acc1: 80.4688 (76.1040)  time: 0.3836  data: 0.2030  max mem: 11360
Test: Total time: 0:03:28 (0.5325 s / it)
* Acc@1 46.720 Acc@5 71.691 family@1 64.575 manu@1 76.097 sploss 2.895 fmloss 1.629 mfloss 1.046
FPA: 36.219% | TICE: 36.457%   
 wAP: 49.156  |  LCA: 108.900   |   Precision and Recall: 62.162%
Accuracy of the network on the 100000 test images: 46.7%
Max accuracy: 46.93%
Epoch: [22]  [  0/976]  eta: 2:02:14  lr: 0.000896  sp_loss: 6.5200 (6.5200)  fam_loss: 4.2665 (4.2665)  manu_loss: 3.1559 (3.1559)  ot_loss: 0.7646 (0.7646)  base_loss: 6.4167 (6.4167)  time: 7.5151  data: 6.9192  max mem: 11360
Epoch: [22]  [250/976]  eta: 0:07:10  lr: 0.000896  sp_loss: 5.9928 (5.7132)  fam_loss: 3.9734 (3.7904)  manu_loss: 2.8331 (2.7390)  ot_loss: 0.7833 (0.7913)  base_loss: 6.0115 (5.7678)  time: 0.5111  data: 0.0006  max mem: 11360
Epoch: [22]  [500/976]  eta: 0:04:36  lr: 0.000896  sp_loss: 5.2580 (5.7681)  fam_loss: 3.5265 (3.8232)  manu_loss: 2.5932 (2.7602)  ot_loss: 0.7863 (0.7880)  base_loss: 5.3895 (5.8105)  time: 0.5337  data: 0.0007  max mem: 11360
Epoch: [22]  [750/976]  eta: 0:02:09  lr: 0.000896  sp_loss: 6.1210 (5.7904)  fam_loss: 3.9918 (3.8339)  manu_loss: 2.8425 (2.7690)  ot_loss: 0.7788 (0.7869)  base_loss: 6.0807 (5.8274)  time: 0.6055  data: 0.0007  max mem: 11360
Epoch: [22]  [975/976]  eta: 0:00:00  lr: 0.000896  sp_loss: 6.3463 (5.8333)  fam_loss: 4.1159 (3.8548)  manu_loss: 2.9896 (2.7853)  ot_loss: 0.7639 (0.7844)  base_loss: 6.2353 (5.8597)  time: 0.3784  data: 0.0001  max mem: 11360
Epoch: [22] Total time: 0:09:13 (0.5675 s / it)
Averaged stats: lr: 0.000896  sp_loss: 6.3463 (5.8394)  fam_loss: 4.1159 (3.8601)  manu_loss: 2.9896 (2.7893)  ot_loss: 0.7639 (0.7844)  base_loss: 6.2353 (5.8655)
Test:  [  0/391]  eta: 0:40:50  sploss: 2.7409 (2.7409)  famloss: 1.4102 (1.4102)  manuloss: 0.9472 (0.9472)  acc1: 47.6562 (47.6562)  acc5: 73.4375 (73.4375)  family_acc1: 66.7969 (66.7969)  manu_acc1: 80.0781 (80.0781)  time: 6.2670  data: 6.0076  max mem: 11360
Test:  [250/391]  eta: 0:01:17  sploss: 2.7050 (2.8522)  famloss: 1.5577 (1.6041)  manuloss: 1.0369 (1.0670)  acc1: 48.8281 (46.4890)  acc5: 72.2656 (71.6680)  family_acc1: 65.2344 (64.3271)  manu_acc1: 76.1719 (75.6614)  time: 0.5453  data: 0.3110  max mem: 11360
Test:  [390/391]  eta: 0:00:00  sploss: 2.6326 (2.7879)  famloss: 1.4535 (1.5480)  manuloss: 0.8549 (1.0143)  acc1: 48.8281 (47.4440)  acc5: 73.4375 (72.5790)  family_acc1: 67.1875 (65.4930)  manu_acc1: 80.8594 (77.0530)  time: 0.4142  data: 0.2406  max mem: 11360
Test: Total time: 0:03:28 (0.5345 s / it)
* Acc@1 47.441 Acc@5 72.581 family@1 65.490 manu@1 77.051 sploss 2.788 fmloss 1.548 mfloss 1.014
FPA: 37.090% | TICE: 35.500%   
 wAP: 49.902  |  LCA: 106.079   |   Precision and Recall: 63.079%
Accuracy of the network on the 100000 test images: 47.4%
Max accuracy: 47.44%
Epoch: [23]  [  0/976]  eta: 2:03:06  lr: 0.000886  sp_loss: 4.5464 (4.5464)  fam_loss: 3.1621 (3.1621)  manu_loss: 2.2650 (2.2650)  ot_loss: 0.8214 (0.8214)  base_loss: 4.8680 (4.8680)  time: 7.5682  data: 7.1267  max mem: 11360
Epoch: [23]  [250/976]  eta: 0:07:04  lr: 0.000886  sp_loss: 5.1829 (5.7394)  fam_loss: 3.3538 (3.8132)  manu_loss: 2.4088 (2.7567)  ot_loss: 0.8287 (0.7891)  base_loss: 5.3250 (5.7911)  time: 0.5082  data: 0.0522  max mem: 11360
