[2026-01-21 07:40:11,660] torch.distributed.run: [WARNING] 
[2026-01-21 07:40:11,660] torch.distributed.run: [WARNING] *****************************************
[2026-01-21 07:40:11,660] torch.distributed.run: [WARNING] Setting OMP_NUM_THREADS environment variable for each process to be 1 in default, to avoid your system being overloaded, please further tune the variable for optimal performance in your application as needed. 
[2026-01-21 07:40:11,660] torch.distributed.run: [WARNING] *****************************************
chmod: changing permissions of '/lustre/scratch/client/movian/research/users/quanpn2/public/HiOT/results_new/few_shot/four/0.5weight.err': Operation not permitted
chmod: changing permissions of '/lustre/scratch/client/movian/research/users/quanpn2/public/HiOT/results_new/few_shot/four/2ot.err': Operation not permitted
chmod: changing permissions of '/lustre/scratch/client/movian/research/users/quanpn2/public/HiOT/results_new/few_shot/four/2ot.out': Operation not permitted
chmod: changing permissions of '/lustre/scratch/client/movian/research/users/quanpn2/public/HiOT/results_new/few_shot/four/5ot.err': Operation not permitted
chmod: changing permissions of '/lustre/scratch/client/movian/research/users/quanpn2/public/HiOT/results_new/few_shot/four/10ot.out': Operation not permitted
chmod: changing permissions of '/lustre/scratch/client/movian/research/users/quanpn2/public/HiOT/results_new/few_shot/four/20ot.out': Operation not permitted
chmod: changing permissions of '/lustre/scratch/client/movian/research/users/quanpn2/public/HiOT/results_new/few_shot/four/5ot.out': Operation not permitted
chmod: changing permissions of '/lustre/scratch/client/movian/research/users/quanpn2/public/HiOT/results_new/few_shot/four/0.5weight.out': Operation not permitted
chmod: changing permissions of '/lustre/scratch/client/movian/research/users/quanpn2/public/HiOT/results_new/few_shot/four/hcast.err': Operation not permitted
chmod: changing permissions of '/lustre/scratch/client/movian/research/users/quanpn2/public/HiOT/results_new/few_shot/four/hcast.out': Operation not permitted
chmod: changing permissions of '/lustre/scratch/client/movian/research/users/quanpn2/public/HiOT/results_new/few_shot/four/10ot.err': Operation not permitted
chmod: changing permissions of '/lustre/scratch/client/movian/research/users/quanpn2/public/HiOT/results_new/few_shot/four/20ot.err': Operation not permitted
chmod: changing permissions of '/lustre/scratch/client/movian/research/users/quanpn2/public/HiOT/results_new/few_shot/eight/0.5weight.err': Operation not permitted
chmod: changing permissions of '/lustre/scratch/client/movian/research/users/quanpn2/public/HiOT/results_new/few_shot/eight/2ot.err': Operation not permitted
chmod: changing permissions of '/lustre/scratch/client/movian/research/users/quanpn2/public/HiOT/results_new/few_shot/eight/2ot.out': Operation not permitted
chmod: changing permissions of '/lustre/scratch/client/movian/research/users/quanpn2/public/HiOT/results_new/few_shot/eight/20ot.out': Operation not permitted
chmod: changing permissions of '/lustre/scratch/client/movian/research/users/quanpn2/public/HiOT/results_new/few_shot/eight/0.5weight.out': Operation not permitted
chmod: changing permissions of '/lustre/scratch/client/movian/research/users/quanpn2/public/HiOT/results_new/few_shot/eight/hcast.err': Operation not permitted
chmod: changing permissions of '/lustre/scratch/client/movian/research/users/quanpn2/public/HiOT/results_new/few_shot/eight/hcast.out': Operation not permitted
chmod: changing permissions of '/lustre/scratch/client/movian/research/users/quanpn2/public/HiOT/results_new/few_shot/eight/20ot.err': Operation not permitted
chmod: changing permissions of '/lustre/scratch/client/movian/research/users/quanpn2/public/HiOT/results_new/few_shot/one/0.5weight.err': Operation not permitted
chmod: changing permissions of '/lustre/scratch/client/movian/research/users/quanpn2/public/HiOT/results_new/few_shot/one/2ot.err': Operation not permitted
chmod: changing permissions of '/lustre/scratch/client/movian/research/users/quanpn2/public/HiOT/results_new/few_shot/one/2ot.out': Operation not permitted
chmod: changing permissions of '/lustre/scratch/client/movian/research/users/quanpn2/public/HiOT/results_new/few_shot/one/5ot.err': Operation not permitted
chmod: changing permissions of '/lustre/scratch/client/movian/research/users/quanpn2/public/HiOT/results_new/few_shot/one/5ot.out': Operation not permitted
chmod: changing permissions of '/lustre/scratch/client/movian/research/users/quanpn2/public/HiOT/results_new/few_shot/one/0.5weight.out': Operation not permitted
chmod: changing permissions of '/lustre/scratch/client/movian/research/users/quanpn2/public/HiOT/results_new/few_shot/one/hcast.err': Operation not permitted
chmod: changing permissions of '/lustre/scratch/client/movian/research/users/quanpn2/public/HiOT/results_new/few_shot/one/hcast.out': Operation not permitted
chmod: changing permissions of '/lustre/scratch/client/movian/research/users/quanpn2/public/HiOT/results_new/few_shot/two/0.5weight.err': Operation not permitted
chmod: changing permissions of '/lustre/scratch/client/movian/research/users/quanpn2/public/HiOT/results_new/few_shot/two/2ot.err': Operation not permitted
chmod: changing permissions of '/lustre/scratch/client/movian/research/users/quanpn2/public/HiOT/results_new/few_shot/two/2ot.out': Operation not permitted
chmod: changing permissions of '/lustre/scratch/client/movian/research/users/quanpn2/public/HiOT/results_new/few_shot/two/5ot.err': Operation not permitted
chmod: changing permissions of '/lustre/scratch/client/movian/research/users/quanpn2/public/HiOT/results_new/few_shot/two/10ot.out': Operation not permitted
chmod: changing permissions of '/lustre/scratch/client/movian/research/users/quanpn2/public/HiOT/results_new/few_shot/two/20ot.out': Operation not permitted
chmod: changing permissions of '/lustre/scratch/client/movian/research/users/quanpn2/public/HiOT/results_new/few_shot/two/5ot.out': Operation not permitted
chmod: changing permissions of '/lustre/scratch/client/movian/research/users/quanpn2/public/HiOT/results_new/few_shot/two/0.5weight.out': Operation not permitted
chmod: changing permissions of '/lustre/scratch/client/movian/research/users/quanpn2/public/HiOT/results_new/few_shot/two/hcast.err': Operation not permitted
chmod: changing permissions of '/lustre/scratch/client/movian/research/users/quanpn2/public/HiOT/results_new/few_shot/two/hcast.out': Operation not permitted
chmod: changing permissions of '/lustre/scratch/client/movian/research/users/quanpn2/public/HiOT/results_new/few_shot/two/10ot.err': Operation not permitted
chmod: changing permissions of '/lustre/scratch/client/movian/research/users/quanpn2/public/HiOT/results_new/few_shot/two/20ot.err': Operation not permitted
chmod: changing permissions of '/lustre/scratch/client/movian/research/users/quanpn2/public/HiOT/results_new/full/1ot.out': Operation not permitted
chmod: changing permissions of '/lustre/scratch/client/movian/research/users/quanpn2/public/HiOT/results_new/full/1ot.err': Operation not permitted
