chmod: changing permissions of '/lustre/scratch/client/movian/research/users/quanpn2/public/HiOT/results_new/few_shot': Operation not permitted
chmod: changing permissions of '/lustre/scratch/client/movian/research/users/quanpn2/public/HiOT/results_new/few_shot/four': Operation not permitted
chmod: changing permissions of '/lustre/scratch/client/movian/research/users/quanpn2/public/HiOT/results_new/few_shot/four/0.5weight.err': Operation not permitted
chmod: changing permissions of '/lustre/scratch/client/movian/research/users/quanpn2/public/HiOT/results_new/few_shot/four/2ot.err': Operation not permitted
chmod: changing permissions of '/lustre/scratch/client/movian/research/users/quanpn2/public/HiOT/results_new/few_shot/four/2ot.out': Operation not permitted
chmod: changing permissions of '/lustre/scratch/client/movian/research/users/quanpn2/public/HiOT/results_new/few_shot/four/5ot.err': Operation not permitted
chmod: changing permissions of '/lustre/scratch/client/movian/research/users/quanpn2/public/HiOT/results_new/few_shot/four/10ot.out': Operation not permitted
chmod: changing permissions of '/lustre/scratch/client/movian/research/users/quanpn2/public/HiOT/results_new/few_shot/four/20ot.out': Operation not permitted
chmod: changing permissions of '/lustre/scratch/client/movian/research/users/quanpn2/public/HiOT/results_new/few_shot/four/5ot.out': Operation not permitted
chmod: changing permissions of '/lustre/scratch/client/movian/research/users/quanpn2/public/HiOT/results_new/few_shot/four/0.5weight.out': Operation not permitted
chmod: changing permissions of '/lustre/scratch/client/movian/research/users/quanpn2/public/HiOT/results_new/few_shot/four/hcast.err': Operation not permitted
chmod: changing permissions of '/lustre/scratch/client/movian/research/users/quanpn2/public/HiOT/results_new/few_shot/four/hcast.out': Operation not permitted
chmod: changing permissions of '/lustre/scratch/client/movian/research/users/quanpn2/public/HiOT/results_new/few_shot/four/10ot.err': Operation not permitted
chmod: changing permissions of '/lustre/scratch/client/movian/research/users/quanpn2/public/HiOT/results_new/few_shot/four/20ot.err': Operation not permitted
chmod: changing permissions of '/lustre/scratch/client/movian/research/users/quanpn2/public/HiOT/results_new/few_shot/eight': Operation not permitted
chmod: changing permissions of '/lustre/scratch/client/movian/research/users/quanpn2/public/HiOT/results_new/few_shot/one': Operation not permitted
chmod: changing permissions of '/lustre/scratch/client/movian/research/users/quanpn2/public/HiOT/results_new/few_shot/one/0.5weight.err': Operation not permitted
chmod: changing permissions of '/lustre/scratch/client/movian/research/users/quanpn2/public/HiOT/results_new/few_shot/one/2ot.err': Operation not permitted
chmod: changing permissions of '/lustre/scratch/client/movian/research/users/quanpn2/public/HiOT/results_new/few_shot/one/2ot.out': Operation not permitted
chmod: changing permissions of '/lustre/scratch/client/movian/research/users/quanpn2/public/HiOT/results_new/few_shot/one/5ot.err': Operation not permitted
chmod: changing permissions of '/lustre/scratch/client/movian/research/users/quanpn2/public/HiOT/results_new/few_shot/one/10ot.out': Operation not permitted
chmod: changing permissions of '/lustre/scratch/client/movian/research/users/quanpn2/public/HiOT/results_new/few_shot/one/20ot.out': Operation not permitted
chmod: changing permissions of '/lustre/scratch/client/movian/research/users/quanpn2/public/HiOT/results_new/few_shot/one/5ot.out': Operation not permitted
chmod: changing permissions of '/lustre/scratch/client/movian/research/users/quanpn2/public/HiOT/results_new/few_shot/one/0.5weight.out': Operation not permitted
chmod: changing permissions of '/lustre/scratch/client/movian/research/users/quanpn2/public/HiOT/results_new/few_shot/one/hcast.err': Operation not permitted
chmod: changing permissions of '/lustre/scratch/client/movian/research/users/quanpn2/public/HiOT/results_new/few_shot/one/hcast.out': Operation not permitted
chmod: changing permissions of '/lustre/scratch/client/movian/research/users/quanpn2/public/HiOT/results_new/few_shot/one/10ot.err': Operation not permitted
chmod: changing permissions of '/lustre/scratch/client/movian/research/users/quanpn2/public/HiOT/results_new/few_shot/one/20ot.err': Operation not permitted
chmod: changing permissions of '/lustre/scratch/client/movian/research/users/quanpn2/public/HiOT/results_new/few_shot/two': Operation not permitted
chmod: changing permissions of '/lustre/scratch/client/movian/research/users/quanpn2/public/HiOT/results_new/few_shot/two/0.5weight.err': Operation not permitted
chmod: changing permissions of '/lustre/scratch/client/movian/research/users/quanpn2/public/HiOT/results_new/few_shot/two/2ot.err': Operation not permitted
chmod: changing permissions of '/lustre/scratch/client/movian/research/users/quanpn2/public/HiOT/results_new/few_shot/two/2ot.out': Operation not permitted
chmod: changing permissions of '/lustre/scratch/client/movian/research/users/quanpn2/public/HiOT/results_new/few_shot/two/5ot.err': Operation not permitted
chmod: changing permissions of '/lustre/scratch/client/movian/research/users/quanpn2/public/HiOT/results_new/few_shot/two/10ot.out': Operation not permitted
chmod: changing permissions of '/lustre/scratch/client/movian/research/users/quanpn2/public/HiOT/results_new/few_shot/two/20ot.out': Operation not permitted
chmod: changing permissions of '/lustre/scratch/client/movian/research/users/quanpn2/public/HiOT/results_new/few_shot/two/5ot.out': Operation not permitted
chmod: changing permissions of '/lustre/scratch/client/movian/research/users/quanpn2/public/HiOT/results_new/few_shot/two/0.5weight.out': Operation not permitted
chmod: changing permissions of '/lustre/scratch/client/movian/research/users/quanpn2/public/HiOT/results_new/few_shot/two/hcast.err': Operation not permitted
chmod: changing permissions of '/lustre/scratch/client/movian/research/users/quanpn2/public/HiOT/results_new/few_shot/two/hcast.out': Operation not permitted
chmod: changing permissions of '/lustre/scratch/client/movian/research/users/quanpn2/public/HiOT/results_new/few_shot/two/10ot.err': Operation not permitted
chmod: changing permissions of '/lustre/scratch/client/movian/research/users/quanpn2/public/HiOT/results_new/few_shot/two/20ot.err': Operation not permitted
