chmod: changing permissions of '/lustre/scratch/client/movian/research/users/quanpn2/public/HiOT/results_new/few_shot': Operation not permitted
chmod: changing permissions of '/lustre/scratch/client/movian/research/users/quanpn2/public/HiOT/results_new/few_shot/four': Operation not permitted
chmod: changing permissions of '/lustre/scratch/client/movian/research/users/quanpn2/public/HiOT/results_new/few_shot/four/1.75ot.err': Operation not permitted
chmod: changing permissions of '/lustre/scratch/client/movian/research/users/quanpn2/public/HiOT/results_new/few_shot/four/1ot.out': Operation not permitted
chmod: changing permissions of '/lustre/scratch/client/movian/research/users/quanpn2/public/HiOT/results_new/few_shot/four/1.75ot.out': Operation not permitted
chmod: changing permissions of '/lustre/scratch/client/movian/research/users/quanpn2/public/HiOT/results_new/few_shot/four/1.25ot.out': Operation not permitted
chmod: changing permissions of '/lustre/scratch/client/movian/research/users/quanpn2/public/HiOT/results_new/few_shot/four/2ot.err': Operation not permitted
chmod: changing permissions of '/lustre/scratch/client/movian/research/users/quanpn2/public/HiOT/results_new/few_shot/four/2ot.out': Operation not permitted
chmod: changing permissions of '/lustre/scratch/client/movian/research/users/quanpn2/public/HiOT/results_new/few_shot/four/0.5ot.err': Operation not permitted
chmod: changing permissions of '/lustre/scratch/client/movian/research/users/quanpn2/public/HiOT/results_new/few_shot/four/1ot.err': Operation not permitted
chmod: changing permissions of '/lustre/scratch/client/movian/research/users/quanpn2/public/HiOT/results_new/few_shot/four/hcast.err': Operation not permitted
chmod: changing permissions of '/lustre/scratch/client/movian/research/users/quanpn2/public/HiOT/results_new/few_shot/four/0ot.err': Operation not permitted
chmod: changing permissions of '/lustre/scratch/client/movian/research/users/quanpn2/public/HiOT/results_new/few_shot/four/0.5ot.out': Operation not permitted
chmod: changing permissions of '/lustre/scratch/client/movian/research/users/quanpn2/public/HiOT/results_new/few_shot/four/hcast.out': Operation not permitted
chmod: changing permissions of '/lustre/scratch/client/movian/research/users/quanpn2/public/HiOT/results_new/few_shot/four/0.25ot.err': Operation not permitted
chmod: changing permissions of '/lustre/scratch/client/movian/research/users/quanpn2/public/HiOT/results_new/few_shot/four/1.5ot.err': Operation not permitted
chmod: changing permissions of '/lustre/scratch/client/movian/research/users/quanpn2/public/HiOT/results_new/few_shot/four/1.5ot.out': Operation not permitted
chmod: changing permissions of '/lustre/scratch/client/movian/research/users/quanpn2/public/HiOT/results_new/few_shot/four/0.25ot.out': Operation not permitted
chmod: changing permissions of '/lustre/scratch/client/movian/research/users/quanpn2/public/HiOT/results_new/few_shot/four/1.25ot.err': Operation not permitted
chmod: changing permissions of '/lustre/scratch/client/movian/research/users/quanpn2/public/HiOT/results_new/few_shot/four/0ot.out': Operation not permitted
chmod: changing permissions of '/lustre/scratch/client/movian/research/users/quanpn2/public/HiOT/results_new/few_shot/eight': Operation not permitted
chmod: changing permissions of '/lustre/scratch/client/movian/research/users/quanpn2/public/HiOT/results_new/few_shot/eight/1.75ot.err': Operation not permitted
chmod: changing permissions of '/lustre/scratch/client/movian/research/users/quanpn2/public/HiOT/results_new/few_shot/eight/1.75ot.out': Operation not permitted
chmod: changing permissions of '/lustre/scratch/client/movian/research/users/quanpn2/public/HiOT/results_new/few_shot/eight/1.25ot.out': Operation not permitted
chmod: changing permissions of '/lustre/scratch/client/movian/research/users/quanpn2/public/HiOT/results_new/few_shot/eight/2ot.err': Operation not permitted
chmod: changing permissions of '/lustre/scratch/client/movian/research/users/quanpn2/public/HiOT/results_new/few_shot/eight/2ot.out': Operation not permitted
chmod: changing permissions of '/lustre/scratch/client/movian/research/users/quanpn2/public/HiOT/results_new/few_shot/eight/1.5ot.err': Operation not permitted
chmod: changing permissions of '/lustre/scratch/client/movian/research/users/quanpn2/public/HiOT/results_new/few_shot/eight/1.5ot.out': Operation not permitted
chmod: changing permissions of '/lustre/scratch/client/movian/research/users/quanpn2/public/HiOT/results_new/few_shot/eight/1.25ot.err': Operation not permitted
chmod: changing permissions of '/lustre/scratch/client/movian/research/users/quanpn2/public/HiOT/results_new/few_shot/one': Operation not permitted
chmod: changing permissions of '/lustre/scratch/client/movian/research/users/quanpn2/public/HiOT/results_new/few_shot/one/1.75ot.err': Operation not permitted
chmod: changing permissions of '/lustre/scratch/client/movian/research/users/quanpn2/public/HiOT/results_new/few_shot/one/1ot.out': Operation not permitted
chmod: changing permissions of '/lustre/scratch/client/movian/research/users/quanpn2/public/HiOT/results_new/few_shot/one/0.5weight.err': Operation not permitted
chmod: changing permissions of '/lustre/scratch/client/movian/research/users/quanpn2/public/HiOT/results_new/few_shot/one/1.75ot.out': Operation not permitted
chmod: changing permissions of '/lustre/scratch/client/movian/research/users/quanpn2/public/HiOT/results_new/few_shot/one/1.25ot.out': Operation not permitted
chmod: changing permissions of '/lustre/scratch/client/movian/research/users/quanpn2/public/HiOT/results_new/few_shot/one/2ot.err': Operation not permitted
chmod: changing permissions of '/lustre/scratch/client/movian/research/users/quanpn2/public/HiOT/results_new/few_shot/one/2ot.out': Operation not permitted
chmod: changing permissions of '/lustre/scratch/client/movian/research/users/quanpn2/public/HiOT/results_new/few_shot/one/1ot.err': Operation not permitted
chmod: changing permissions of '/lustre/scratch/client/movian/research/users/quanpn2/public/HiOT/results_new/few_shot/one/0.5weight.out': Operation not permitted
chmod: changing permissions of '/lustre/scratch/client/movian/research/users/quanpn2/public/HiOT/results_new/few_shot/one/hcast.err': Operation not permitted
chmod: changing permissions of '/lustre/scratch/client/movian/research/users/quanpn2/public/HiOT/results_new/few_shot/one/0ot.err': Operation not permitted
chmod: changing permissions of '/lustre/scratch/client/movian/research/users/quanpn2/public/HiOT/results_new/few_shot/one/hcast.out': Operation not permitted
chmod: changing permissions of '/lustre/scratch/client/movian/research/users/quanpn2/public/HiOT/results_new/few_shot/one/0.25ot.err': Operation not permitted
chmod: changing permissions of '/lustre/scratch/client/movian/research/users/quanpn2/public/HiOT/results_new/few_shot/one/1.5ot.err': Operation not permitted
chmod: changing permissions of '/lustre/scratch/client/movian/research/users/quanpn2/public/HiOT/results_new/few_shot/one/1.5ot.out': Operation not permitted
chmod: changing permissions of '/lustre/scratch/client/movian/research/users/quanpn2/public/HiOT/results_new/few_shot/one/0.25ot.out': Operation not permitted
chmod: changing permissions of '/lustre/scratch/client/movian/research/users/quanpn2/public/HiOT/results_new/few_shot/one/1.25ot.err': Operation not permitted
chmod: changing permissions of '/lustre/scratch/client/movian/research/users/quanpn2/public/HiOT/results_new/few_shot/one/0ot.out': Operation not permitted
chmod: changing permissions of '/lustre/scratch/client/movian/research/users/quanpn2/public/HiOT/results_new/few_shot/two': Operation not permitted
chmod: changing permissions of '/lustre/scratch/client/movian/research/users/quanpn2/public/HiOT/results_new/few_shot/two/1.75ot.err': Operation not permitted
chmod: changing permissions of '/lustre/scratch/client/movian/research/users/quanpn2/public/HiOT/results_new/few_shot/two/1ot.out': Operation not permitted
chmod: changing permissions of '/lustre/scratch/client/movian/research/users/quanpn2/public/HiOT/results_new/few_shot/two/0.5weight.err': Operation not permitted
chmod: changing permissions of '/lustre/scratch/client/movian/research/users/quanpn2/public/HiOT/results_new/few_shot/two/1.75ot.out': Operation not permitted
chmod: changing permissions of '/lustre/scratch/client/movian/research/users/quanpn2/public/HiOT/results_new/few_shot/two/1.25ot.out': Operation not permitted
chmod: changing permissions of '/lustre/scratch/client/movian/research/users/quanpn2/public/HiOT/results_new/few_shot/two/2ot.err': Operation not permitted
chmod: changing permissions of '/lustre/scratch/client/movian/research/users/quanpn2/public/HiOT/results_new/few_shot/two/2ot.out': Operation not permitted
chmod: changing permissions of '/lustre/scratch/client/movian/research/users/quanpn2/public/HiOT/results_new/few_shot/two/0.5ot.err': Operation not permitted
chmod: changing permissions of '/lustre/scratch/client/movian/research/users/quanpn2/public/HiOT/results_new/few_shot/two/1ot.err': Operation not permitted
chmod: changing permissions of '/lustre/scratch/client/movian/research/users/quanpn2/public/HiOT/results_new/few_shot/two/0.5weight.out': Operation not permitted
chmod: changing permissions of '/lustre/scratch/client/movian/research/users/quanpn2/public/HiOT/results_new/few_shot/two/hcast.err': Operation not permitted
chmod: changing permissions of '/lustre/scratch/client/movian/research/users/quanpn2/public/HiOT/results_new/few_shot/two/0ot.err': Operation not permitted
chmod: changing permissions of '/lustre/scratch/client/movian/research/users/quanpn2/public/HiOT/results_new/few_shot/two/0.5ot.out': Operation not permitted
chmod: changing permissions of '/lustre/scratch/client/movian/research/users/quanpn2/public/HiOT/results_new/few_shot/two/hcast.out': Operation not permitted
chmod: changing permissions of '/lustre/scratch/client/movian/research/users/quanpn2/public/HiOT/results_new/few_shot/two/0.25ot.err': Operation not permitted
chmod: changing permissions of '/lustre/scratch/client/movian/research/users/quanpn2/public/HiOT/results_new/few_shot/two/1.5ot.err': Operation not permitted
chmod: changing permissions of '/lustre/scratch/client/movian/research/users/quanpn2/public/HiOT/results_new/few_shot/two/1.5ot.out': Operation not permitted
chmod: changing permissions of '/lustre/scratch/client/movian/research/users/quanpn2/public/HiOT/results_new/few_shot/two/0.25ot.out': Operation not permitted
chmod: changing permissions of '/lustre/scratch/client/movian/research/users/quanpn2/public/HiOT/results_new/few_shot/two/1.25ot.err': Operation not permitted
chmod: changing permissions of '/lustre/scratch/client/movian/research/users/quanpn2/public/HiOT/results_new/few_shot/two/0ot.out': Operation not permitted
