chmod: changing permissions of '/lustre/scratch/client/movian/research/users/quanpn2/public/HiOT/results_new/few_shot': Operation not permitted
chmod: changing permissions of '/lustre/scratch/client/movian/research/users/quanpn2/public/HiOT/results_new/few_shot/four': Operation not permitted
chmod: changing permissions of '/lustre/scratch/client/movian/research/users/quanpn2/public/HiOT/results_new/few_shot/eight': Operation not permitted
chmod: changing permissions of '/lustre/scratch/client/movian/research/users/quanpn2/public/HiOT/results_new/few_shot/eight/1ot.out': Operation not permitted
chmod: changing permissions of '/lustre/scratch/client/movian/research/users/quanpn2/public/HiOT/results_new/few_shot/eight/0.5weight.err': Operation not permitted
chmod: changing permissions of '/lustre/scratch/client/movian/research/users/quanpn2/public/HiOT/results_new/few_shot/eight/2ot.err': Operation not permitted
chmod: changing permissions of '/lustre/scratch/client/movian/research/users/quanpn2/public/HiOT/results_new/few_shot/eight/2ot.out': Operation not permitted
chmod: changing permissions of '/lustre/scratch/client/movian/research/users/quanpn2/public/HiOT/results_new/few_shot/eight/5ot.err': Operation not permitted
chmod: changing permissions of '/lustre/scratch/client/movian/research/users/quanpn2/public/HiOT/results_new/few_shot/eight/10ot.out': Operation not permitted
chmod: changing permissions of '/lustre/scratch/client/movian/research/users/quanpn2/public/HiOT/results_new/few_shot/eight/1ot.err': Operation not permitted
chmod: changing permissions of '/lustre/scratch/client/movian/research/users/quanpn2/public/HiOT/results_new/few_shot/eight/20ot.out': Operation not permitted
chmod: changing permissions of '/lustre/scratch/client/movian/research/users/quanpn2/public/HiOT/results_new/few_shot/eight/5ot.out': Operation not permitted
chmod: changing permissions of '/lustre/scratch/client/movian/research/users/quanpn2/public/HiOT/results_new/few_shot/eight/0.5weight.out': Operation not permitted
chmod: changing permissions of '/lustre/scratch/client/movian/research/users/quanpn2/public/HiOT/results_new/few_shot/eight/hcast.err': Operation not permitted
chmod: changing permissions of '/lustre/scratch/client/movian/research/users/quanpn2/public/HiOT/results_new/few_shot/eight/hcast.out': Operation not permitted
chmod: changing permissions of '/lustre/scratch/client/movian/research/users/quanpn2/public/HiOT/results_new/few_shot/eight/10ot.err': Operation not permitted
chmod: changing permissions of '/lustre/scratch/client/movian/research/users/quanpn2/public/HiOT/results_new/few_shot/eight/20ot.err': Operation not permitted
chmod: changing permissions of '/lustre/scratch/client/movian/research/users/quanpn2/public/HiOT/results_new/few_shot/one': Operation not permitted
chmod: changing permissions of '/lustre/scratch/client/movian/research/users/quanpn2/public/HiOT/results_new/few_shot/one/1ot.out': Operation not permitted
chmod: changing permissions of '/lustre/scratch/client/movian/research/users/quanpn2/public/HiOT/results_new/few_shot/one/0.5weight.err': Operation not permitted
chmod: changing permissions of '/lustre/scratch/client/movian/research/users/quanpn2/public/HiOT/results_new/few_shot/one/2ot.err': Operation not permitted
chmod: changing permissions of '/lustre/scratch/client/movian/research/users/quanpn2/public/HiOT/results_new/few_shot/one/2ot.out': Operation not permitted
chmod: changing permissions of '/lustre/scratch/client/movian/research/users/quanpn2/public/HiOT/results_new/few_shot/one/5ot.err': Operation not permitted
chmod: changing permissions of '/lustre/scratch/client/movian/research/users/quanpn2/public/HiOT/results_new/few_shot/one/10ot.out': Operation not permitted
chmod: changing permissions of '/lustre/scratch/client/movian/research/users/quanpn2/public/HiOT/results_new/few_shot/one/1ot.err': Operation not permitted
chmod: changing permissions of '/lustre/scratch/client/movian/research/users/quanpn2/public/HiOT/results_new/few_shot/one/20ot.out': Operation not permitted
chmod: changing permissions of '/lustre/scratch/client/movian/research/users/quanpn2/public/HiOT/results_new/few_shot/one/5ot.out': Operation not permitted
chmod: changing permissions of '/lustre/scratch/client/movian/research/users/quanpn2/public/HiOT/results_new/few_shot/one/0.5weight.out': Operation not permitted
chmod: changing permissions of '/lustre/scratch/client/movian/research/users/quanpn2/public/HiOT/results_new/few_shot/one/hcast.err': Operation not permitted
chmod: changing permissions of '/lustre/scratch/client/movian/research/users/quanpn2/public/HiOT/results_new/few_shot/one/hcast.out': Operation not permitted
chmod: changing permissions of '/lustre/scratch/client/movian/research/users/quanpn2/public/HiOT/results_new/few_shot/one/10ot.err': Operation not permitted
chmod: changing permissions of '/lustre/scratch/client/movian/research/users/quanpn2/public/HiOT/results_new/few_shot/one/20ot.err': Operation not permitted
chmod: changing permissions of '/lustre/scratch/client/movian/research/users/quanpn2/public/HiOT/results_new/few_shot/two': Operation not permitted
