/lustre/scratch/client/movian/research/users/quanpn2/virtual/hcast/lib/python3.10/site-packages/torch/distributed/launch.py:181: FutureWarning: The module torch.distributed.launch is deprecated
and will be removed in future. Use torchrun.
Note that --use-env is set by default in torchrun.
If your script expects `--local-rank` argument to be set, please
change it to read from `os.environ['LOCAL_RANK']` instead. See 
https://pytorch.org/docs/stable/distributed.html#launch-utility for 
further instructions

  warnings.warn(
[2026-01-21 04:23:56,147] torch.distributed.run: [WARNING] 
[2026-01-21 04:23:56,147] torch.distributed.run: [WARNING] *****************************************
[2026-01-21 04:23:56,147] torch.distributed.run: [WARNING] Setting OMP_NUM_THREADS environment variable for each process to be 1 in default, to avoid your system being overloaded, please further tune the variable for optimal performance in your application as needed. 
[2026-01-21 04:23:56,147] torch.distributed.run: [WARNING] *****************************************
Traceback (most recent call last):
  File "/lustre/scratch/client/movian/research/users/quanpn2/public/HiOT/hiot-imagenet/main.py", line 472, in <module>
Traceback (most recent call last):
  File "/lustre/scratch/client/movian/research/users/quanpn2/public/HiOT/hiot-imagenet/main.py", line 472, in <module>
    main(args)
  File "/lustre/scratch/client/movian/research/users/quanpn2/public/HiOT/hiot-imagenet/main.py", line 463, in main
    main(args)
  File "/lustre/scratch/client/movian/research/users/quanpn2/public/HiOT/hiot-imagenet/main.py", line 463, in main
    total_time_str = str(datetime.timedelta(seconds=int(total_time)))
AttributeError: type object 'datetime.datetime' has no attribute 'timedelta'    total_time_str = str(datetime.timedelta(seconds=int(total_time)))
AttributeError: type object 'datetime.datetime' has no attribute 'timedelta'

[2026-01-23 10:12:53,243] torch.distributed.elastic.multiprocessing.api: [ERROR] failed (exitcode: 1) local_rank: 0 (pid: 3705628) of binary: /lustre/scratch/client/movian/research/users/quanpn2/virtual/hcast/bin/python
Traceback (most recent call last):
  File "/lustre/scratch/client/movian/research/users/quanpn2/virtual/hcast/lib/python3.10/runpy.py", line 196, in _run_module_as_main
    return _run_code(code, main_globals, None,
  File "/lustre/scratch/client/movian/research/users/quanpn2/virtual/hcast/lib/python3.10/runpy.py", line 86, in _run_code
    exec(code, run_globals)
  File "/lustre/scratch/client/movian/research/users/quanpn2/virtual/hcast/lib/python3.10/site-packages/torch/distributed/launch.py", line 196, in <module>
    main()
  File "/lustre/scratch/client/movian/research/users/quanpn2/virtual/hcast/lib/python3.10/site-packages/torch/distributed/launch.py", line 192, in main
    launch(args)
  File "/lustre/scratch/client/movian/research/users/quanpn2/virtual/hcast/lib/python3.10/site-packages/torch/distributed/launch.py", line 177, in launch
    run(args)
  File "/lustre/scratch/client/movian/research/users/quanpn2/virtual/hcast/lib/python3.10/site-packages/torch/distributed/run.py", line 797, in run
    elastic_launch(
  File "/lustre/scratch/client/movian/research/users/quanpn2/virtual/hcast/lib/python3.10/site-packages/torch/distributed/launcher/api.py", line 134, in __call__
    return launch_agent(self._config, self._entrypoint, list(args))
  File "/lustre/scratch/client/movian/research/users/quanpn2/virtual/hcast/lib/python3.10/site-packages/torch/distributed/launcher/api.py", line 264, in launch_agent
    raise ChildFailedError(
torch.distributed.elastic.multiprocessing.errors.ChildFailedError: 
============================================================
main.py FAILED
------------------------------------------------------------
Failures:
[1]:
  time      : 2026-01-23_10:12:53
  host      : sdc2-hpc-dgx-a100-005
  rank      : 1 (local_rank: 1)
  exitcode  : 1 (pid: 3705629)
  error_file: <N/A>
  traceback : To enable traceback see: https://pytorch.org/docs/stable/elastic/errors.html
------------------------------------------------------------
Root Cause (first observed failure):
[0]:
  time      : 2026-01-23_10:12:53
  host      : sdc2-hpc-dgx-a100-005
  rank      : 0 (local_rank: 0)
  exitcode  : 1 (pid: 3705628)
  error_file: <N/A>
  traceback : To enable traceback see: https://pytorch.org/docs/stable/elastic/errors.html
============================================================
