/lustre/scratch/client/movian/research/users/quanpn2/virtual/hcast/lib/python3.10/site-packages/torch/distributed/launch.py:181: FutureWarning: The module torch.distributed.launch is deprecated
and will be removed in future. Use torchrun.
Note that --use-env is set by default in torchrun.
If your script expects `--local-rank` argument to be set, please
change it to read from `os.environ['LOCAL_RANK']` instead. See 
https://pytorch.org/docs/stable/distributed.html#launch-utility for 
further instructions

  warnings.warn(
[2026-01-26 12:39:30,135] torch.distributed.run: [WARNING] 
[2026-01-26 12:39:30,135] torch.distributed.run: [WARNING] *****************************************
[2026-01-26 12:39:30,135] torch.distributed.run: [WARNING] Setting OMP_NUM_THREADS environment variable for each process to be 1 in default, to avoid your system being overloaded, please further tune the variable for optimal performance in your application as needed. 
[2026-01-26 12:39:30,135] torch.distributed.run: [WARNING] *****************************************
Traceback (most recent call last):
  File "/lustre/scratch/client/movian/research/users/quanpn2/public/HiOT/hiot-imagenet/main.py", line 474, in <module>
  File "/lustre/scratch/client/movian/research/users/quanpn2/public/HiOT/hiot-imagenet/main.py", line 425, in main
  File "/lustre/scratch/client/movian/research/users/quanpn2/public/HiOT/hiot-imagenet/engine.py", line 39, in train_one_epoch
  File "/lustre/scratch/client/movian/research/users/quanpn2/public/HiOT/hiot-imagenet/utils.py", line 202, in log_every
  File "/lustre/scratch/client/movian/research/users/quanpn2/virtual/hcast/lib/python3.10/site-packages/torch/utils/data/dataloader.py", line 630, in __next__
  File "/lustre/scratch/client/movian/research/users/quanpn2/virtual/hcast/lib/python3.10/site-packages/torch/utils/data/dataloader.py", line 1345, in _next_data
  File "/lustre/scratch/client/movian/research/users/quanpn2/virtual/hcast/lib/python3.10/site-packages/torch/utils/data/dataloader.py", line 1371, in _process_data
  File "/lustre/scratch/client/movian/research/users/quanpn2/virtual/hcast/lib/python3.10/site-packages/torch/_utils.py", line 694, in reraise
PermissionError: Caught PermissionError in DataLoader worker process 0.
Original Traceback (most recent call last):
  File "/lustre/scratch/client/movian/research/users/quanpn2/virtual/hcast/lib/python3.10/site-packages/torch/utils/data/_utils/worker.py", line 308, in _worker_loop
  File "/lustre/scratch/client/movian/research/users/quanpn2/virtual/hcast/lib/python3.10/site-packages/torch/utils/data/_utils/fetch.py", line 49, in fetch
  File "/lustre/scratch/client/movian/research/users/quanpn2/virtual/hcast/lib/python3.10/site-packages/torch/utils/data/dataset.py", line 364, in __getitems__
  File "/lustre/scratch/client/movian/research/users/quanpn2/virtual/hcast/lib/python3.10/site-packages/torch/utils/data/dataset.py", line 364, in <listcomp>
  File "/lustre/scratch/client/movian/research/users/quanpn2/virtual/hcast/lib/python3.10/site-packages/torchvision/datasets/folder.py", line 229, in __getitem__
  File "/lustre/scratch/client/movian/research/users/quanpn2/virtual/hcast/lib/python3.10/site-packages/torchvision/datasets/folder.py", line 268, in default_loader
  File "/lustre/scratch/client/movian/research/users/quanpn2/virtual/hcast/lib/python3.10/site-packages/torchvision/datasets/folder.py", line 246, in pil_loader
PermissionError: [Errno 13] Permission denied: '/lustre/scratch/client/movian/research/users/quanpn2/public/dataset/imagenet-1k/imagenet-1k/train/wallet, billfold, notecase, pocketbook/01225754.jpg'

Traceback (most recent call last):
  File "/lustre/scratch/client/movian/research/users/quanpn2/public/HiOT/hiot-imagenet/main.py", line 474, in <module>
  File "/lustre/scratch/client/movian/research/users/quanpn2/public/HiOT/hiot-imagenet/main.py", line 425, in main
  File "/lustre/scratch/client/movian/research/users/quanpn2/public/HiOT/hiot-imagenet/engine.py", line 39, in train_one_epoch
  File "/lustre/scratch/client/movian/research/users/quanpn2/public/HiOT/hiot-imagenet/utils.py", line 202, in log_every
  File "/lustre/scratch/client/movian/research/users/quanpn2/virtual/hcast/lib/python3.10/site-packages/torch/utils/data/dataloader.py", line 630, in __next__
  File "/lustre/scratch/client/movian/research/users/quanpn2/virtual/hcast/lib/python3.10/site-packages/torch/utils/data/dataloader.py", line 1345, in _next_data
  File "/lustre/scratch/client/movian/research/users/quanpn2/virtual/hcast/lib/python3.10/site-packages/torch/utils/data/dataloader.py", line 1371, in _process_data
  File "/lustre/scratch/client/movian/research/users/quanpn2/virtual/hcast/lib/python3.10/site-packages/torch/_utils.py", line 694, in reraise
PermissionError: Caught PermissionError in DataLoader worker process 0.
Original Traceback (most recent call last):
  File "/lustre/scratch/client/movian/research/users/quanpn2/virtual/hcast/lib/python3.10/site-packages/torch/utils/data/_utils/worker.py", line 308, in _worker_loop
  File "/lustre/scratch/client/movian/research/users/quanpn2/virtual/hcast/lib/python3.10/site-packages/torch/utils/data/_utils/fetch.py", line 49, in fetch
  File "/lustre/scratch/client/movian/research/users/quanpn2/virtual/hcast/lib/python3.10/site-packages/torch/utils/data/dataset.py", line 364, in __getitems__
  File "/lustre/scratch/client/movian/research/users/quanpn2/virtual/hcast/lib/python3.10/site-packages/torch/utils/data/dataset.py", line 364, in <listcomp>
  File "/lustre/scratch/client/movian/research/users/quanpn2/virtual/hcast/lib/python3.10/site-packages/torchvision/datasets/folder.py", line 229, in __getitem__
  File "/lustre/scratch/client/movian/research/users/quanpn2/virtual/hcast/lib/python3.10/site-packages/torchvision/datasets/folder.py", line 268, in default_loader
  File "/lustre/scratch/client/movian/research/users/quanpn2/virtual/hcast/lib/python3.10/site-packages/torchvision/datasets/folder.py", line 246, in pil_loader
PermissionError: [Errno 13] Permission denied: '/lustre/scratch/client/movian/research/users/quanpn2/public/dataset/imagenet-1k/imagenet-1k/train/stopwatch, stop watch/01095031.jpg'

[2026-01-27 10:23:33,470] torch.distributed.elastic.multiprocessing.api: [ERROR] failed (exitcode: 1) local_rank: 0 (pid: 2521659) of binary: /lustre/scratch/client/movian/research/users/quanpn2/virtual/hcast/bin/python
Traceback (most recent call last):
  File "/lustre/scratch/client/movian/research/users/quanpn2/virtual/hcast/lib/python3.10/site-packages/torch/distributed/launcher/api.py", line 255, in launch_agent
  File "/lustre/scratch/client/movian/research/users/quanpn2/virtual/hcast/lib/python3.10/site-packages/torch/distributed/elastic/metrics/api.py", line 124, in wrapper
  File "/lustre/scratch/client/movian/research/users/quanpn2/virtual/hcast/lib/python3.10/site-packages/torch/distributed/elastic/agent/server/api.py", line 739, in run
  File "/lustre/scratch/client/movian/research/users/quanpn2/virtual/hcast/lib/python3.10/site-packages/torch/distributed/elastic/agent/server/api.py", line 770, in _record_worker_events
  File "/lustre/scratch/client/movian/research/users/quanpn2/virtual/hcast/lib/python3.10/site-packages/torch/distributed/elastic/agent/server/api.py", line 811, in _construct_event
  File "/lustre/scratch/client/movian/research/users/quanpn2/virtual/hcast/lib/python3.10/site-packages/torch/distributed/elastic/agent/server/api.py", line 386, in _get_fq_hostname
  File "/lustre/scratch/client/movian/research/users/quanpn2/virtual/hcast/lib/python3.10/socket.py", line 805, in getfqdn
LookupError: unknown encoding: idna

During handling of the above exception, another exception occurred:

Traceback (most recent call last):
  File "/lustre/scratch/client/movian/research/users/quanpn2/virtual/hcast/lib/python3.10/runpy.py", line 196, in _run_module_as_main
  File "/lustre/scratch/client/movian/research/users/quanpn2/virtual/hcast/lib/python3.10/runpy.py", line 86, in _run_code
  File "/lustre/scratch/client/movian/research/users/quanpn2/virtual/hcast/lib/python3.10/site-packages/torch/distributed/launch.py", line 196, in <module>
  File "/lustre/scratch/client/movian/research/users/quanpn2/virtual/hcast/lib/python3.10/site-packages/torch/distributed/launch.py", line 192, in main
  File "/lustre/scratch/client/movian/research/users/quanpn2/virtual/hcast/lib/python3.10/site-packages/torch/distributed/launch.py", line 177, in launch
  File "/lustre/scratch/client/movian/research/users/quanpn2/virtual/hcast/lib/python3.10/site-packages/torch/distributed/run.py", line 797, in run
  File "/lustre/scratch/client/movian/research/users/quanpn2/virtual/hcast/lib/python3.10/site-packages/torch/distributed/launcher/api.py", line 134, in __call__
  File "/lustre/scratch/client/movian/research/users/quanpn2/virtual/hcast/lib/python3.10/site-packages/torch/distributed/launcher/api.py", line 280, in launch_agent
  File "/lustre/scratch/client/movian/research/users/quanpn2/virtual/hcast/lib/python3.10/site-packages/torch/distributed/elastic/agent/server/api.py", line 753, in get_event_failed
  File "/lustre/scratch/client/movian/research/users/quanpn2/virtual/hcast/lib/python3.10/site-packages/torch/distributed/elastic/agent/server/api.py", line 811, in _construct_event
  File "/lustre/scratch/client/movian/research/users/quanpn2/virtual/hcast/lib/python3.10/site-packages/torch/distributed/elastic/agent/server/api.py", line 386, in _get_fq_hostname
  File "/lustre/scratch/client/movian/research/users/quanpn2/virtual/hcast/lib/python3.10/socket.py", line 805, in getfqdn
LookupError: unknown encoding: idna
