Namespace(batch_size=256, epochs=100, bce_loss=False, unscale_lr=False, few_shot=0, model='cast_small', input_size=224, drop=0.0, drop_path=0.1, model_ema=True, model_ema_decay=0.99996, model_ema_force_cpu=False, num_superpixels=196, opt='adamw', opt_eps=1e-08, opt_betas=None, clip_grad=None, momentum=0.9, weight_decay=0.05, sched='cosine', lr=0.0006, lr_noise=None, lr_noise_pct=0.67, lr_noise_std=1.0, warmup_lr=1e-06, min_lr=1e-05, decay_epochs=30, warmup_epochs=5, cooldown_epochs=10, patience_epochs=10, decay_rate=0.1, color_jitter=0.3, aa='rand-m9-mstd0.5-inc1', smoothing=0.1, train_interpolation='bicubic', repeated_aug=True, train_mode=True, ThreeAugment=False, src=False, reprob=0.25, remode='pixel', recount=1, resplit=False, mixup=0.8, cutmix=1.0, cutmix_minmax=None, mixup_prob=1.0, mixup_switch_prob=0.5, mixup_mode='batch', teacher_model='regnety_160', teacher_path='', distillation_type='none', distillation_alpha=0.5, distillation_tau=1.0, cosub=False, finetune='best_checkpoint.pth', attn_only=False, data_path='../dataset/', data_set='INAT21-MINI-HIER-SUPERPIXEL', path_yn=False, inat_category='name', output_dir='./output/new_baseline/full/0.5ot_6e-4lr_0.05wd', device='cuda', seed=0, resume='', start_epoch=0, eval=False, eval_crop_ratio=0.875, dist_eval=False, num_workers=12, pin_mem=True, distributed=True, world_size=1, dist_url='env://', globalkl=False, ot_loss=True, learnable_ot=False, ot_weight=0.5, base_weight=0.5, globalbce=False, gk_weight=1, filename='results.csv', breeds_sort='entity13', random_seed=1, local_rank=-1, tree_path='./data/inat21_3tree.json', label_weight=[1, 2, 3])Namespace(batch_size=256, epochs=100, bce_loss=False, unscale_lr=False, few_shot=0, model='cast_small', input_size=224, drop=0.0, drop_path=0.1, model_ema=True, model_ema_decay=0.99996, model_ema_force_cpu=False, num_superpixels=196, opt='adamw', opt_eps=1e-08, opt_betas=None, clip_grad=None, momentum=0.9, weight_decay=0.05, sched='cosine', lr=0.0006, lr_noise=None, lr_noise_pct=0.67, lr_noise_std=1.0, warmup_lr=1e-06, min_lr=1e-05, decay_epochs=30, warmup_epochs=5, cooldown_epochs=10, patience_epochs=10, decay_rate=0.1, color_jitter=0.3, aa='rand-m9-mstd0.5-inc1', smoothing=0.1, train_interpolation='bicubic', repeated_aug=True, train_mode=True, ThreeAugment=False, src=False, reprob=0.25, remode='pixel', recount=1, resplit=False, mixup=0.8, cutmix=1.0, cutmix_minmax=None, mixup_prob=1.0, mixup_switch_prob=0.5, mixup_mode='batch', teacher_model='regnety_160', teacher_path='', distillation_type='none', distillation_alpha=0.5, distillation_tau=1.0, cosub=False, finetune='best_checkpoint.pth', attn_only=False, data_path='../dataset/', data_set='INAT21-MINI-HIER-SUPERPIXEL', path_yn=False, inat_category='name', output_dir='./output/new_baseline/full/0.5ot_6e-4lr_0.05wd', device='cuda', seed=0, resume='', start_epoch=0, eval=False, eval_crop_ratio=0.875, dist_eval=False, num_workers=12, pin_mem=True, distributed=True, world_size=1, dist_url='env://', globalkl=False, ot_loss=True, learnable_ot=False, ot_weight=0.5, base_weight=0.5, globalbce=False, gk_weight=1, filename='results.csv', breeds_sort='entity13', random_seed=1, local_rank=-1, tree_path='./data/inat21_3tree.json', label_weight=[1, 2, 3])

| distributed init (rank 0): env://
| distributed init (rank 1): env://
seed 0
args.nb_classes [10000, 1103, 273]
Creating model: cast_small
dict_keys(['model', 'optimizer', 'lr_scheduler', 'epoch', 'model_ema', 'scaler', 'args'])
Removing key head.weight from pretrained checkpoint
Removing key head.bias from pretrained checkpoint
number of params: 30556704
Start training for 100 epochs
Epoch: [0]  [  0/976]  eta: 4:10:04  lr: 0.000001  sp_loss: 9.2672 (9.2672)  fam_loss: 7.0901 (7.0901)  manu_loss: 5.6322 (5.6322)  ot_loss: 0.5587 (0.5587)  base_loss: 9.3895 (9.3895)  time: 15.3735  data: 7.0536  max mem: 10976
Epoch: [0]  [250/976]  eta: 0:07:23  lr: 0.000001  sp_loss: 9.2584 (9.2674)  fam_loss: 7.0011 (7.0430)  manu_loss: 5.3582 (5.5025)  ot_loss: 0.5574 (0.5580)  base_loss: 9.3249 (9.3591)  time: 0.5759  data: 0.1176  max mem: 11360
Epoch: [0]  [500/976]  eta: 0:04:40  lr: 0.000001  sp_loss: 9.2436 (9.2638)  fam_loss: 6.8650 (6.9891)  manu_loss: 4.8903 (5.3218)  ot_loss: 0.5566 (0.5574)  base_loss: 9.2084 (9.3157)  time: 0.5654  data: 0.1424  max mem: 11360
Epoch: [0]  [750/976]  eta: 0:02:09  lr: 0.000001  sp_loss: 9.2436 (9.2610)  fam_loss: 6.6769 (6.9173)  manu_loss: 4.6042 (5.1262)  ot_loss: 0.5570 (0.5572)  base_loss: 9.1011 (9.2626)  time: 0.5135  data: 0.0871  max mem: 11361
Epoch: [0]  [975/976]  eta: 0:00:00  lr: 0.000001  sp_loss: 9.2514 (9.2592)  fam_loss: 6.5380 (6.8438)  manu_loss: 4.5327 (4.9968)  ot_loss: 0.5578 (0.5572)  base_loss: 9.0472 (9.2190)  time: 0.4368  data: 0.0852  max mem: 11361
Epoch: [0] Total time: 0:09:13 (0.5671 s / it)
Averaged stats: lr: 0.000001  sp_loss: 9.2514 (9.2598)  fam_loss: 6.5380 (6.8438)  manu_loss: 4.5327 (4.9959)  ot_loss: 0.5578 (0.5572)  base_loss: 9.0472 (9.2192)
Epoch: [1]  [  0/976]  eta: 2:08:24  lr: 0.000001  sp_loss: 9.2382 (9.2382)  fam_loss: 6.5775 (6.5775)  manu_loss: 4.3041 (4.3041)  ot_loss: 0.5578 (0.5578)  base_loss: 9.0167 (9.0167)  time: 7.8935  data: 7.4425  max mem: 11361
Epoch: [1]  [250/976]  eta: 0:07:07  lr: 0.000001  sp_loss: 9.2595 (9.2519)  fam_loss: 6.3348 (6.4412)  manu_loss: 4.4484 (4.4583)  ot_loss: 0.5587 (0.5583)  base_loss: 8.9811 (9.0078)  time: 0.5148  data: 0.0918  max mem: 11361
Epoch: [1]  [500/976]  eta: 0:04:35  lr: 0.000001  sp_loss: 9.2445 (9.2501)  fam_loss: 6.2224 (6.3688)  manu_loss: 4.3493 (4.4309)  ot_loss: 0.5596 (0.5588)  base_loss: 8.9161 (8.9805)  time: 0.6149  data: 0.1879  max mem: 11361
Epoch: [1]  [750/976]  eta: 0:02:10  lr: 0.000001  sp_loss: 9.2419 (9.2489)  fam_loss: 6.1793 (6.3124)  manu_loss: 4.2956 (4.4001)  ot_loss: 0.5604 (0.5592)  base_loss: 8.8919 (8.9573)  time: 0.5363  data: 0.1210  max mem: 11361
Epoch: [1]  [975/976]  eta: 0:00:00  lr: 0.000001  sp_loss: 9.2371 (9.2479)  fam_loss: 6.0513 (6.2662)  manu_loss: 4.1739 (4.3702)  ot_loss: 0.5611 (0.5596)  base_loss: 8.8445 (8.9375)  time: 0.4203  data: 0.0812  max mem: 11361
Epoch: [1] Total time: 0:09:16 (0.5700 s / it)
Averaged stats: lr: 0.000001  sp_loss: 9.2371 (9.2478)  fam_loss: 6.0513 (6.2623)  manu_loss: 4.1739 (4.3668)  ot_loss: 0.5611 (0.5596)  base_loss: 8.8445 (8.9360)
Epoch: [2]  [  0/976]  eta: 2:05:06  lr: 0.000121  sp_loss: 9.1923 (9.1923)  fam_loss: 6.0188 (6.0188)  manu_loss: 4.1813 (4.1813)  ot_loss: 0.5612 (0.5612)  base_loss: 8.8000 (8.8000)  time: 7.6909  data: 6.8344  max mem: 11361
Epoch: [2]  [250/976]  eta: 0:06:51  lr: 0.000121  sp_loss: 9.1679 (9.2126)  fam_loss: 5.0256 (5.3736)  manu_loss: 3.4825 (3.6137)  ot_loss: 0.5772 (0.5729)  base_loss: 8.2857 (8.4687)  time: 0.4867  data: 0.0821  max mem: 11361
Epoch: [2]  [500/976]  eta: 0:04:26  lr: 0.000121  sp_loss: 8.8515 (9.1015)  fam_loss: 4.9490 (5.1056)  manu_loss: 3.3550 (3.4521)  ot_loss: 0.5971 (0.5819)  base_loss: 8.0529 (8.2860)  time: 0.5305  data: 0.1048  max mem: 11361
Epoch: [2]  [750/976]  eta: 0:02:06  lr: 0.000121  sp_loss: 8.5626 (8.9398)  fam_loss: 4.8004 (4.9665)  manu_loss: 3.3105 (3.3773)  ot_loss: 0.6193 (0.5929)  base_loss: 7.8260 (8.1334)  time: 0.5201  data: 0.0950  max mem: 11361
Epoch: [2]  [975/976]  eta: 0:00:00  lr: 0.000121  sp_loss: 8.2108 (8.7737)  fam_loss: 4.6924 (4.8585)  manu_loss: 3.2574 (3.3132)  ot_loss: 0.6415 (0.6044)  base_loss: 7.5999 (7.9926)  time: 0.4500  data: 0.0993  max mem: 11361
Epoch: [2] Total time: 0:09:02 (0.5559 s / it)
Averaged stats: lr: 0.000121  sp_loss: 8.2108 (8.7764)  fam_loss: 4.6924 (4.8593)  manu_loss: 3.2574 (3.3123)  ot_loss: 0.6415 (0.6042)  base_loss: 7.5999 (7.9942)
Epoch: [3]  [  0/976]  eta: 2:23:02  lr: 0.000241  sp_loss: 8.4392 (8.4392)  fam_loss: 4.9778 (4.9778)  manu_loss: 3.4516 (3.4516)  ot_loss: 0.6301 (0.6301)  base_loss: 7.8207 (7.8207)  time: 8.7936  data: 8.3398  max mem: 11361
Epoch: [3]  [250/976]  eta: 0:07:17  lr: 0.000241  sp_loss: 7.8212 (7.9603)  fam_loss: 4.4792 (4.5239)  manu_loss: 3.1013 (3.1440)  ot_loss: 0.6797 (0.6632)  base_loss: 7.2782 (7.3788)  time: 0.5074  data: 0.0849  max mem: 11361
Epoch: [3]  [500/976]  eta: 0:04:39  lr: 0.000241  sp_loss: 7.6878 (7.8398)  fam_loss: 4.4056 (4.5035)  manu_loss: 3.1067 (3.1447)  ot_loss: 0.6866 (0.6733)  base_loss: 7.1521 (7.2984)  time: 0.5033  data: 0.0919  max mem: 11361
Epoch: [3]  [750/976]  eta: 0:02:10  lr: 0.000241  sp_loss: 7.5858 (7.7165)  fam_loss: 4.5052 (4.4561)  manu_loss: 3.1624 (3.1204)  ot_loss: 0.6941 (0.6831)  base_loss: 7.1322 (7.2069)  time: 0.5788  data: 0.1737  max mem: 11361
Epoch: [3]  [975/976]  eta: 0:00:00  lr: 0.000241  sp_loss: 7.3457 (7.6187)  fam_loss: 4.2805 (4.4223)  manu_loss: 3.0371 (3.1016)  ot_loss: 0.7174 (0.6906)  base_loss: 6.9199 (7.1355)  time: 0.4578  data: 0.1176  max mem: 11361
Epoch: [3] Total time: 0:09:16 (0.5701 s / it)
Averaged stats: lr: 0.000241  sp_loss: 7.3457 (7.6255)  fam_loss: 4.2805 (4.4270)  manu_loss: 3.0371 (3.1049)  ot_loss: 0.7174 (0.6901)  base_loss: 6.9199 (7.1410)
Epoch: [4]  [  0/976]  eta: 2:16:24  lr: 0.000360  sp_loss: 6.6513 (6.6513)  fam_loss: 3.9959 (3.9959)  manu_loss: 2.6622 (2.6622)  ot_loss: 0.7374 (0.7374)  base_loss: 6.3833 (6.3833)  time: 8.3860  data: 7.9214  max mem: 11361
Epoch: [4]  [250/976]  eta: 0:07:19  lr: 0.000360  sp_loss: 7.1210 (7.1540)  fam_loss: 4.3754 (4.3270)  manu_loss: 3.1267 (3.0699)  ot_loss: 0.7166 (0.7229)  base_loss: 6.7968 (6.8246)  time: 0.6420  data: 0.2092  max mem: 11361
Epoch: [4]  [500/976]  eta: 0:04:43  lr: 0.000360  sp_loss: 7.3444 (7.1278)  fam_loss: 4.4831 (4.3126)  manu_loss: 3.2244 (3.0571)  ot_loss: 0.7071 (0.7256)  base_loss: 6.9602 (6.8011)  time: 0.6274  data: 0.1926  max mem: 11361
Epoch: [4]  [750/976]  eta: 0:02:13  lr: 0.000360  sp_loss: 6.9934 (7.0903)  fam_loss: 4.2638 (4.3006)  manu_loss: 3.0705 (3.0512)  ot_loss: 0.7305 (0.7283)  base_loss: 6.7019 (6.7731)  time: 0.6186  data: 0.1841  max mem: 11361
Epoch: [4]  [975/976]  eta: 0:00:00  lr: 0.000360  sp_loss: 6.5334 (7.0446)  fam_loss: 4.0076 (4.2829)  manu_loss: 2.8640 (3.0418)  ot_loss: 0.7560 (0.7312)  base_loss: 6.3114 (6.7392)  time: 0.3710  data: 0.0364  max mem: 11361
Epoch: [4] Total time: 0:09:29 (0.5838 s / it)
Averaged stats: lr: 0.000360  sp_loss: 6.5334 (7.0488)  fam_loss: 4.0076 (4.2865)  manu_loss: 2.8640 (3.0449)  ot_loss: 0.7560 (0.7308)  base_loss: 6.3114 (6.7428)
